Archive member included to satisfy reference by file (symbol)

C:/ST/STM32CubeIDE_1.11.0/STM32CubeIDE/plugins/com.st.stm32cube.ide.mcu.externaltools.gnu-tools-for-stm32.12.3.rel1.win32_1.0.200.202406191623/tools/bin/../lib/gcc/arm-none-eabi/12.3.1/../../../../arm-none-eabi/lib/thumb/v8-m.main+fp/hard\libstdc++_nano.a(del_ops.o)
                              ./Core/Src/GpioHandler.o (operator delete(void*, unsigned int))
C:/ST/STM32CubeIDE_1.11.0/STM32CubeIDE/plugins/com.st.stm32cube.ide.mcu.externaltools.gnu-tools-for-stm32.12.3.rel1.win32_1.0.200.202406191623/tools/bin/../lib/gcc/arm-none-eabi/12.3.1/../../../../arm-none-eabi/lib/thumb/v8-m.main+fp/hard\libstdc++_nano.a(del_op.o)
                              C:/ST/STM32CubeIDE_1.11.0/STM32CubeIDE/plugins/com.st.stm32cube.ide.mcu.externaltools.gnu-tools-for-stm32.12.3.rel1.win32_1.0.200.202406191623/tools/bin/../lib/gcc/arm-none-eabi/12.3.1/../../../../arm-none-eabi/lib/thumb/v8-m.main+fp/hard\libstdc++_nano.a(del_ops.o) (operator delete(void*))
C:/ST/STM32CubeIDE_1.11.0/STM32CubeIDE/plugins/com.st.stm32cube.ide.mcu.externaltools.gnu-tools-for-stm32.12.3.rel1.win32_1.0.200.202406191623/tools/bin/../lib/gcc/arm-none-eabi/12.3.1/../../../../arm-none-eabi/lib/thumb/v8-m.main+fp/hard\libc_nano.a(libc_a-assert.o)
                              ./Core/Src/uwb3000Fxx.o (__assert_func)
C:/ST/STM32CubeIDE_1.11.0/STM32CubeIDE/plugins/com.st.stm32cube.ide.mcu.externaltools.gnu-tools-for-stm32.12.3.rel1.win32_1.0.200.202406191623/tools/bin/../lib/gcc/arm-none-eabi/12.3.1/../../../../arm-none-eabi/lib/thumb/v8-m.main+fp/hard\libc_nano.a(libc_a-exit.o)
                              C:/ST/STM32CubeIDE_1.11.0/STM32CubeIDE/plugins/com.st.stm32cube.ide.mcu.externaltools.gnu-tools-for-stm32.12.3.rel1.win32_1.0.200.202406191623/tools/bin/../lib/gcc/arm-none-eabi/12.3.1/../../../../arm-none-eabi/lib/thumb/v8-m.main+fp/hard/crt0.o (exit)
C:/ST/STM32CubeIDE_1.11.0/STM32CubeIDE/plugins/com.st.stm32cube.ide.mcu.externaltools.gnu-tools-for-stm32.12.3.rel1.win32_1.0.200.202406191623/tools/bin/../lib/gcc/arm-none-eabi/12.3.1/../../../../arm-none-eabi/lib/thumb/v8-m.main+fp/hard\libc_nano.a(libc_a-malloc.o)
                              ./Core/Src/main.o (malloc)
C:/ST/STM32CubeIDE_1.11.0/STM32CubeIDE/plugins/com.st.stm32cube.ide.mcu.externaltools.gnu-tools-for-stm32.12.3.rel1.win32_1.0.200.202406191623/tools/bin/../lib/gcc/arm-none-eabi/12.3.1/../../../../arm-none-eabi/lib/thumb/v8-m.main+fp/hard\libc_nano.a(libc_a-mallocr.o)
                              C:/ST/STM32CubeIDE_1.11.0/STM32CubeIDE/plugins/com.st.stm32cube.ide.mcu.externaltools.gnu-tools-for-stm32.12.3.rel1.win32_1.0.200.202406191623/tools/bin/../lib/gcc/arm-none-eabi/12.3.1/../../../../arm-none-eabi/lib/thumb/v8-m.main+fp/hard\libc_nano.a(libc_a-malloc.o) (_malloc_r)
C:/ST/STM32CubeIDE_1.11.0/STM32CubeIDE/plugins/com.st.stm32cube.ide.mcu.externaltools.gnu-tools-for-stm32.12.3.rel1.win32_1.0.200.202406191623/tools/bin/../lib/gcc/arm-none-eabi/12.3.1/../../../../arm-none-eabi/lib/thumb/v8-m.main+fp/hard\libc_nano.a(libc_a-mlock.o)
                              C:/ST/STM32CubeIDE_1.11.0/STM32CubeIDE/plugins/com.st.stm32cube.ide.mcu.externaltools.gnu-tools-for-stm32.12.3.rel1.win32_1.0.200.202406191623/tools/bin/../lib/gcc/arm-none-eabi/12.3.1/../../../../arm-none-eabi/lib/thumb/v8-m.main+fp/hard\libc_nano.a(libc_a-mallocr.o) (__malloc_lock)
C:/ST/STM32CubeIDE_1.11.0/STM32CubeIDE/plugins/com.st.stm32cube.ide.mcu.externaltools.gnu-tools-for-stm32.12.3.rel1.win32_1.0.200.202406191623/tools/bin/../lib/gcc/arm-none-eabi/12.3.1/../../../../arm-none-eabi/lib/thumb/v8-m.main+fp/hard\libc_nano.a(libc_a-findfp.o)
                              C:/ST/STM32CubeIDE_1.11.0/STM32CubeIDE/plugins/com.st.stm32cube.ide.mcu.externaltools.gnu-tools-for-stm32.12.3.rel1.win32_1.0.200.202406191623/tools/bin/../lib/gcc/arm-none-eabi/12.3.1/../../../../arm-none-eabi/lib/thumb/v8-m.main+fp/hard\libc_nano.a(libc_a-exit.o) (__stdio_exit_handler)
C:/ST/STM32CubeIDE_1.11.0/STM32CubeIDE/plugins/com.st.stm32cube.ide.mcu.externaltools.gnu-tools-for-stm32.12.3.rel1.win32_1.0.200.202406191623/tools/bin/../lib/gcc/arm-none-eabi/12.3.1/../../../../arm-none-eabi/lib/thumb/v8-m.main+fp/hard\libc_nano.a(libc_a-fprintf.o)
                              C:/ST/STM32CubeIDE_1.11.0/STM32CubeIDE/plugins/com.st.stm32cube.ide.mcu.externaltools.gnu-tools-for-stm32.12.3.rel1.win32_1.0.200.202406191623/tools/bin/../lib/gcc/arm-none-eabi/12.3.1/../../../../arm-none-eabi/lib/thumb/v8-m.main+fp/hard\libc_nano.a(libc_a-assert.o) (fiprintf)
C:/ST/STM32CubeIDE_1.11.0/STM32CubeIDE/plugins/com.st.stm32cube.ide.mcu.externaltools.gnu-tools-for-stm32.12.3.rel1.win32_1.0.200.202406191623/tools/bin/../lib/gcc/arm-none-eabi/12.3.1/../../../../arm-none-eabi/lib/thumb/v8-m.main+fp/hard\libc_nano.a(libc_a-fwalk.o)
[...]
Memory Configuration

Name             Origin             Length             Attributes
RAM              0x20000000         0x00040000         xrw
SRAM4            0x28000000         0x00004000         xrw
FLASH            0x08000000         0x00080000         xr
*default*        0x00000000         0xffffffff

Linker script and memory map

LOAD C:/ST/STM32CubeIDE_1.11.0/STM32CubeIDE/plugins/com.st.stm32cube.ide.mcu.externaltools.gnu-tools-for-stm32.12.3.rel1.win32_1.0.200.202406191623/tools/bin/../lib/gcc/arm-none-eabi/12.3.1/thumb/v8-m.main+fp/hard/crti.o
LOAD C:/ST/STM32CubeIDE_1.11.0/STM32CubeIDE/plugins/com.st.stm32cube.ide.mcu.externaltools.gnu-tools-for-stm32.12.3.rel1.win32_1.0.200.202406191623/tools/bin/../lib/gcc/arm-none-eabi/12.3.1/thumb/v8-m.main+fp/hard/crtbegin.o
LOAD C:/ST/STM32CubeIDE_1.11.0/STM32CubeIDE/plugins/com.st.stm32cube.ide.mcu.externaltools.gnu-tools-for-stm32.12.3.rel1.win32_1.0.200.202406191623/tools/bin/../lib/gcc/arm-none-eabi/12.3.1/../../../../arm-none-eabi/lib/thumb/v8-m.main+fp/hard/crt0.o
LOAD ./Core/Src/Gpio.o
LOAD ./Core/Src/GpioHandler.o
LOAD ./Core/Src/PcbLed.o
LOAD ./Core/Src/Ws2812Color.o
LOAD ./Core/Src/bq25150.o
LOAD ./Core/Src/human_tag.o
LOAD ./Core/Src/main.o
LOAD ./Core/Src/stm32u5xx_hal_msp.o
LOAD ./Core/Src/stm32u5xx_it.o
LOAD ./Core/Src/syscalls.o
LOAD ./Core/Src/sysmem.o
LOAD ./Core/Src/system_stm32u5xx.o
LOAD ./Core/Src/uwb3000Fxx.o
LOAD ./Core/Startup/startup_stm32u535vetxq.o
LOAD ./Drivers/STM32U5xx_HAL_Driver/Src/stm32u5xx_hal.o
LOAD ./Drivers/STM32U5xx_HAL_Driver/Src/stm32u5xx_hal_cortex.o
LOAD ./Drivers/STM32U5xx_HAL_Driver/Src/stm32u5xx_hal_dma.o
LOAD ./Drivers/STM32U5xx_HAL_Driver/Src/stm32u5xx_hal_dma_ex.o
LOAD ./Drivers/STM32U5xx_HAL_Driver/Src/stm32u5xx_hal_exti.o
LOAD ./Drivers/STM32U5xx_HAL_Driver/Src/stm32u5xx_hal_flash.o
LOAD ./Drivers/STM32U5xx_HAL_Driver/Src/stm32u5xx_hal_flash_ex.o
LOAD ./Drivers/STM32U5xx_HAL_Driver/Src/stm32u5xx_hal_gpio.o
LOAD ./Drivers/STM32U5xx_HAL_Driver/Src/stm32u5xx_hal_gtzc.o
LOAD ./Drivers/STM32U5xx_HAL_Driver/Src/stm32u5xx_hal_i2c.o
LOAD ./Drivers/STM32U5xx_HAL_Driver/Src/stm32u5xx_hal_i2c_ex.o
LOAD ./Drivers/STM32U5xx_HAL_Driver/Src/stm32u5xx_hal_icache.o
LOAD ./Drivers/STM32U5xx_HAL_Driver/Src/stm32u5xx_hal_lptim.o
LOAD ./Drivers/STM32U5xx_HAL_Driver/Src/stm32u5xx_hal_pwr.o
LOAD ./Drivers/STM32U5xx_HAL_Driver/Src/stm32u5xx_hal_pwr_ex.o
LOAD ./Drivers/STM32U5xx_HAL_Driver/Src/stm32u5xx_hal_rcc.o
LOAD ./Drivers/STM32U5xx_HAL_Driver/Src/stm32u5xx_hal_rcc_ex.o
LOAD ./Drivers/STM32U5xx_HAL_Driver/Src/stm32u5xx_hal_spi.o
LOAD ./Drivers/STM32U5xx_HAL_Driver/Src/stm32u5xx_hal_spi_ex.o
LOAD ./Drivers/STM32U5xx_HAL_Driver/Src/stm32u5xx_hal_tim.o
LOAD ./Drivers/STM32U5xx_HAL_Driver/Src/stm32u5xx_hal_tim_ex.o
START GROUP
LOAD C:/ST/STM32CubeIDE_1.11.0/STM32CubeIDE/plugins/com.st.stm32cube.ide.mcu.externaltools.gnu-tools-for-stm32.12.3.rel1.win32_1.0.200.202406191623/tools/bin/../lib/gcc/arm-none-eabi/12.3.1/../../../../arm-none-eabi/lib/thumb/v8-m.main+fp/hard\libstdc++_nano.a
LOAD C:/ST/STM32CubeIDE_1.11.0/STM32CubeIDE/plugins/com.st.stm32cube.ide.mcu.externaltools.gnu-tools-for-stm32.12.3.rel1.win32_1.0.200.202406191623/tools/bin/../lib/gcc/arm-none-eabi/12.3.1/../../../../arm-none-eabi/lib/thumb/v8-m.main+fp/hard\libsupc++_nano.a
END GROUP
LOAD C:/ST/STM32CubeIDE_1.11.0/STM32CubeIDE/plugins/com.st.stm32cube.ide.mcu.externaltools.gnu-tools-for-stm32.12.3.rel1.win32_1.0.200.202406191623/tools/bin/../lib/gcc/arm-none-eabi/12.3.1/../../../../arm-none-eabi/lib/thumb/v8-m.main+fp/hard\libstdc++_nano.a
LOAD C:/ST/STM32CubeIDE_1.11.0/STM32CubeIDE/plugins/com.st.stm32cube.ide.mcu.externaltools.gnu-tools-for-stm32.12.3.rel1.win32_1.0.200.202406191623/tools/bin/../lib/gcc/arm-none-eabi/12.3.1/../../../../arm-none-eabi/lib/thumb/v8-m.main+fp/hard\libm.a
LOAD C:/ST/STM32CubeIDE_1.11.0/STM32CubeIDE/plugins/com.st.stm32cube.ide.mcu.externaltools.gnu-tools-for-stm32.12.3.rel1.win32_1.0.200.202406191623/tools/bin/../lib/gcc/arm-none-eabi/12.3.1/../../../../arm-none-eabi/lib/thumb/v8-m.main+fp/hard\libc_nano.a
START GROUP
LOAD C:/ST/STM32CubeIDE_1.11.0/STM32CubeIDE/plugins/com.st.stm32cube.ide.mcu.externaltools.gnu-tools-for-stm32.12.3.rel1.win32_1.0.200.202406191623/tools/bin/../lib/gcc/arm-none-eabi/12.3.1/thumb/v8-m.main+fp/hard\libgcc.a
LOAD C:/ST/STM32CubeIDE_1.11.0/STM32CubeIDE/plugins/com.st.stm32cube.ide.mcu.externaltools.gnu-tools-for-stm32.12.3.rel1.win32_1.0.200.202406191623/tools/bin/../lib/gcc/arm-none-eabi/12.3.1/../../../../arm-none-eabi/lib/thumb/v8-m.main+fp/hard\libc_nano.a
END GROUP
START GROUP
LOAD C:/ST/STM32CubeIDE_1.11.0/STM32CubeIDE/plugins/com.st.stm32cube.ide.mcu.externaltools.gnu-tools-for-stm32.12.3.rel1.win32_1.0.200.202406191623/tools/bin/../lib/gcc/arm-none-eabi/12.3.1/thumb/v8-m.main+fp/hard\libgcc.a
LOAD C:/ST/STM32CubeIDE_1.11.0/STM32CubeIDE/plugins/com.st.stm32cube.ide.mcu.externaltools.gnu-tools-for-stm32.12.3.rel1.win32_1.0.200.202406191623/tools/bin/../lib/gcc/arm-none-eabi/12.3.1/../../../../arm-none-eabi/lib/thumb/v8-m.main+fp/hard\libc_nano.a
LOAD C:/ST/STM32CubeIDE_1.11.0/STM32CubeIDE/plugins/com.st.stm32cube.ide.mcu.externaltools.gnu-tools-for-stm32.12.3.rel1.win32_1.0.200.202406191623/tools/bin/../lib/gcc/arm-none-eabi/12.3.1/../../../../arm-none-eabi/lib/thumb/v8-m.main+fp/hard\libnosys.a
END GROUP
START GROUP
LOAD C:/ST/STM32CubeIDE_1.11.0/STM32CubeIDE/plugins/com.st.stm32cube.ide.mcu.externaltools.gnu-tools-for-stm32.12.3.rel1.win32_1.0.200.202406191623/tools/bin/../lib/gcc/arm-none-eabi/12.3.1/thumb/v8-m.main+fp/hard\libgcc.a
LOAD C:/ST/STM32CubeIDE_1.11.0/STM32CubeIDE/plugins/com.st.stm32cube.ide.mcu.externaltools.gnu-tools-for-stm32.12.3.rel1.win32_1.0.200.202406191623/tools/bin/../lib/gcc/arm-none-eabi/12.3.1/../../../../arm-none-eabi/lib/thumb/v8-m.main+fp/hard\libc_nano.a
LOAD C:/ST/STM32CubeIDE_1.11.0/STM32CubeIDE/plugins/com.st.stm32cube.ide.mcu.externaltools.gnu-tools-for-stm32.12.3.rel1.win32_1.0.200.202406191623/tools/bin/../lib/gcc/arm-none-eabi/12.3.1/../../../../arm-none-eabi/lib/thumb/v8-m.main+fp/hard\libnosys.a
END GROUP
LOAD C:/ST/STM32CubeIDE_1.11.0/STM32CubeIDE/plugins/com.st.stm32cube.ide.mcu.externaltools.gnu-tools-for-stm32.12.3.rel1.win32_1.0.200.202406191623/tools/bin/../lib/gcc/arm-none-eabi/12.3.1/thumb/v8-m.main+fp/hard/crtend.o
LOAD C:/ST/STM32CubeIDE_1.11.0/STM32CubeIDE/plugins/com.st.stm32cube.ide.mcu.externaltools.gnu-tools-for-stm32.12.3.rel1.win32_1.0.200.202406191623/tools/bin/../lib/gcc/arm-none-eabi/12.3.1/thumb/v8-m.main+fp/hard/crtn.o
                0x20040000                        _estack = (ORIGIN (RAM) + LENGTH (RAM))
                0x00000200                        _Min_Heap_Size = 0x200
                0x00000400                        _Min_Stack_Size = 0x400

.isr_vector     0x08000000      0x238
 *(.isr_vector)
 .isr_vector    0x08000000      0x238 ./Core/Startup/startup_stm32u535vetxq.o
                0x08000000                g_pfnVectors

.text           0x08000238     0xc7a4
 *(.text)
 .text          0x08000238       0x40 C:/ST/STM32CubeIDE_1.11.0/STM32CubeIDE/plugins/com.st.stm32cube.ide.mcu.externaltools.gnu-tools-for-stm32.12.3.rel1.win32_1.0.200.202406191623/tools/bin/../lib/gcc/arm-none-eabi/12.3.1/thumb/v8-m.main+fp/hard/crtbegin.o
 *(.text*)
 .text._ZN4GpioC2EP12GPIO_TypeDeft
                0x08000278       0x28 ./Core/Src/Gpio.o
                0x08000278                Gpio::Gpio(GPIO_TypeDef*, unsigned short)
                0x08000278                Gpio::Gpio(GPIO_TypeDef*, unsigned short)
 .text._ZN4Gpio8get_portEv
                0x080002a0       0x18 ./Core/Src/Gpio.o
                0x080002a0                Gpio::get_port()
 .text._ZN4Gpio7get_pinEv
                0x080002b8       0x18 ./Core/Src/Gpio.o
                0x080002b8                Gpio::get_pin()
 .text._ZN11GpioHandlerC2Ev
                0x080002d0       0x20 ./Core/Src/GpioHandler.o
                0x080002d0                GpioHandler::GpioHandler()
                0x080002d0                GpioHandler::GpioHandler()
 .text._ZN11GpioHandlerD2Ev
                0x080002f0       0x20 ./Core/Src/GpioHandler.o
                0x080002f0                GpioHandler::~GpioHandler()
                0x080002f0                GpioHandler::~GpioHandler()
 .text._ZN11GpioHandlerD0Ev
                0x08000310       0x20 ./Core/Src/GpioHandler.o
                0x08000310                GpioHandler::~GpioHandler()
 .text._ZN11GpioHandler12switch_stateE4Gpio13GPIO_PinState
                0x08000330       0x38 ./Core/Src/GpioHandler.o
                0x08000330                GpioHandler::switch_state(Gpio, GPIO_PinState)
 .text._ZN11GpioHandler2onE4Gpio
                0x08000368       0x22 ./Core/Src/GpioHandler.o
                0x08000368                GpioHandler::on(Gpio)
 .text._ZN11GpioHandler3offE4Gpio
                0x0800038a       0x22 ./Core/Src/GpioHandler.o
                0x0800038a                GpioHandler::off(Gpio)
 .text._ZN6PcbLedC2EP17TIM_HandleTypeDefm
                0x080003ac       0x2c ./Core/Src/PcbLed.o
                0x080003ac                PcbLed::PcbLed(TIM_HandleTypeDef*, unsigned long)
                0x080003ac                PcbLed::PcbLed(TIM_HandleTypeDef*, unsigned long)
 .text._ZN6PcbLed17createPwmSequenceEP11Ws2812ColorhPt
                0x080003d8       0xae ./Core/Src/PcbLed.o
                0x080003d8                PcbLed::createPwmSequence(Ws2812Color*, unsigned char, unsigned short*)
 .text._ZN6PcbLed22set_and_send_led_colorEP11Ws2812Colorhm5Color
                0x08000486       0xa0 ./Core/Src/PcbLed.o
                0x08000486                PcbLed::set_and_send_led_color(Ws2812Color*, unsigned char, unsigned long, Color)
 *fill*         0x08000526        0x2 
 .text._ZN11Ws2812ColorC2Ev
                0x08000528       0x38 ./Core/Src/Ws2812Color.o
                0x08000528                Ws2812Color::Ws2812Color()
                0x08000528                Ws2812Color::Ws2812Color()
 .text._ZN11Ws2812ColorD2Ev
                0x08000560       0x20 ./Core/Src/Ws2812Color.o
                0x08000560                Ws2812Color::~Ws2812Color()
                0x08000560                Ws2812Color::~Ws2812Color()
 .text._ZN11Ws2812ColorD0Ev
                0x08000580       0x20 ./Core/Src/Ws2812Color.o
                0x08000580                Ws2812Color::~Ws2812Color()
 .text._ZN11Ws2812Color3offEv
                0x080005a0       0x26 ./Core/Src/Ws2812Color.o
                0x080005a0                Ws2812Color::off()
 .text._ZN11Ws2812Color14set_red_brightEh
                0x080005c6       0x1e ./Core/Src/Ws2812Color.o
                0x080005c6                Ws2812Color::set_red_bright(unsigned char)
 .text._ZN11Ws2812Color16set_green_brightEh
                0x080005e4       0x1e ./Core/Src/Ws2812Color.o
                0x080005e4                Ws2812Color::set_green_bright(unsigned char)
 .text._ZN11Ws2812Color13get_rgb_colorEv
                0x08000602       0x28 ./Core/Src/Ws2812Color.o
                0x08000602                Ws2812Color::get_rgb_color()
 .text._ZN7Bq25155C2E4GpioS0_S0_P19__I2C_HandleTypeDef
                0x0800062a       0x8a ./Core/Src/bq25150.o
                0x0800062a                Bq25155::Bq25155(Gpio, Gpio, Gpio, __I2C_HandleTypeDef*)
                0x0800062a                Bq25155::Bq25155(Gpio, Gpio, Gpio, __I2C_HandleTypeDef*)
 .text._ZN7Bq251556mr_setEv
                0x080006b4       0x22 ./Core/Src/bq25150.o
                0x080006b4                Bq25155::mr_set()
 .text._ZN7Bq251558mr_resetEv
                0x080006d6       0x22 ./Core/Src/bq25150.o
                0x080006d6                Bq25155::mr_reset()
 .text._ZN7Bq2515519manual_read_adc_batEv
                0x080006f8       0x52 ./Core/Src/bq25150.o
                0x080006f8                Bq25155::manual_read_adc_bat()
 .text._ZN7Bq2515514register_STAT0Ev
                0x0800074a       0x4a ./Core/Src/bq25150.o
                0x0800074a                Bq25155::register_STAT0()
 .text._ZN7Bq2515516register_adc_batEv
                0x08000794       0x72 ./Core/Src/bq25150.o
                0x08000794                Bq25155::register_adc_bat()
 .text._ZN7Bq251559I2C_writeEhhhP19__I2C_HandleTypeDef
                0x08000806       0x46 ./Core/Src/bq25150.o
                0x08000806                Bq25155::I2C_write(unsigned char, unsigned char, unsigned char, __I2C_HandleTypeDef*)
 .text._ZN7Bq2515519register_init_all_2Ev
                0x0800084c      0x23e ./Core/Src/bq25150.o
                0x0800084c                Bq25155::register_init_all_2()
 *fill*         0x08000a8a        0x2 
 .text.process_first_tag_information
                0x08000a8c      0x1f8 ./Core/Src/human_tag.o
                0x08000a8c                process_first_tag_information
 .text.process_second
                0x08000c84       0x90 ./Core/Src/human_tag.o
                0x08000c84                process_second
 .text.process_queried_tag_information
                0x08000d14       0xb6 ./Core/Src/human_tag.o
                0x08000d14                process_queried_tag_information
 *fill*         0x08000dca        0x2 
 .text.process_response
                0x08000dcc      0x148 ./Core/Src/human_tag.o
                0x08000dcc                process_response
 .text.start_tag_reception_inmediate
                0x08000f14       0x30 ./Core/Src/human_tag.o
                0x08000f14                start_tag_reception_inmediate
 .text.wait_rx_data
                0x08000f44       0xb8 ./Core/Src/human_tag.o
                0x08000f44                wait_rx_data
 .text._Z9Led_OnOffRK4GpioP11Ws2812ColorR6PcbLedb
                0x08000ffc       0x9c ./Core/Src/main.o
                0x08000ffc                Led_OnOff(Gpio const&, Ws2812Color*, PcbLed&, bool)
 .text._Z12sleep_in_out12dwt_config_t14dwt_txconfig_t16dwt_local_data_th
                0x08001098       0xb8 ./Core/Src/main.o
                0x08001098                sleep_in_out(dwt_config_t, dwt_txconfig_t, dwt_local_data_t, unsigned char)
 .text.main     0x08001150      0x598 ./Core/Src/main.o
                0x08001150                main
 .text._Z18SystemClock_Configv
                0x080016e8       0xe0 ./Core/Src/main.o
                0x080016e8                SystemClock_Config()
 .text._ZL13MX_FLASH_Initv
                0x080017c8       0x38 ./Core/Src/main.o
 .text._ZL14MX_GPDMA1_Initv
                0x08001800       0x40 ./Core/Src/main.o
 .text._ZL12MX_I2C1_Initv
                0x08001840       0x9c ./Core/Src/main.o
 .text._ZL14MX_LPTIM1_Initv
                0x080018dc       0x6c ./Core/Src/main.o
 .text._ZL14MX_LPTIM3_Initv
                0x08001948       0x6c ./Core/Src/main.o
 .text._ZL12MX_SPI2_Initv
                0x080019b4       0xf0 ./Core/Src/main.o
 .text._ZL12MX_TIM3_Initv
                0x08001aa4      0x120 ./Core/Src/main.o
 .text._ZL12MX_GPIO_Initv
                0x08001bc4      0x1f8 ./Core/Src/main.o
 .text.HAL_LPTIM_CompareMatchCallback
                0x08001dbc       0x1c ./Core/Src/main.o
                0x08001dbc                HAL_LPTIM_CompareMatchCallback
 .text.HAL_TIM_PWM_PulseFinishedCallback
                0x08001dd8       0x1c ./Core/Src/main.o
                0x08001dd8                HAL_TIM_PWM_PulseFinishedCallback
 .text.HAL_GPIO_EXTI_Falling_Callback
                0x08001df4       0x20 ./Core/Src/main.o
                0x08001df4                HAL_GPIO_EXTI_Falling_Callback
 .text.HAL_GPIO_EXTI_Rising_Callback
                0x08001e14       0x20 ./Core/Src/main.o
                0x08001e14                HAL_GPIO_EXTI_Rising_Callback
 .text.Error_Handler
                0x08001e34        0xc ./Core/Src/main.o
                0x08001e34                Error_Handler
 .text._ZN7Bq25155D2Ev
                0x08001e40       0x1c ./Core/Src/main.o
                0x08001e40                Bq25155::~Bq25155()
                0x08001e40                Bq25155::~Bq25155()
 .text._Z41__static_initialization_and_destruction_0ii
                0x08001e5c       0xb4 ./Core/Src/main.o
 .text._GLOBAL__sub_I_tag
                0x08001f10       0x10 ./Core/Src/main.o
 .text._GLOBAL__sub_D_tag
                0x08001f20       0x10 ./Core/Src/main.o
 .text.HAL_MspInit
                0x08001f30       0x34 ./Core/Src/stm32u5xx_hal_msp.o
                0x08001f30                HAL_MspInit
 .text.HAL_I2C_MspInit
                0x08001f64       0xd0 ./Core/Src/stm32u5xx_hal_msp.o
                0x08001f64                HAL_I2C_MspInit
 .text.HAL_LPTIM_MspInit
                0x08002034       0xec ./Core/Src/stm32u5xx_hal_msp.o
                0x08002034                HAL_LPTIM_MspInit
 .text.HAL_SPI_MspInit
                0x08002120      0x100 ./Core/Src/stm32u5xx_hal_msp.o
                0x08002120                HAL_SPI_MspInit
 .text.HAL_TIM_Base_MspInit
                0x08002220       0xd0 ./Core/Src/stm32u5xx_hal_msp.o
                0x08002220                HAL_TIM_Base_MspInit
 .text.HAL_TIM_MspPostInit
                0x080022f0       0x74 ./Core/Src/stm32u5xx_hal_msp.o
                0x080022f0                HAL_TIM_MspPostInit
 .text.NMI_Handler
                0x08002364        0x8 ./Core/Src/stm32u5xx_it.o
                0x08002364                NMI_Handler
 .text.HardFault_Handler
                0x0800236c        0x8 ./Core/Src/stm32u5xx_it.o
                0x0800236c                HardFault_Handler
 .text.MemManage_Handler
                0x08002374        0x8 ./Core/Src/stm32u5xx_it.o
                0x08002374                MemManage_Handler
 .text.BusFault_Handler
                0x0800237c        0x8 ./Core/Src/stm32u5xx_it.o
                0x0800237c                BusFault_Handler
 .text.UsageFault_Handler
                0x08002384        0x8 ./Core/Src/stm32u5xx_it.o
                0x08002384                UsageFault_Handler
 .text.SVC_Handler
                0x0800238c        0xe ./Core/Src/stm32u5xx_it.o
                0x0800238c                SVC_Handler
 .text.DebugMon_Handler
                0x0800239a        0xe ./Core/Src/stm32u5xx_it.o
                0x0800239a                DebugMon_Handler
 .text.PendSV_Handler
                0x080023a8        0xe ./Core/Src/stm32u5xx_it.o
                0x080023a8                PendSV_Handler
 .text.SysTick_Handler
                0x080023b6        0xc ./Core/Src/stm32u5xx_it.o
                0x080023b6                SysTick_Handler
 .text.EXTI1_IRQHandler
                0x080023c2        0xe ./Core/Src/stm32u5xx_it.o
                0x080023c2                EXTI1_IRQHandler
 .text.EXTI6_IRQHandler
                0x080023d0        0xe ./Core/Src/stm32u5xx_it.o
                0x080023d0                EXTI6_IRQHandler
 *fill*         0x080023de        0x2 
 .text.GPDMA1_Channel2_IRQHandler
                0x080023e0       0x14 ./Core/Src/stm32u5xx_it.o
                0x080023e0                GPDMA1_Channel2_IRQHandler
 .text.LPTIM1_IRQHandler
                0x080023f4       0x14 ./Core/Src/stm32u5xx_it.o
                0x080023f4                LPTIM1_IRQHandler
 .text.LPTIM3_IRQHandler
                0x08002408       0x14 ./Core/Src/stm32u5xx_it.o
                0x08002408                LPTIM3_IRQHandler
 .text._getpid  0x0800241c       0x10 ./Core/Src/syscalls.o
                0x0800241c                _getpid
 .text._kill    0x0800242c       0x20 ./Core/Src/syscalls.o
                0x0800242c                _kill
 .text._exit    0x0800244c       0x16 ./Core/Src/syscalls.o
                0x0800244c                _exit
 .text._read    0x08002462       0x3a ./Core/Src/syscalls.o
                0x08002462                _read
 .text._write   0x0800249c       0x38 ./Core/Src/syscalls.o
                0x0800249c                _write
 .text._close   0x080024d4       0x18 ./Core/Src/syscalls.o
                0x080024d4                _close
 .text._fstat   0x080024ec       0x20 ./Core/Src/syscalls.o
                0x080024ec                _fstat
 .text._isatty  0x0800250c       0x16 ./Core/Src/syscalls.o
                0x0800250c                _isatty
 .text._lseek   0x08002522       0x1a ./Core/Src/syscalls.o
                0x08002522                _lseek
 .text._sbrk    0x0800253c       0x6c ./Core/Src/sysmem.o
                0x0800253c                _sbrk
 .text.SystemInit
                0x080025a8       0x70 ./Core/Src/system_stm32u5xx.o
                0x080025a8                SystemInit
 .text.dwt_local_data_init
                0x08002618      0x180 ./Core/Src/uwb3000Fxx.o
                0x08002618                dwt_local_data_init
 .text.tag_init
                0x08002798       0xfa ./Core/Src/uwb3000Fxx.o
                0x08002798                tag_init
 *fill*         0x08002892        0x2 
 .text.dwt_config2
                0x08002894      0x474 ./Core/Src/uwb3000Fxx.o
                0x08002894                dwt_config2
 .text.dwt_otp_read
                0x08002d08       0x50 ./Core/Src/uwb3000Fxx.o
                0x08002d08                dwt_otp_read
 .text.dwt_xfer3000
                0x08002d58      0x230 ./Core/Src/uwb3000Fxx.o
                0x08002d58                dwt_xfer3000
 .text.dwt_writetodevice
                0x08002f88       0x2c ./Core/Src/uwb3000Fxx.o
                0x08002f88                dwt_writetodevice
 .text.dwt_readfromdevice
                0x08002fb4       0x2a ./Core/Src/uwb3000Fxx.o
                0x08002fb4                dwt_readfromdevice
 .text.dwt_read32bitoffsetreg
                0x08002fde       0x4c ./Core/Src/uwb3000Fxx.o
                0x08002fde                dwt_read32bitoffsetreg
 .text.dwt_read16bitoffsetreg
                0x0800302a       0x34 ./Core/Src/uwb3000Fxx.o
                0x0800302a                dwt_read16bitoffsetreg
 .text.dwt_read8bitoffsetreg
                0x0800305e       0x24 ./Core/Src/uwb3000Fxx.o
                0x0800305e                dwt_read8bitoffsetreg
 .text.dwt_write32bitoffsetreg
                0x08003082       0x4c ./Core/Src/uwb3000Fxx.o
                0x08003082                dwt_write32bitoffsetreg
 .text.dwt_write16bitoffsetreg
                0x080030ce       0x36 ./Core/Src/uwb3000Fxx.o
                0x080030ce                dwt_write16bitoffsetreg
 .text.dwt_write8bitoffsetreg
                0x08003104       0x24 ./Core/Src/uwb3000Fxx.o
                0x08003104                dwt_write8bitoffsetreg
 .text.dwt_modify32bitoffsetreg
                0x08003128       0x68 ./Core/Src/uwb3000Fxx.o
                0x08003128                dwt_modify32bitoffsetreg
 .text.dwt_modify16bitoffsetreg
                0x08003190       0x56 ./Core/Src/uwb3000Fxx.o
                0x08003190                dwt_modify16bitoffsetreg
 .text.dwt_modify8bitoffsetreg
                0x080031e6       0x3e ./Core/Src/uwb3000Fxx.o
                0x080031e6                dwt_modify8bitoffsetreg
 .text.dwt_generatecrc8
                0x08003224       0x4c ./Core/Src/uwb3000Fxx.o
                0x08003224                dwt_generatecrc8
 .text._dwt_kick_dgc_on_wakeup
                0x08003270       0x48 ./Core/Src/uwb3000Fxx.o
                0x08003270                _dwt_kick_dgc_on_wakeup
 .text.dwt_setdwstate
                0x080032b8       0x90 ./Core/Src/uwb3000Fxx.o
                0x080032b8                dwt_setdwstate
 .text.dwt_setfinegraintxseq
                0x08003348       0x38 ./Core/Src/uwb3000Fxx.o
                0x08003348                dwt_setfinegraintxseq
 .text.dwt_setlnapamode
                0x08003380       0x6c ./Core/Src/uwb3000Fxx.o
                0x08003380                dwt_setlnapamode
 .text.dwt_readdevid
                0x080033ec       0x12 ./Core/Src/uwb3000Fxx.o
                0x080033ec                dwt_readdevid
 *fill*         0x080033fe        0x2 
 .text.dwt_configuretxrf
                0x08003400       0x6c ./Core/Src/uwb3000Fxx.o
                0x08003400                dwt_configuretxrf
 .text.get_sts_mnth
                0x0800346c       0x66 ./Core/Src/uwb3000Fxx.o
                0x0800346c                get_sts_mnth
 *fill*         0x080034d2        0x2 
 .text.dwt_configmrxlut
                0x080034d4      0x110 ./Core/Src/uwb3000Fxx.o
                0x080034d4                dwt_configmrxlut
 .text.dwt_pgf_cal
                0x080035e4       0x50 ./Core/Src/uwb3000Fxx.o
                0x080035e4                dwt_pgf_cal
 .text.dwt_run_pgfcal
                0x08003634       0xd8 ./Core/Src/uwb3000Fxx.o
                0x08003634                dwt_run_pgfcal
 .text.dwt_setrxantennadelay
                0x0800370c       0x20 ./Core/Src/uwb3000Fxx.o
                0x0800370c                dwt_setrxantennadelay
 .text.dwt_settxantennadelay
                0x0800372c       0x24 ./Core/Src/uwb3000Fxx.o
                0x0800372c                dwt_settxantennadelay
 .text.dwt_writetxdata
                0x08003750       0x7c ./Core/Src/uwb3000Fxx.o
                0x08003750                dwt_writetxdata
 .text.dwt_writetxfctrl
                0x080037cc       0x70 ./Core/Src/uwb3000Fxx.o
                0x080037cc                dwt_writetxfctrl
 .text.dwt_setplenfine
                0x0800383c       0x1e ./Core/Src/uwb3000Fxx.o
                0x0800383c                dwt_setplenfine
 *fill*         0x0800385a        0x2 
 .text.dwt_readrxdata
                0x0800385c       0x84 ./Core/Src/uwb3000Fxx.o
                0x0800385c                dwt_readrxdata
 .text.dwt_readrxtimestamp
                0x080038e0       0x54 ./Core/Src/uwb3000Fxx.o
                0x080038e0                dwt_readrxtimestamp
 .text.dwt_aon_write
                0x08003934       0x68 ./Core/Src/uwb3000Fxx.o
                0x08003934                dwt_aon_write
 .text._dwt_otpread
                0x0800399c       0x50 ./Core/Src/uwb3000Fxx.o
                0x0800399c                _dwt_otpread
 .text.dwt_configuresleepcnt
                0x080039ec       0x32 ./Core/Src/uwb3000Fxx.o
                0x080039ec                dwt_configuresleepcnt
 *fill*         0x08003a1e        0x2 
 .text.dwt_configuresleep
                0x08003a20       0x50 ./Core/Src/uwb3000Fxx.o
                0x08003a20                dwt_configuresleep
 .text.dwt_check_dev_id
                0x08003a70       0x34 ./Core/Src/uwb3000Fxx.o
                0x08003a70                dwt_check_dev_id
 .text.dwt_setrxaftertxdelay
                0x08003aa4       0x3c ./Core/Src/uwb3000Fxx.o
                0x08003aa4                dwt_setrxaftertxdelay
 .text.dwt_checkidlerc
                0x08003ae0       0x30 ./Core/Src/uwb3000Fxx.o
                0x08003ae0                dwt_checkidlerc
 .text.dwt_setleds
                0x08003b10       0xa4 ./Core/Src/uwb3000Fxx.o
                0x08003b10                dwt_setleds
 .text.dwt_force_clocks
                0x08003bb4       0x50 ./Core/Src/uwb3000Fxx.o
                0x08003bb4                dwt_force_clocks
 .text.dwt_setdelayedtrxtime
                0x08003c04       0x1a ./Core/Src/uwb3000Fxx.o
                0x08003c04                dwt_setdelayedtrxtime
 *fill*         0x08003c1e        0x2 
 .text.dwt_starttx
                0x08003c20      0x1a8 ./Core/Src/uwb3000Fxx.o
                0x08003c20                dwt_starttx
 .text.dwt_rxenable
                0x08003dc8       0xf8 ./Core/Src/uwb3000Fxx.o
                0x08003dc8                dwt_rxenable
 .text.dwt_setrxtimeout
                0x08003ec0       0x40 ./Core/Src/uwb3000Fxx.o
                0x08003ec0                dwt_setrxtimeout
 .text.dwt_setpreambledetecttimeout
                0x08003f00       0x24 ./Core/Src/uwb3000Fxx.o
                0x08003f00                dwt_setpreambledetecttimeout
 .text.dwt_disable_rf_tx
                0x08003f24       0x44 ./Core/Src/uwb3000Fxx.o
 .text.dwt_enable_rf_tx
                0x08003f68       0x80 ./Core/Src/uwb3000Fxx.o
 .text.dwt_enable_rftx_blocks
                0x08003fe8       0x48 ./Core/Src/uwb3000Fxx.o
 .text.dwt_disable_rftx_blocks
                0x08004030       0x18 ./Core/Src/uwb3000Fxx.o
 .text.dwt_calcbandwidthadj
                0x08004048       0x8c ./Core/Src/uwb3000Fxx.o
                0x08004048                dwt_calcbandwidthadj
 .text.write    0x080040d4       0xc8 ./Core/Src/uwb3000Fxx.o
                0x080040d4                write
 .text.read     0x0800419c       0x70 ./Core/Src/uwb3000Fxx.o
                0x0800419c                read
 .text.get_rx_timestamp_u64
                0x0800420c       0x82 ./Core/Src/uwb3000Fxx.o
                0x0800420c                get_rx_timestamp_u64
 .text.deca_usleep
                0x0800428e       0x38 ./Core/Src/uwb3000Fxx.o
                0x0800428e                deca_usleep
 *fill*         0x080042c6        0x2 
 .text.Reset_Handler
                0x080042c8       0x50 ./Core/Startup/startup_stm32u535vetxq.o
                0x080042c8                Reset_Handler
 .text.Default_Handler
                0x08004318        0x2 ./Core/Startup/startup_stm32u535vetxq.o
                0x08004318                EXTI2_IRQHandler
                0x08004318                TIM8_TRG_COM_IRQHandler
                0x08004318                TIM8_CC_IRQHandler
                0x08004318                EXTI5_IRQHandler
                0x08004318                FLASH_S_IRQHandler
                0x08004318                EXTI13_IRQHandler
                0x08004318                TIM1_CC_IRQHandler
                0x08004318                TSC_IRQHandler
                0x08004318                TAMP_IRQHandler
                0x08004318                TIM6_IRQHandler
                0x08004318                EXTI12_IRQHandler
                0x08004318                CORDIC_IRQHandler
                0x08004318                EXTI3_IRQHandler
                0x08004318                LPTIM4_IRQHandler
                0x08004318                GPDMA1_Channel5_IRQHandler
                0x08004318                EXTI8_IRQHandler
                0x08004318                LPTIM2_IRQHandler
                0x08004318                I2C3_ER_IRQHandler
                0x08004318                PWR_S3WU_IRQHandler
                0x08004318                LPDMA1_Channel3_IRQHandler
                0x08004318                EXTI0_IRQHandler
                0x08004318                I2C2_EV_IRQHandler
                0x08004318                FPU_IRQHandler
                0x08004318                GPDMA1_Channel3_IRQHandler
                0x08004318                GPDMA1_Channel7_IRQHandler
                0x08004318                FDCAN1_IT1_IRQHandler
                0x08004318                RAMCFG_IRQHandler
                0x08004318                GPDMA1_Channel9_IRQHandler
                0x08004318                DCACHE1_IRQHandler
                0x08004318                SPI1_IRQHandler
                0x08004318                OCTOSPI1_IRQHandler
                0x08004318                TIM8_UP_IRQHandler
                0x08004318                RCC_S_IRQHandler
                0x08004318                MDF1_FLT1_IRQHandler
                0x08004318                ADC1_IRQHandler
                0x08004318                EXTI15_IRQHandler
                0x08004318                TIM17_IRQHandler
                0x08004318                USART3_IRQHandler
                0x08004318                RTC_IRQHandler
                0x08004318                EXTI9_IRQHandler
                0x08004318                UART5_IRQHandler
                0x08004318                TIM4_IRQHandler
                0x08004318                I2C1_EV_IRQHandler
                0x08004318                GPDMA1_Channel12_IRQHandler
                0x08004318                GPDMA1_Channel1_IRQHandler
                0x08004318                TIM16_IRQHandler
                0x08004318                GPDMA1_Channel15_IRQHandler
                0x08004318                UART4_IRQHandler
                0x08004318                SecureFault_Handler
                0x08004318                TIM3_IRQHandler
                0x08004318                RCC_IRQHandler
                0x08004318                TIM1_TRG_COM_IRQHandler
                0x08004318                Default_Handler
                0x08004318                GPDMA1_Channel8_IRQHandler
                0x08004318                FMAC_IRQHandler
                0x08004318                GPDMA1_Channel11_IRQHandler
                0x08004318                TIM7_IRQHandler
                0x08004318                SDMMC1_IRQHandler
                0x08004318                TIM5_IRQHandler
                0x08004318                GPDMA1_Channel0_IRQHandler
                0x08004318                TIM15_IRQHandler
                0x08004318                I2C3_EV_IRQHandler
                0x08004318                USB_IRQHandler
                0x08004318                LPDMA1_Channel0_IRQHandler
                0x08004318                PVD_PVM_IRQHandler
                0x08004318                SPI2_IRQHandler
                0x08004318                LPDMA1_Channel1_IRQHandler
                0x08004318                EXTI14_IRQHandler
                0x08004318                EXTI11_IRQHandler
                0x08004318                CRS_IRQHandler
                0x08004318                GPDMA1_Channel14_IRQHandler
                0x08004318                LSECSSD_IRQHandler
                0x08004318                EXTI4_IRQHandler
                0x08004318                RTC_S_IRQHandler
                0x08004318                GPDMA1_Channel13_IRQHandler
                0x08004318                RNG_IRQHandler
                0x08004318                COMP_IRQHandler
                0x08004318                TIM1_UP_IRQHandler
                0x08004318                ADC4_IRQHandler
                0x08004318                WWDG_IRQHandler
                0x08004318                I2C4_EV_IRQHandler
                0x08004318                ADF1_IRQHandler
                0x08004318                IWDG_IRQHandler
                0x08004318                LPUART1_IRQHandler
                0x08004318                MDF1_FLT0_IRQHandler
                0x08004318                FDCAN1_IT0_IRQHandler
                0x08004318                TIM2_IRQHandler
                0x08004318                GPDMA1_Channel4_IRQHandler
                0x08004318                EXTI7_IRQHandler
                0x08004318                TIM1_BRK_IRQHandler
                0x08004318                DAC1_IRQHandler
                0x08004318                GTZC_IRQHandler
                0x08004318                GPDMA1_Channel6_IRQHandler
                0x08004318                I2C2_ER_IRQHandler
                0x08004318                TIM8_BRK_IRQHandler
                0x08004318                FLASH_IRQHandler
                0x08004318                USART1_IRQHandler
                0x08004318                EXTI10_IRQHandler
                0x08004318                SPI3_IRQHandler
                0x08004318                LPDMA1_Channel2_IRQHandler
                0x08004318                I2C1_ER_IRQHandler
                0x08004318                DCMI_PSSI_IRQHandler
                0x08004318                I2C4_ER_IRQHandler
                0x08004318                GPDMA1_Channel10_IRQHandler
                0x08004318                ICACHE_IRQHandler
                0x08004318                SAI1_IRQHandler
                0x08004318                HASH_IRQHandler
 *fill*         0x0800431a        0x2 
 .text.HAL_Init
                0x0800431c       0x60 ./Drivers/STM32U5xx_HAL_Driver/Src/stm32u5xx_hal.o
                0x0800431c                HAL_Init
 .text.HAL_DeInit
                0x0800437c       0x80 ./Drivers/STM32U5xx_HAL_Driver/Src/stm32u5xx_hal.o
                0x0800437c                HAL_DeInit
 .text.HAL_MspDeInit
                0x080043fc        0xe ./Drivers/STM32U5xx_HAL_Driver/Src/stm32u5xx_hal.o
                0x080043fc                HAL_MspDeInit
 *fill*         0x0800440a        0x2 
 .text.HAL_InitTick
                0x0800440c       0xec ./Drivers/STM32U5xx_HAL_Driver/Src/stm32u5xx_hal.o
                0x0800440c                HAL_InitTick
 .text.HAL_IncTick
                0x080044f8       0x28 ./Drivers/STM32U5xx_HAL_Driver/Src/stm32u5xx_hal.o
                0x080044f8                HAL_IncTick
 .text.HAL_GetTick
                0x08004520       0x18 ./Drivers/STM32U5xx_HAL_Driver/Src/stm32u5xx_hal.o
                0x08004520                HAL_GetTick
 .text.HAL_Delay
                0x08004538       0x48 ./Drivers/STM32U5xx_HAL_Driver/Src/stm32u5xx_hal.o
                0x08004538                HAL_Delay
 .text.HAL_SuspendTick
                0x08004580       0x20 ./Drivers/STM32U5xx_HAL_Driver/Src/stm32u5xx_hal.o
                0x08004580                HAL_SuspendTick
 .text.HAL_ResumeTick
                0x080045a0       0x20 ./Drivers/STM32U5xx_HAL_Driver/Src/stm32u5xx_hal.o
                0x080045a0                HAL_ResumeTick
 .text.__NVIC_SetPriorityGrouping
                0x080045c0       0x48 ./Drivers/STM32U5xx_HAL_Driver/Src/stm32u5xx_hal_cortex.o
 .text.__NVIC_GetPriorityGrouping
                0x08004608       0x1c ./Drivers/STM32U5xx_HAL_Driver/Src/stm32u5xx_hal_cortex.o
 .text.__NVIC_EnableIRQ
                0x08004624       0x3c ./Drivers/STM32U5xx_HAL_Driver/Src/stm32u5xx_hal_cortex.o
 .text.__NVIC_SetPriority
                0x08004660       0x54 ./Drivers/STM32U5xx_HAL_Driver/Src/stm32u5xx_hal_cortex.o
 .text.NVIC_EncodePriority
                0x080046b4       0x66 ./Drivers/STM32U5xx_HAL_Driver/Src/stm32u5xx_hal_cortex.o
 .text.HAL_NVIC_SetPriorityGrouping
                0x0800471a       0x16 ./Drivers/STM32U5xx_HAL_Driver/Src/stm32u5xx_hal_cortex.o
                0x0800471a                HAL_NVIC_SetPriorityGrouping
 .text.HAL_NVIC_SetPriority
                0x08004730       0x34 ./Drivers/STM32U5xx_HAL_Driver/Src/stm32u5xx_hal_cortex.o
                0x08004730                HAL_NVIC_SetPriority
 .text.HAL_NVIC_EnableIRQ
                0x08004764       0x1c ./Drivers/STM32U5xx_HAL_Driver/Src/stm32u5xx_hal_cortex.o
                0x08004764                HAL_NVIC_EnableIRQ
 .text.HAL_SYSTICK_Config
                0x08004780       0x44 ./Drivers/STM32U5xx_HAL_Driver/Src/stm32u5xx_hal_cortex.o
                0x08004780                HAL_SYSTICK_Config
 .text.HAL_SYSTICK_CLKSourceConfig
                0x080047c4       0xb0 ./Drivers/STM32U5xx_HAL_Driver/Src/stm32u5xx_hal_cortex.o
                0x080047c4                HAL_SYSTICK_CLKSourceConfig
 .text.HAL_SYSTICK_GetCLKSourceConfig
                0x08004874       0x74 ./Drivers/STM32U5xx_HAL_Driver/Src/stm32u5xx_hal_cortex.o
                0x08004874                HAL_SYSTICK_GetCLKSourceConfig
 .text.HAL_DMA_Init
                0x080048e8      0x258 ./Drivers/STM32U5xx_HAL_Driver/Src/stm32u5xx_hal_dma.o
                0x080048e8                HAL_DMA_Init
 .text.HAL_DMA_Start_IT
                0x08004b40       0xc0 ./Drivers/STM32U5xx_HAL_Driver/Src/stm32u5xx_hal_dma.o
                0x08004b40                HAL_DMA_Start_IT
 .text.HAL_DMA_Abort_IT
                0x08004c00       0x52 ./Drivers/STM32U5xx_HAL_Driver/Src/stm32u5xx_hal_dma.o
                0x08004c00                HAL_DMA_Abort_IT
 .text.HAL_DMA_IRQHandler
                0x08004c52      0x2c2 ./Drivers/STM32U5xx_HAL_Driver/Src/stm32u5xx_hal_dma.o
                0x08004c52                HAL_DMA_IRQHandler
 .text.HAL_DMA_ConfigChannelAttributes
                0x08004f14       0x78 ./Drivers/STM32U5xx_HAL_Driver/Src/stm32u5xx_hal_dma.o
                0x08004f14                HAL_DMA_ConfigChannelAttributes
 .text.DMA_SetConfig
                0x08004f8c       0x4a ./Drivers/STM32U5xx_HAL_Driver/Src/stm32u5xx_hal_dma.o
 *fill*         0x08004fd6        0x2 
 .text.DMA_Init
                0x08004fd8      0x500 ./Drivers/STM32U5xx_HAL_Driver/Src/stm32u5xx_hal_dma.o
 .text.HAL_DMAEx_List_Start_IT
                0x080054d8      0x128 ./Drivers/STM32U5xx_HAL_Driver/Src/stm32u5xx_hal_dma_ex.o
                0x080054d8                HAL_DMAEx_List_Start_IT
 .text.DMA_List_GetCLLRNodeInfo
                0x08005600       0x60 ./Drivers/STM32U5xx_HAL_Driver/Src/stm32u5xx_hal_dma_ex.o
 .text.HAL_FLASH_Unlock
                0x08005660       0x44 ./Drivers/STM32U5xx_HAL_Driver/Src/stm32u5xx_hal_flash.o
                0x08005660                HAL_FLASH_Unlock
 .text.HAL_FLASH_Lock
                0x080056a4       0x34 ./Drivers/STM32U5xx_HAL_Driver/Src/stm32u5xx_hal_flash.o
                0x080056a4                HAL_FLASH_Lock
 .text.HAL_GPIO_Init
                0x080056d8      0x3b0 ./Drivers/STM32U5xx_HAL_Driver/Src/stm32u5xx_hal_gpio.o
                0x080056d8                HAL_GPIO_Init
 .text.HAL_GPIO_WritePin
                0x08005a88       0x30 ./Drivers/STM32U5xx_HAL_Driver/Src/stm32u5xx_hal_gpio.o
                0x08005a88                HAL_GPIO_WritePin
 .text.HAL_GPIO_EXTI_IRQHandler
                0x08005ab8       0x4c ./Drivers/STM32U5xx_HAL_Driver/Src/stm32u5xx_hal_gpio.o
                0x08005ab8                HAL_GPIO_EXTI_IRQHandler
 .text.HAL_I2C_Init
                0x08005b04      0x136 ./Drivers/STM32U5xx_HAL_Driver/Src/stm32u5xx_hal_i2c.o
                0x08005b04                HAL_I2C_Init
 *fill*         0x08005c3a        0x2 
 .text.HAL_I2C_Master_Transmit
                0x08005c3c      0x1e8 ./Drivers/STM32U5xx_HAL_Driver/Src/stm32u5xx_hal_i2c.o
                0x08005c3c                HAL_I2C_Master_Transmit
 .text.HAL_I2C_Mem_Read
                0x08005e24      0x234 ./Drivers/STM32U5xx_HAL_Driver/Src/stm32u5xx_hal_i2c.o
                0x08005e24                HAL_I2C_Mem_Read
 .text.I2C_RequestMemoryRead
                0x08006058       0xa8 ./Drivers/STM32U5xx_HAL_Driver/Src/stm32u5xx_hal_i2c.o
 .text.I2C_Flush_TXDR
                0x08006100       0x48 ./Drivers/STM32U5xx_HAL_Driver/Src/stm32u5xx_hal_i2c.o
 .text.I2C_WaitOnFlagUntilTimeout
                0x08006148       0xb2 ./Drivers/STM32U5xx_HAL_Driver/Src/stm32u5xx_hal_i2c.o
 .text.I2C_WaitOnTXISFlagUntilTimeout
                0x080061fa       0x8e ./Drivers/STM32U5xx_HAL_Driver/Src/stm32u5xx_hal_i2c.o
 .text.I2C_WaitOnSTOPFlagUntilTimeout
                0x08006288       0x86 ./Drivers/STM32U5xx_HAL_Driver/Src/stm32u5xx_hal_i2c.o
 *fill*         0x0800630e        0x2 
 .text.I2C_IsErrorOccurred
                0x08006310      0x1c0 ./Drivers/STM32U5xx_HAL_Driver/Src/stm32u5xx_hal_i2c.o
 .text.I2C_TransferConfig
                0x080064d0       0x64 ./Drivers/STM32U5xx_HAL_Driver/Src/stm32u5xx_hal_i2c.o
 .text.HAL_I2CEx_ConfigAnalogFilter
                0x08006534       0x96 ./Drivers/STM32U5xx_HAL_Driver/Src/stm32u5xx_hal_i2c_ex.o
                0x08006534                HAL_I2CEx_ConfigAnalogFilter
 .text.HAL_I2CEx_ConfigDigitalFilter
                0x080065ca       0x98 ./Drivers/STM32U5xx_HAL_Driver/Src/stm32u5xx_hal_i2c_ex.o
                0x080065ca                HAL_I2CEx_ConfigDigitalFilter
 *fill*         0x08006662        0x2 
 .text.HAL_LPTIM_Init
                0x08006664      0x200 ./Drivers/STM32U5xx_HAL_Driver/Src/stm32u5xx_hal_lptim.o
                0x08006664                HAL_LPTIM_Init
 .text.HAL_LPTIM_TimeOut_Start_IT
                0x08006864       0xa4 ./Drivers/STM32U5xx_HAL_Driver/Src/stm32u5xx_hal_lptim.o
                0x08006864                HAL_LPTIM_TimeOut_Start_IT
 .text.HAL_LPTIM_Counter_Stop_IT
                0x08006908       0xb8 ./Drivers/STM32U5xx_HAL_Driver/Src/stm32u5xx_hal_lptim.o
                0x08006908                HAL_LPTIM_Counter_Stop_IT
 .text.HAL_LPTIM_IRQHandler
                0x080069c0      0x2cc ./Drivers/STM32U5xx_HAL_Driver/Src/stm32u5xx_hal_lptim.o
                0x080069c0                HAL_LPTIM_IRQHandler
 .text.HAL_LPTIM_AutoReloadMatchCallback
                0x08006c8c       0x14 ./Drivers/STM32U5xx_HAL_Driver/Src/stm32u5xx_hal_lptim.o
                0x08006c8c                HAL_LPTIM_AutoReloadMatchCallback
 .text.HAL_LPTIM_TriggerCallback
                0x08006ca0       0x14 ./Drivers/STM32U5xx_HAL_Driver/Src/stm32u5xx_hal_lptim.o
                0x08006ca0                HAL_LPTIM_TriggerCallback
 .text.HAL_LPTIM_CompareWriteCallback
                0x08006cb4       0x14 ./Drivers/STM32U5xx_HAL_Driver/Src/stm32u5xx_hal_lptim.o
                0x08006cb4                HAL_LPTIM_CompareWriteCallback
 .text.HAL_LPTIM_AutoReloadWriteCallback
                0x08006cc8       0x14 ./Drivers/STM32U5xx_HAL_Driver/Src/stm32u5xx_hal_lptim.o
                0x08006cc8                HAL_LPTIM_AutoReloadWriteCallback
 .text.HAL_LPTIM_DirectionUpCallback
                0x08006cdc       0x14 ./Drivers/STM32U5xx_HAL_Driver/Src/stm32u5xx_hal_lptim.o
                0x08006cdc                HAL_LPTIM_DirectionUpCallback
 .text.HAL_LPTIM_DirectionDownCallback
                0x08006cf0       0x14 ./Drivers/STM32U5xx_HAL_Driver/Src/stm32u5xx_hal_lptim.o
                0x08006cf0                HAL_LPTIM_DirectionDownCallback
 .text.HAL_LPTIM_UpdateEventCallback
                0x08006d04       0x14 ./Drivers/STM32U5xx_HAL_Driver/Src/stm32u5xx_hal_lptim.o
                0x08006d04                HAL_LPTIM_UpdateEventCallback
 .text.HAL_LPTIM_RepCounterWriteCallback
                0x08006d18       0x14 ./Drivers/STM32U5xx_HAL_Driver/Src/stm32u5xx_hal_lptim.o
                0x08006d18                HAL_LPTIM_RepCounterWriteCallback
 .text.HAL_LPTIM_IC_CaptureCallback
                0x08006d2c       0x14 ./Drivers/STM32U5xx_HAL_Driver/Src/stm32u5xx_hal_lptim.o
                0x08006d2c                HAL_LPTIM_IC_CaptureCallback
 .text.HAL_LPTIM_IC_OverCaptureCallback
                0x08006d40       0x14 ./Drivers/STM32U5xx_HAL_Driver/Src/stm32u5xx_hal_lptim.o
                0x08006d40                HAL_LPTIM_IC_OverCaptureCallback
 .text.LPTIM_WaitForFlag
                0x08006d54       0x60 ./Drivers/STM32U5xx_HAL_Driver/Src/stm32u5xx_hal_lptim.o
 .text.HAL_PWR_DisablePVD
                0x08006db4       0x20 ./Drivers/STM32U5xx_HAL_Driver/Src/stm32u5xx_hal_pwr.o
                0x08006db4                HAL_PWR_DisablePVD
 .text.HAL_PWR_DisableWakeUpPin
                0x08006dd4       0x28 ./Drivers/STM32U5xx_HAL_Driver/Src/stm32u5xx_hal_pwr.o
                0x08006dd4                HAL_PWR_DisableWakeUpPin
 .text.HAL_PWR_EnterSTOPMode
                0x08006dfc       0x5c ./Drivers/STM32U5xx_HAL_Driver/Src/stm32u5xx_hal_pwr.o
                0x08006dfc                HAL_PWR_EnterSTOPMode
 .text.HAL_PWREx_ControlVoltageScaling
                0x08006e58       0xfc ./Drivers/STM32U5xx_HAL_Driver/Src/stm32u5xx_hal_pwr_ex.o
                0x08006e58                HAL_PWREx_ControlVoltageScaling
 .text.HAL_PWREx_GetVoltageRange
                0x08006f54       0x1c ./Drivers/STM32U5xx_HAL_Driver/Src/stm32u5xx_hal_pwr_ex.o
                0x08006f54                HAL_PWREx_GetVoltageRange
 .text.HAL_RCC_DeInit
                0x08006f70      0x1f0 ./Drivers/STM32U5xx_HAL_Driver/Src/stm32u5xx_hal_rcc.o
                0x08006f70                HAL_RCC_DeInit
 .text.HAL_RCC_OscConfig
                0x08007160      0xdb8 ./Drivers/STM32U5xx_HAL_Driver/Src/stm32u5xx_hal_rcc.o
                0x08007160                HAL_RCC_OscConfig
 .text.HAL_RCC_ClockConfig
                0x08007f18      0x3e4 ./Drivers/STM32U5xx_HAL_Driver/Src/stm32u5xx_hal_rcc.o
                0x08007f18                HAL_RCC_ClockConfig
 .text.HAL_RCC_GetSysClockFreq
                0x080082fc      0x204 ./Drivers/STM32U5xx_HAL_Driver/Src/stm32u5xx_hal_rcc.o
                0x080082fc                HAL_RCC_GetSysClockFreq
 .text.HAL_RCC_GetHCLKFreq
                0x08008500       0x34 ./Drivers/STM32U5xx_HAL_Driver/Src/stm32u5xx_hal_rcc.o
                0x08008500                HAL_RCC_GetHCLKFreq
 .text.RCC_SetFlashLatencyFromMSIRange
                0x08008534      0x10c ./Drivers/STM32U5xx_HAL_Driver/Src/stm32u5xx_hal_rcc.o
 .text.HAL_RCCEx_PeriphCLKConfig
                0x08008640      0xa44 ./Drivers/STM32U5xx_HAL_Driver/Src/stm32u5xx_hal_rcc_ex.o
                0x08008640                HAL_RCCEx_PeriphCLKConfig
 .text.RCCEx_PLL2_Config
                0x08009084      0x130 ./Drivers/STM32U5xx_HAL_Driver/Src/stm32u5xx_hal_rcc_ex.o
 .text.RCCEx_PLL3_Config
                0x080091b4      0x130 ./Drivers/STM32U5xx_HAL_Driver/Src/stm32u5xx_hal_rcc_ex.o
 .text.HAL_SPI_Init
                0x080092e4      0x22c ./Drivers/STM32U5xx_HAL_Driver/Src/stm32u5xx_hal_spi.o
                0x080092e4                HAL_SPI_Init
 .text.HAL_SPI_Transmit
                0x08009510      0x420 ./Drivers/STM32U5xx_HAL_Driver/Src/stm32u5xx_hal_spi.o
                0x08009510                HAL_SPI_Transmit
 .text.HAL_SPI_Receive
                0x08009930      0x344 ./Drivers/STM32U5xx_HAL_Driver/Src/stm32u5xx_hal_spi.o
                0x08009930                HAL_SPI_Receive
 .text.SPI_CloseTransfer
                0x08009c74      0x140 ./Drivers/STM32U5xx_HAL_Driver/Src/stm32u5xx_hal_spi.o
 .text.SPI_WaitOnFlagUntilTimeout
                0x08009db4       0x5c ./Drivers/STM32U5xx_HAL_Driver/Src/stm32u5xx_hal_spi.o
 .text.SPI_GetPacketSize
                0x08009e10       0x36 ./Drivers/STM32U5xx_HAL_Driver/Src/stm32u5xx_hal_spi.o
 .text.HAL_SPIEx_SetConfigAutonomousMode
                0x08009e46       0x82 ./Drivers/STM32U5xx_HAL_Driver/Src/stm32u5xx_hal_spi_ex.o
                0x08009e46                HAL_SPIEx_SetConfigAutonomousMode
 .text.HAL_TIM_Base_Init
                0x08009ec8       0xae ./Drivers/STM32U5xx_HAL_Driver/Src/stm32u5xx_hal_tim.o
                0x08009ec8                HAL_TIM_Base_Init
 .text.HAL_TIM_PWM_Init
                0x08009f76       0xae ./Drivers/STM32U5xx_HAL_Driver/Src/stm32u5xx_hal_tim.o
                0x08009f76                HAL_TIM_PWM_Init
 .text.HAL_TIM_PWM_MspInit
                0x0800a024       0x14 ./Drivers/STM32U5xx_HAL_Driver/Src/stm32u5xx_hal_tim.o
                0x0800a024                HAL_TIM_PWM_MspInit
 .text.HAL_TIM_PWM_Start_DMA
                0x0800a038      0x4f0 ./Drivers/STM32U5xx_HAL_Driver/Src/stm32u5xx_hal_tim.o
                0x0800a038                HAL_TIM_PWM_Start_DMA
 .text.HAL_TIM_PWM_Stop_DMA
                0x0800a528      0x234 ./Drivers/STM32U5xx_HAL_Driver/Src/stm32u5xx_hal_tim.o
                0x0800a528                HAL_TIM_PWM_Stop_DMA
 .text.HAL_TIM_PWM_ConfigChannel
                0x0800a75c      0x228 ./Drivers/STM32U5xx_HAL_Driver/Src/stm32u5xx_hal_tim.o
                0x0800a75c                HAL_TIM_PWM_ConfigChannel
 .text.HAL_TIM_ConfigClockSource
                0x0800a984      0x204 ./Drivers/STM32U5xx_HAL_Driver/Src/stm32u5xx_hal_tim.o
                0x0800a984                HAL_TIM_ConfigClockSource
 .text.TIM_DMA_Start_IT
                0x0800ab88       0x76 ./Drivers/STM32U5xx_HAL_Driver/Src/stm32u5xx_hal_tim.o
                0x0800ab88                TIM_DMA_Start_IT
 .text.HAL_TIM_PWM_PulseFinishedHalfCpltCallback
                0x0800abfe       0x14 ./Drivers/STM32U5xx_HAL_Driver/Src/stm32u5xx_hal_tim.o
                0x0800abfe                HAL_TIM_PWM_PulseFinishedHalfCpltCallback
 .text.HAL_TIM_ErrorCallback
                0x0800ac12       0x14 ./Drivers/STM32U5xx_HAL_Driver/Src/stm32u5xx_hal_tim.o
                0x0800ac12                HAL_TIM_ErrorCallback
 .text.TIM_DMAError
                0x0800ac26       0x92 ./Drivers/STM32U5xx_HAL_Driver/Src/stm32u5xx_hal_tim.o
                0x0800ac26                TIM_DMAError
 .text.TIM_DMADelayPulseCplt
                0x0800acb8       0x68 ./Drivers/STM32U5xx_HAL_Driver/Src/stm32u5xx_hal_tim.o
 .text.TIM_DMADelayPulseHalfCplt
                0x0800ad20       0x68 ./Drivers/STM32U5xx_HAL_Driver/Src/stm32u5xx_hal_tim.o
                0x0800ad20                TIM_DMADelayPulseHalfCplt
 .text.TIM_Base_SetConfig
                0x0800ad88      0x20c ./Drivers/STM32U5xx_HAL_Driver/Src/stm32u5xx_hal_tim.o
                0x0800ad88                TIM_Base_SetConfig
 .text.TIM_OC1_SetConfig
                0x0800af94      0x184 ./Drivers/STM32U5xx_HAL_Driver/Src/stm32u5xx_hal_tim.o
 .text.TIM_OC2_SetConfig
                0x0800b118      0x160 ./Drivers/STM32U5xx_HAL_Driver/Src/stm32u5xx_hal_tim.o
                0x0800b118                TIM_OC2_SetConfig
 .text.TIM_OC3_SetConfig
                0x0800b278      0x15c ./Drivers/STM32U5xx_HAL_Driver/Src/stm32u5xx_hal_tim.o
 .text.TIM_OC4_SetConfig
                0x0800b3d4      0x160 ./Drivers/STM32U5xx_HAL_Driver/Src/stm32u5xx_hal_tim.o
 .text.TIM_OC5_SetConfig
                0x0800b534      0x104 ./Drivers/STM32U5xx_HAL_Driver/Src/stm32u5xx_hal_tim.o
 .text.TIM_OC6_SetConfig
                0x0800b638      0x108 ./Drivers/STM32U5xx_HAL_Driver/Src/stm32u5xx_hal_tim.o
 .text.TIM_TI1_ConfigInputStage
                0x0800b740       0x5e ./Drivers/STM32U5xx_HAL_Driver/Src/stm32u5xx_hal_tim.o
 .text.TIM_TI2_ConfigInputStage
                0x0800b79e       0x60 ./Drivers/STM32U5xx_HAL_Driver/Src/stm32u5xx_hal_tim.o
 .text.TIM_ITRx_SetConfig
                0x0800b7fe       0x3a ./Drivers/STM32U5xx_HAL_Driver/Src/stm32u5xx_hal_tim.o
 .text.TIM_ETR_SetConfig
                0x0800b838       0x40 ./Drivers/STM32U5xx_HAL_Driver/Src/stm32u5xx_hal_tim.o
                0x0800b838                TIM_ETR_SetConfig
 .text.TIM_CCxChannelCmd
                0x0800b878       0x4a ./Drivers/STM32U5xx_HAL_Driver/Src/stm32u5xx_hal_tim.o
                0x0800b878                TIM_CCxChannelCmd
 *fill*         0x0800b8c2        0x2 
 .text.HAL_TIMEx_MasterConfigSynchronization
                0x0800b8c4      0x184 ./Drivers/STM32U5xx_HAL_Driver/Src/stm32u5xx_hal_tim_ex.o
                0x0800b8c4                HAL_TIMEx_MasterConfigSynchronization
 .text._ZdlPvj  0x0800ba48        0x4 C:/ST/STM32CubeIDE_1.11.0/STM32CubeIDE/plugins/com.st.stm32cube.ide.mcu.externaltools.gnu-tools-for-stm32.12.3.rel1.win32_1.0.200.202406191623/tools/bin/../lib/gcc/arm-none-eabi/12.3.1/../../../../arm-none-eabi/lib/thumb/v8-m.main+fp/hard\libstdc++_nano.a(del_ops.o)
                0x0800ba48                operator delete(void*, unsigned int)
 .text._ZdlPv   0x0800ba4c        0x4 C:/ST/STM32CubeIDE_1.11.0/STM32CubeIDE/plugins/com.st.stm32cube.ide.mcu.externaltools.gnu-tools-for-stm32.12.3.rel1.win32_1.0.200.202406191623/tools/bin/../lib/gcc/arm-none-eabi/12.3.1/../../../../arm-none-eabi/lib/thumb/v8-m.main+fp/hard\libstdc++_nano.a(del_op.o)
                0x0800ba4c                operator delete(void*)
 .text.__assert_func
                0x0800ba50       0x3c C:/ST/STM32CubeIDE_1.11.0/STM32CubeIDE/plugins/com.st.stm32cube.ide.mcu.externaltools.gnu-tools-for-stm32.12.3.rel1.win32_1.0.200.202406191623/tools/bin/../lib/gcc/arm-none-eabi/12.3.1/../../../../arm-none-eabi/lib/thumb/v8-m.main+fp/hard\libc_nano.a(libc_a-assert.o)
                0x0800ba50                __assert_func
 .text.malloc   0x0800ba8c       0x10 C:/ST/STM32CubeIDE_1.11.0/STM32CubeIDE/plugins/com.st.stm32cube.ide.mcu.externaltools.gnu-tools-for-stm32.12.3.rel1.win32_1.0.200.202406191623/tools/bin/../lib/gcc/arm-none-eabi/12.3.1/../../../../arm-none-eabi/lib/thumb/v8-m.main+fp/hard\libc_nano.a(libc_a-malloc.o)
                0x0800ba8c                malloc
 .text.free     0x0800ba9c       0x10 C:/ST/STM32CubeIDE_1.11.0/STM32CubeIDE/plugins/com.st.stm32cube.ide.mcu.externaltools.gnu-tools-for-stm32.12.3.rel1.win32_1.0.200.202406191623/tools/bin/../lib/gcc/arm-none-eabi/12.3.1/../../../../arm-none-eabi/lib/thumb/v8-m.main+fp/hard\libc_nano.a(libc_a-malloc.o)
                0x0800ba9c                free
 .text.sbrk_aligned
                0x0800baac       0x44 C:/ST/STM32CubeIDE_1.11.0/STM32CubeIDE/plugins/com.st.stm32cube.ide.mcu.externaltools.gnu-tools-for-stm32.12.3.rel1.win32_1.0.200.202406191623/tools/bin/../lib/gcc/arm-none-eabi/12.3.1/../../../../arm-none-eabi/lib/thumb/v8-m.main+fp/hard\libc_nano.a(libc_a-mallocr.o)
 .text._malloc_r
                0x0800baf0      0x100 C:/ST/STM32CubeIDE_1.11.0/STM32CubeIDE/plugins/com.st.stm32cube.ide.mcu.externaltools.gnu-tools-for-stm32.12.3.rel1.win32_1.0.200.202406191623/tools/bin/../lib/gcc/arm-none-eabi/12.3.1/../../../../arm-none-eabi/lib/thumb/v8-m.main+fp/hard\libc_nano.a(libc_a-mallocr.o)
                0x0800baf0                _malloc_r
 .text.__malloc_lock
                0x0800bbf0        0xc C:/ST/STM32CubeIDE_1.11.0/STM32CubeIDE/plugins/com.st.stm32cube.ide.mcu.externaltools.gnu-tools-for-stm32.12.3.rel1.win32_1.0.200.202406191623/tools/bin/../lib/gcc/arm-none-eabi/12.3.1/../../../../arm-none-eabi/lib/thumb/v8-m.main+fp/hard\libc_nano.a(libc_a-mlock.o)
                0x0800bbf0                __malloc_lock
 .text.__malloc_unlock
                0x0800bbfc        0xc C:/ST/STM32CubeIDE_1.11.0/STM32CubeIDE/plugins/com.st.stm32cube.ide.mcu.externaltools.gnu-tools-for-stm32.12.3.rel1.win32_1.0.200.202406191623/tools/bin/../lib/gcc/arm-none-eabi/12.3.1/../../../../arm-none-eabi/lib/thumb/v8-m.main+fp/hard\libc_nano.a(libc_a-mlock.o)
                0x0800bbfc                __malloc_unlock
 .text.std      0x0800bc08       0x6c C:/ST/STM32CubeIDE_1.11.0/STM32CubeIDE/plugins/com.st.stm32cube.ide.mcu.externaltools.gnu-tools-for-stm32.12.3.rel1.win32_1.0.200.202406191623/tools/bin/../lib/gcc/arm-none-eabi/12.3.1/../../../../arm-none-eabi/lib/thumb/v8-m.main+fp/hard\libc_nano.a(libc_a-findfp.o)
 .text.stdio_exit_handler
                0x0800bc74       0x18 C:/ST/STM32CubeIDE_1.11.0/STM32CubeIDE/plugins/com.st.stm32cube.ide.mcu.externaltools.gnu-tools-for-stm32.12.3.rel1.win32_1.0.200.202406191623/tools/bin/../lib/gcc/arm-none-eabi/12.3.1/../../../../arm-none-eabi/lib/thumb/v8-m.main+fp/hard\libc_nano.a(libc_a-findfp.o)
 .text.cleanup_stdio
                0x0800bc8c       0x40 C:/ST/STM32CubeIDE_1.11.0/STM32CubeIDE/plugins/com.st.stm32cube.ide.mcu.externaltools.gnu-tools-for-stm32.12.3.rel1.win32_1.0.200.202406191623/tools/bin/../lib/gcc/arm-none-eabi/12.3.1/../../../../arm-none-eabi/lib/thumb/v8-m.main+fp/hard\libc_nano.a(libc_a-findfp.o)
 .text.global_stdio_init.part.0
                0x0800bccc       0x3c C:/ST/STM32CubeIDE_1.11.0/STM32CubeIDE/plugins/com.st.stm32cube.ide.mcu.externaltools.gnu-tools-for-stm32.12.3.rel1.win32_1.0.200.202406191623/tools/bin/../lib/gcc/arm-none-eabi/12.3.1/../../../../arm-none-eabi/lib/thumb/v8-m.main+fp/hard\libc_nano.a(libc_a-findfp.o)
 .text.__sfp_lock_acquire
                0x0800bd08        0xc C:/ST/STM32CubeIDE_1.11.0/STM32CubeIDE/plugins/com.st.stm32cube.ide.mcu.externaltools.gnu-tools-for-stm32.12.3.rel1.win32_1.0.200.202406191623/tools/bin/../lib/gcc/arm-none-eabi/12.3.1/../../../../arm-none-eabi/lib/thumb/v8-m.main+fp/hard\libc_nano.a(libc_a-findfp.o)
                0x0800bd08                __sfp_lock_acquire
 .text.__sfp_lock_release
                0x0800bd14        0xc C:/ST/STM32CubeIDE_1.11.0/STM32CubeIDE/plugins/com.st.stm32cube.ide.mcu.externaltools.gnu-tools-for-stm32.12.3.rel1.win32_1.0.200.202406191623/tools/bin/../lib/gcc/arm-none-eabi/12.3.1/../../../../arm-none-eabi/lib/thumb/v8-m.main+fp/hard\libc_nano.a(libc_a-findfp.o)
                0x0800bd14                __sfp_lock_release
 .text.__sinit  0x0800bd20       0x30 C:/ST/STM32CubeIDE_1.11.0/STM32CubeIDE/plugins/com.st.stm32cube.ide.mcu.externaltools.gnu-tools-for-stm32.12.3.rel1.win32_1.0.200.202406191623/tools/bin/../lib/gcc/arm-none-eabi/12.3.1/../../../../arm-none-eabi/lib/thumb/v8-m.main+fp/hard\libc_nano.a(libc_a-findfp.o)
                0x0800bd20                __sinit
 .text.fprintf  0x0800bd50       0x24 C:/ST/STM32CubeIDE_1.11.0/STM32CubeIDE/plugins/com.st.stm32cube.ide.mcu.externaltools.gnu-tools-for-stm32.12.3.rel1.win32_1.0.200.202406191623/tools/bin/../lib/gcc/arm-none-eabi/12.3.1/../../../../arm-none-eabi/lib/thumb/v8-m.main+fp/hard\libc_nano.a(libc_a-fprintf.o)
                0x0800bd50                fiprintf
                0x0800bd50                fprintf
 .text._fwalk_sglue
                0x0800bd74       0x3c C:/ST/STM32CubeIDE_1.11.0/STM32CubeIDE/plugins/com.st.stm32cube.ide.mcu.externaltools.gnu-tools-for-stm32.12.3.rel1.win32_1.0.200.202406191623/tools/bin/../lib/gcc/arm-none-eabi/12.3.1/../../../../arm-none-eabi/lib/thumb/v8-m.main+fp/hard\libc_nano.a(libc_a-fwalk.o)
                0x0800bd74                _fwalk_sglue
 .text.__sread  0x0800bdb0       0x22 C:/ST/STM32CubeIDE_1.11.0/STM32CubeIDE/plugins/com.st.stm32cube.ide.mcu.externaltools.gnu-tools-for-stm32.12.3.rel1.win32_1.0.200.202406191623/tools/bin/../lib/gcc/arm-none-eabi/12.3.1/../../../../arm-none-eabi/lib/thumb/v8-m.main+fp/hard\libc_nano.a(libc_a-stdio.o)
                0x0800bdb0                __sread
 .text.__swrite
                0x0800bdd2       0x38 C:/ST/STM32CubeIDE_1.11.0/STM32CubeIDE/plugins/com.st.stm32cube.ide.mcu.externaltools.gnu-tools-for-stm32.12.3.rel1.win32_1.0.200.202406191623/tools/bin/../lib/gcc/arm-none-eabi/12.3.1/../../../../arm-none-eabi/lib/thumb/v8-m.main+fp/hard\libc_nano.a(libc_a-stdio.o)
                0x0800bdd2                __swrite
 .text.__sseek  0x0800be0a       0x24 C:/ST/STM32CubeIDE_1.11.0/STM32CubeIDE/plugins/com.st.stm32cube.ide.mcu.externaltools.gnu-tools-for-stm32.12.3.rel1.win32_1.0.200.202406191623/tools/bin/../lib/gcc/arm-none-eabi/12.3.1/../../../../arm-none-eabi/lib/thumb/v8-m.main+fp/hard\libc_nano.a(libc_a-stdio.o)
                0x0800be0a                __sseek
 .text.__sclose
                0x0800be2e        0x8 C:/ST/STM32CubeIDE_1.11.0/STM32CubeIDE/plugins/com.st.stm32cube.ide.mcu.externaltools.gnu-tools-for-stm32.12.3.rel1.win32_1.0.200.202406191623/tools/bin/../lib/gcc/arm-none-eabi/12.3.1/../../../../arm-none-eabi/lib/thumb/v8-m.main+fp/hard\libc_nano.a(libc_a-stdio.o)
                0x0800be2e                __sclose
 .text.memset   0x0800be36       0x10 C:/ST/STM32CubeIDE_1.11.0/STM32CubeIDE/plugins/com.st.stm32cube.ide.mcu.externaltools.gnu-tools-for-stm32.12.3.rel1.win32_1.0.200.202406191623/tools/bin/../lib/gcc/arm-none-eabi/12.3.1/../../../../arm-none-eabi/lib/thumb/v8-m.main+fp/hard\libc_nano.a(libc_a-memset.o)
                0x0800be36                memset
 *fill*         0x0800be46        0x2 
 .text._close_r
                0x0800be48       0x20 C:/ST/STM32CubeIDE_1.11.0/STM32CubeIDE/plugins/com.st.stm32cube.ide.mcu.externaltools.gnu-tools-for-stm32.12.3.rel1.win32_1.0.200.202406191623/tools/bin/../lib/gcc/arm-none-eabi/12.3.1/../../../../arm-none-eabi/lib/thumb/v8-m.main+fp/hard\libc_nano.a(libc_a-closer.o)
                0x0800be48                _close_r
 .text._lseek_r
                0x0800be68       0x24 C:/ST/STM32CubeIDE_1.11.0/STM32CubeIDE/plugins/com.st.stm32cube.ide.mcu.externaltools.gnu-tools-for-stm32.12.3.rel1.win32_1.0.200.202406191623/tools/bin/../lib/gcc/arm-none-eabi/12.3.1/../../../../arm-none-eabi/lib/thumb/v8-m.main+fp/hard\libc_nano.a(libc_a-lseekr.o)
                0x0800be68                _lseek_r
 .text._read_r  0x0800be8c       0x24 C:/ST/STM32CubeIDE_1.11.0/STM32CubeIDE/plugins/com.st.stm32cube.ide.mcu.externaltools.gnu-tools-for-stm32.12.3.rel1.win32_1.0.200.202406191623/tools/bin/../lib/gcc/arm-none-eabi/12.3.1/../../../../arm-none-eabi/lib/thumb/v8-m.main+fp/hard\libc_nano.a(libc_a-readr.o)
                0x0800be8c                _read_r
 .text._sbrk_r  0x0800beb0       0x20 C:/ST/STM32CubeIDE_1.11.0/STM32CubeIDE/plugins/com.st.stm32cube.ide.mcu.externaltools.gnu-tools-for-stm32.12.3.rel1.win32_1.0.200.202406191623/tools/bin/../lib/gcc/arm-none-eabi/12.3.1/../../../../arm-none-eabi/lib/thumb/v8-m.main+fp/hard\libc_nano.a(libc_a-sbrkr.o)
                0x0800beb0                _sbrk_r
 .text._write_r
                0x0800bed0       0x24 C:/ST/STM32CubeIDE_1.11.0/STM32CubeIDE/plugins/com.st.stm32cube.ide.mcu.externaltools.gnu-tools-for-stm32.12.3.rel1.win32_1.0.200.202406191623/tools/bin/../lib/gcc/arm-none-eabi/12.3.1/../../../../arm-none-eabi/lib/thumb/v8-m.main+fp/hard\libc_nano.a(libc_a-writer.o)
                0x0800bed0                _write_r
 .text.__errno  0x0800bef4        0xc C:/ST/STM32CubeIDE_1.11.0/STM32CubeIDE/plugins/com.st.stm32cube.ide.mcu.externaltools.gnu-tools-for-stm32.12.3.rel1.win32_1.0.200.202406191623/tools/bin/../lib/gcc/arm-none-eabi/12.3.1/../../../../arm-none-eabi/lib/thumb/v8-m.main+fp/hard\libc_nano.a(libc_a-errno.o)
                0x0800bef4                __errno
 .text.__libc_init_array
                0x0800bf00       0x48 C:/ST/STM32CubeIDE_1.11.0/STM32CubeIDE/plugins/com.st.stm32cube.ide.mcu.externaltools.gnu-tools-for-stm32.12.3.rel1.win32_1.0.200.202406191623/tools/bin/../lib/gcc/arm-none-eabi/12.3.1/../../../../arm-none-eabi/lib/thumb/v8-m.main+fp/hard\libc_nano.a(libc_a-init.o)
                0x0800bf00                __libc_init_array
 .text.__retarget_lock_init_recursive
                0x0800bf48        0x2 C:/ST/STM32CubeIDE_1.11.0/STM32CubeIDE/plugins/com.st.stm32cube.ide.mcu.externaltools.gnu-tools-for-stm32.12.3.rel1.win32_1.0.200.202406191623/tools/bin/../lib/gcc/arm-none-eabi/12.3.1/../../../../arm-none-eabi/lib/thumb/v8-m.main+fp/hard\libc_nano.a(libc_a-lock.o)
                0x0800bf48                __retarget_lock_init_recursive
 .text.__retarget_lock_acquire_recursive
                0x0800bf4a        0x2 C:/ST/STM32CubeIDE_1.11.0/STM32CubeIDE/plugins/com.st.stm32cube.ide.mcu.externaltools.gnu-tools-for-stm32.12.3.rel1.win32_1.0.200.202406191623/tools/bin/../lib/gcc/arm-none-eabi/12.3.1/../../../../arm-none-eabi/lib/thumb/v8-m.main+fp/hard\libc_nano.a(libc_a-lock.o)
                0x0800bf4a                __retarget_lock_acquire_recursive
 .text.__retarget_lock_release_recursive
                0x0800bf4c        0x2 C:/ST/STM32CubeIDE_1.11.0/STM32CubeIDE/plugins/com.st.stm32cube.ide.mcu.externaltools.gnu-tools-for-stm32.12.3.rel1.win32_1.0.200.202406191623/tools/bin/../lib/gcc/arm-none-eabi/12.3.1/../../../../arm-none-eabi/lib/thumb/v8-m.main+fp/hard\libc_nano.a(libc_a-lock.o)
                0x0800bf4c                __retarget_lock_release_recursive
 .text.abort    0x0800bf4e        0xe C:/ST/STM32CubeIDE_1.11.0/STM32CubeIDE/plugins/com.st.stm32cube.ide.mcu.externaltools.gnu-tools-for-stm32.12.3.rel1.win32_1.0.200.202406191623/tools/bin/../lib/gcc/arm-none-eabi/12.3.1/../../../../arm-none-eabi/lib/thumb/v8-m.main+fp/hard\libc_nano.a(libc_a-abort.o)
                0x0800bf4e                abort
 .text._free_r  0x0800bf5c       0x94 C:/ST/STM32CubeIDE_1.11.0/STM32CubeIDE/plugins/com.st.stm32cube.ide.mcu.externaltools.gnu-tools-for-stm32.12.3.rel1.win32_1.0.200.202406191623/tools/bin/../lib/gcc/arm-none-eabi/12.3.1/../../../../arm-none-eabi/lib/thumb/v8-m.main+fp/hard\libc_nano.a(libc_a-freer.o)
                0x0800bf5c                _free_r
 .text.__sfputc_r
                0x0800bff0       0x2e C:/ST/STM32CubeIDE_1.11.0/STM32CubeIDE/plugins/com.st.stm32cube.ide.mcu.externaltools.gnu-tools-for-stm32.12.3.rel1.win32_1.0.200.202406191623/tools/bin/../lib/gcc/arm-none-eabi/12.3.1/../../../../arm-none-eabi/lib/thumb/v8-m.main+fp/hard\libc_nano.a(libc_a-nano-vfprintf.o)
 .text.__sfputs_r
                0x0800c01e       0x24 C:/ST/STM32CubeIDE_1.11.0/STM32CubeIDE/plugins/com.st.stm32cube.ide.mcu.externaltools.gnu-tools-for-stm32.12.3.rel1.win32_1.0.200.202406191623/tools/bin/../lib/gcc/arm-none-eabi/12.3.1/../../../../arm-none-eabi/lib/thumb/v8-m.main+fp/hard\libc_nano.a(libc_a-nano-vfprintf.o)
                0x0800c01e                __sfputs_r
 *fill*         0x0800c042        0x2 
 .text._vfprintf_r
                0x0800c044      0x230 C:/ST/STM32CubeIDE_1.11.0/STM32CubeIDE/plugins/com.st.stm32cube.ide.mcu.externaltools.gnu-tools-for-stm32.12.3.rel1.win32_1.0.200.202406191623/tools/bin/../lib/gcc/arm-none-eabi/12.3.1/../../../../arm-none-eabi/lib/thumb/v8-m.main+fp/hard\libc_nano.a(libc_a-nano-vfprintf.o)
                0x0800c044                _vfprintf_r
                0x0800c044                _vfiprintf_r
 .text._printf_common
                0x0800c274       0xe4 C:/ST/STM32CubeIDE_1.11.0/STM32CubeIDE/plugins/com.st.stm32cube.ide.mcu.externaltools.gnu-tools-for-stm32.12.3.rel1.win32_1.0.200.202406191623/tools/bin/../lib/gcc/arm-none-eabi/12.3.1/../../../../arm-none-eabi/lib/thumb/v8-m.main+fp/hard\libc_nano.a(libc_a-nano-vfprintf_i.o)
                0x0800c274                _printf_common
 .text._printf_i
                0x0800c358      0x240 C:/ST/STM32CubeIDE_1.11.0/STM32CubeIDE/plugins/com.st.stm32cube.ide.mcu.externaltools.gnu-tools-for-stm32.12.3.rel1.win32_1.0.200.202406191623/tools/bin/../lib/gcc/arm-none-eabi/12.3.1/../../../../arm-none-eabi/lib/thumb/v8-m.main+fp/hard\libc_nano.a(libc_a-nano-vfprintf_i.o)
                0x0800c358                _printf_i
 .text.__sflush_r
                0x0800c598      0x108 C:/ST/STM32CubeIDE_1.11.0/STM32CubeIDE/plugins/com.st.stm32cube.ide.mcu.externaltools.gnu-tools-for-stm32.12.3.rel1.win32_1.0.200.202406191623/tools/bin/../lib/gcc/arm-none-eabi/12.3.1/../../../../arm-none-eabi/lib/thumb/v8-m.main+fp/hard\libc_nano.a(libc_a-fflush.o)
                0x0800c598                __sflush_r
 .text._fflush_r
                0x0800c6a0       0x50 C:/ST/STM32CubeIDE_1.11.0/STM32CubeIDE/plugins/com.st.stm32cube.ide.mcu.externaltools.gnu-tools-for-stm32.12.3.rel1.win32_1.0.200.202406191623/tools/bin/../lib/gcc/arm-none-eabi/12.3.1/../../../../arm-none-eabi/lib/thumb/v8-m.main+fp/hard\libc_nano.a(libc_a-fflush.o)
                0x0800c6a0                _fflush_r
 .text.__swbuf_r
                0x0800c6f0       0x7c C:/ST/STM32CubeIDE_1.11.0/STM32CubeIDE/plugins/com.st.stm32cube.ide.mcu.externaltools.gnu-tools-for-stm32.12.3.rel1.win32_1.0.200.202406191623/tools/bin/../lib/gcc/arm-none-eabi/12.3.1/../../../../arm-none-eabi/lib/thumb/v8-m.main+fp/hard\libc_nano.a(libc_a-wbuf.o)
                0x0800c6f0                __swbuf_r
 .text.__swsetup_r
                0x0800c76c       0xac C:/ST/STM32CubeIDE_1.11.0/STM32CubeIDE/plugins/com.st.stm32cube.ide.mcu.externaltools.gnu-tools-for-stm32.12.3.rel1.win32_1.0.200.202406191623/tools/bin/../lib/gcc/arm-none-eabi/12.3.1/../../../../arm-none-eabi/lib/thumb/v8-m.main+fp/hard\libc_nano.a(libc_a-wsetup.o)
                0x0800c76c                __swsetup_r
 .text._raise_r
                0x0800c818       0x50 C:/ST/STM32CubeIDE_1.11.0/STM32CubeIDE/plugins/com.st.stm32cube.ide.mcu.externaltools.gnu-tools-for-stm32.12.3.rel1.win32_1.0.200.202406191623/tools/bin/../lib/gcc/arm-none-eabi/12.3.1/../../../../arm-none-eabi/lib/thumb/v8-m.main+fp/hard\libc_nano.a(libc_a-signal.o)
                0x0800c818                _raise_r
 .text.raise    0x0800c868       0x10 C:/ST/STM32CubeIDE_1.11.0/STM32CubeIDE/plugins/com.st.stm32cube.ide.mcu.externaltools.gnu-tools-for-stm32.12.3.rel1.win32_1.0.200.202406191623/tools/bin/../lib/gcc/arm-none-eabi/12.3.1/../../../../arm-none-eabi/lib/thumb/v8-m.main+fp/hard\libc_nano.a(libc_a-signal.o)
                0x0800c868                raise
 .text._kill_r  0x0800c878       0x24 C:/ST/STM32CubeIDE_1.11.0/STM32CubeIDE/plugins/com.st.stm32cube.ide.mcu.externaltools.gnu-tools-for-stm32.12.3.rel1.win32_1.0.200.202406191623/tools/bin/../lib/gcc/arm-none-eabi/12.3.1/../../../../arm-none-eabi/lib/thumb/v8-m.main+fp/hard\libc_nano.a(libc_a-signalr.o)
                0x0800c878                _kill_r
 .text._getpid_r
                0x0800c89c        0x4 C:/ST/STM32CubeIDE_1.11.0/STM32CubeIDE/plugins/com.st.stm32cube.ide.mcu.externaltools.gnu-tools-for-stm32.12.3.rel1.win32_1.0.200.202406191623/tools/bin/../lib/gcc/arm-none-eabi/12.3.1/../../../../arm-none-eabi/lib/thumb/v8-m.main+fp/hard\libc_nano.a(libc_a-signalr.o)
                0x0800c89c                _getpid_r
 .text.memchr   0x0800c8a0       0x1c C:/ST/STM32CubeIDE_1.11.0/STM32CubeIDE/plugins/com.st.stm32cube.ide.mcu.externaltools.gnu-tools-for-stm32.12.3.rel1.win32_1.0.200.202406191623/tools/bin/../lib/gcc/arm-none-eabi/12.3.1/../../../../arm-none-eabi/lib/thumb/v8-m.main+fp/hard\libc_nano.a(libc_a-memchr-stub.o)
                0x0800c8a0                memchr
 .text.__swhatbuf_r
                0x0800c8bc       0x4a C:/ST/STM32CubeIDE_1.11.0/STM32CubeIDE/plugins/com.st.stm32cube.ide.mcu.externaltools.gnu-tools-for-stm32.12.3.rel1.win32_1.0.200.202406191623/tools/bin/../lib/gcc/arm-none-eabi/12.3.1/../../../../arm-none-eabi/lib/thumb/v8-m.main+fp/hard\libc_nano.a(libc_a-makebuf.o)
                0x0800c8bc                __swhatbuf_r
 .text.__smakebuf_r
                0x0800c906       0x78 C:/ST/STM32CubeIDE_1.11.0/STM32CubeIDE/plugins/com.st.stm32cube.ide.mcu.externaltools.gnu-tools-for-stm32.12.3.rel1.win32_1.0.200.202406191623/tools/bin/../lib/gcc/arm-none-eabi/12.3.1/../../../../arm-none-eabi/lib/thumb/v8-m.main+fp/hard\libc_nano.a(libc_a-makebuf.o)
                0x0800c906                __smakebuf_r
 *fill*         0x0800c97e        0x2 
 .text._fstat_r
                0x0800c980       0x24 C:/ST/STM32CubeIDE_1.11.0/STM32CubeIDE/plugins/com.st.stm32cube.ide.mcu.externaltools.gnu-tools-for-stm32.12.3.rel1.win32_1.0.200.202406191623/tools/bin/../lib/gcc/arm-none-eabi/12.3.1/../../../../arm-none-eabi/lib/thumb/v8-m.main+fp/hard\libc_nano.a(libc_a-fstatr.o)
                0x0800c980                _fstat_r
 .text._isatty_r
                0x0800c9a4       0x20 C:/ST/STM32CubeIDE_1.11.0/STM32CubeIDE/plugins/com.st.stm32cube.ide.mcu.externaltools.gnu-tools-for-stm32.12.3.rel1.win32_1.0.200.202406191623/tools/bin/../lib/gcc/arm-none-eabi/12.3.1/../../../../arm-none-eabi/lib/thumb/v8-m.main+fp/hard\libc_nano.a(libc_a-isattyr.o)
                0x0800c9a4                _isatty_r
 *(.glue_7)
 .glue_7        0x0800c9c4        0x0 linker stubs
 *(.glue_7t)
 .glue_7t       0x0800c9c4        0x0 linker stubs
 *(.eh_frame)
 .eh_frame      0x0800c9c4        0x0 C:/ST/STM32CubeIDE_1.11.0/STM32CubeIDE/plugins/com.st.stm32cube.ide.mcu.externaltools.gnu-tools-for-stm32.12.3.rel1.win32_1.0.200.202406191623/tools/bin/../lib/gcc/arm-none-eabi/12.3.1/thumb/v8-m.main+fp/hard/crtbegin.o
 *(.init)
 .init          0x0800c9c4        0x4 C:/ST/STM32CubeIDE_1.11.0/STM32CubeIDE/plugins/com.st.stm32cube.ide.mcu.externaltools.gnu-tools-for-stm32.12.3.rel1.win32_1.0.200.202406191623/tools/bin/../lib/gcc/arm-none-eabi/12.3.1/thumb/v8-m.main+fp/hard/crti.o
                0x0800c9c4                _init
 .init          0x0800c9c8        0x8 C:/ST/STM32CubeIDE_1.11.0/STM32CubeIDE/plugins/com.st.stm32cube.ide.mcu.externaltools.gnu-tools-for-stm32.12.3.rel1.win32_1.0.200.202406191623/tools/bin/../lib/gcc/arm-none-eabi/12.3.1/thumb/v8-m.main+fp/hard/crtn.o
 *(.fini)
 .fini          0x0800c9d0        0x4 C:/ST/STM32CubeIDE_1.11.0/STM32CubeIDE/plugins/com.st.stm32cube.ide.mcu.externaltools.gnu-tools-for-stm32.12.3.rel1.win32_1.0.200.202406191623/tools/bin/../lib/gcc/arm-none-eabi/12.3.1/thumb/v8-m.main+fp/hard/crti.o
                0x0800c9d0                _fini
 .fini          0x0800c9d4        0x8 C:/ST/STM32CubeIDE_1.11.0/STM32CubeIDE/plugins/com.st.stm32cube.ide.mcu.externaltools.gnu-tools-for-stm32.12.3.rel1.win32_1.0.200.202406191623/tools/bin/../lib/gcc/arm-none-eabi/12.3.1/thumb/v8-m.main+fp/hard/crtn.o
                0x0800c9dc                        _etext = .

.vfp11_veneer   0x0800c9dc        0x0
 .vfp11_veneer  0x0800c9dc        0x0 linker stubs

.v4_bx          0x0800c9dc        0x0
 .v4_bx         0x0800c9dc        0x0 linker stubs

.iplt           0x0800c9dc        0x0
 .iplt          0x0800c9dc        0x0 C:/ST/STM32CubeIDE_1.11.0/STM32CubeIDE/plugins/com.st.stm32cube.ide.mcu.externaltools.gnu-tools-for-stm32.12.3.rel1.win32_1.0.200.202406191623/tools/bin/../lib/gcc/arm-none-eabi/12.3.1/thumb/v8-m.main+fp/hard/crtbegin.o

.rodata         0x0800c9dc      0x29b
 *(.rodata)
 .rodata        0x0800c9dc       0x10 ./Core/Src/main.o
 .rodata        0x0800c9ec      0x11a ./Core/Src/uwb3000Fxx.o
 *(.rodata*)
 *fill*         0x0800cb06        0x2 
 .rodata._ZTV11GpioHandler
                0x0800cb08       0x10 ./Core/Src/GpioHandler.o
                0x0800cb08                vtable for GpioHandler
 .rodata._ZTV11Ws2812Color
                0x0800cb18       0x10 ./Core/Src/Ws2812Color.o
                0x0800cb18                vtable for Ws2812Color
 .rodata.AHBPrescTable
                0x0800cb28       0x10 ./Core/Src/system_stm32u5xx.o
                0x0800cb28                AHBPrescTable
 .rodata.MSIRangeTable
                0x0800cb38       0x40 ./Core/Src/system_stm32u5xx.o
                0x0800cb38                MSIRangeTable
 .rodata.__func__.1
                0x0800cb78        0xd ./Core/Src/uwb3000Fxx.o
 *fill*         0x0800cb85        0x3 
 .rodata.LPGPIO_Map
                0x0800cb88       0x80 ./Drivers/STM32U5xx_HAL_Driver/Src/stm32u5xx_hal_gpio.o
 .rodata.__assert_func.str1.1
                0x0800cc08       0x3c C:/ST/STM32CubeIDE_1.11.0/STM32CubeIDE/plugins/com.st.stm32cube.ide.mcu.externaltools.gnu-tools-for-stm32.12.3.rel1.win32_1.0.200.202406191623/tools/bin/../lib/gcc/arm-none-eabi/12.3.1/../../../../arm-none-eabi/lib/thumb/v8-m.main+fp/hard\libc_nano.a(libc_a-assert.o)
                                 0x3d (size before relaxing)
 .rodata._vfprintf_r.str1.1
                0x0800cc44       0x11 C:/ST/STM32CubeIDE_1.11.0/STM32CubeIDE/plugins/com.st.stm32cube.ide.mcu.externaltools.gnu-tools-for-stm32.12.3.rel1.win32_1.0.200.202406191623/tools/bin/../lib/gcc/arm-none-eabi/12.3.1/../../../../arm-none-eabi/lib/thumb/v8-m.main+fp/hard\libc_nano.a(libc_a-nano-vfprintf.o)
 .rodata._printf_i.str1.1
                0x0800cc55       0x22 C:/ST/STM32CubeIDE_1.11.0/STM32CubeIDE/plugins/com.st.stm32cube.ide.mcu.externaltools.gnu-tools-for-stm32.12.3.rel1.win32_1.0.200.202406191623/tools/bin/../lib/gcc/arm-none-eabi/12.3.1/../../../../arm-none-eabi/lib/thumb/v8-m.main+fp/hard\libc_nano.a(libc_a-nano-vfprintf_i.o)

.ARM.extab
 *(.ARM.extab* .gnu.linkonce.armextab.*)

.ARM            0x0800cc77        0x0
                0x0800cc77                        __exidx_start = .
 *(.ARM.exidx*)
                0x0800cc77                        __exidx_end = .

.preinit_array  0x0800cc77        0x0
                0x0800cc77                        PROVIDE (__preinit_array_start = .)
 *(.preinit_array*)
                0x0800cc77                        PROVIDE (__preinit_array_end = .)

.init_array     0x0800cc78        0x8
                0x0800cc78                        PROVIDE (__init_array_start = .)
 *(SORT_BY_NAME(.init_array.*))
 *(.init_array*)
 .init_array    0x0800cc78        0x4 C:/ST/STM32CubeIDE_1.11.0/STM32CubeIDE/plugins/com.st.stm32cube.ide.mcu.externaltools.gnu-tools-for-stm32.12.3.rel1.win32_1.0.200.202406191623/tools/bin/../lib/gcc/arm-none-eabi/12.3.1/thumb/v8-m.main+fp/hard/crtbegin.o
 .init_array    0x0800cc7c        0x4 ./Core/Src/main.o
                0x0800cc80                        PROVIDE (__init_array_end = .)

.fini_array     0x0800cc80        0x8
                [!provide]                        PROVIDE (__fini_array_start = .)
 *(SORT_BY_NAME(.fini_array.*))
 *(.fini_array*)
 .fini_array    0x0800cc80        0x4 C:/ST/STM32CubeIDE_1.11.0/STM32CubeIDE/plugins/com.st.stm32cube.ide.mcu.externaltools.gnu-tools-for-stm32.12.3.rel1.win32_1.0.200.202406191623/tools/bin/../lib/gcc/arm-none-eabi/12.3.1/thumb/v8-m.main+fp/hard/crtbegin.o
 .fini_array    0x0800cc84        0x4 ./Core/Src/main.o
                [!provide]                        PROVIDE (__fini_array_end = .)
                0x0800cc88                        _sidata = LOADADDR (.data)

.rel.dyn        0x0800cc88        0x0
 .rel.iplt      0x0800cc88        0x0 C:/ST/STM32CubeIDE_1.11.0/STM32CubeIDE/plugins/com.st.stm32cube.ide.mcu.externaltools.gnu-tools-for-stm32.12.3.rel1.win32_1.0.200.202406191623/tools/bin/../lib/gcc/arm-none-eabi/12.3.1/thumb/v8-m.main+fp/hard/crtbegin.o

.data           0x20000000       0x78 load address 0x0800cc88
                0x20000000                        _sdata = .
 *(.data)
 *(.data*)
 .data.running_device
                0x20000000        0x1 ./Core/Src/main.o
                0x20000000                running_device
 .data.Power_Good
                0x20000001        0x1 ./Core/Src/main.o
                0x20000001                Power_Good
 *fill*         0x20000002        0x2 
 .data._ZZ4mainE21defatult_dwt_txconfig
                0x20000004        0xc ./Core/Src/main.o
 .data.SystemCoreClock
                0x20000010        0x4 ./Core/Src/system_stm32u5xx.o
                0x20000010                SystemCoreClock
 .data.uwTickPrio
                0x20000014        0x4 ./Drivers/STM32U5xx_HAL_Driver/Src/stm32u5xx_hal.o
                0x20000014                uwTickPrio
 .data.uwTickFreq
                0x20000018        0x1 ./Drivers/STM32U5xx_HAL_Driver/Src/stm32u5xx_hal.o
                0x20000018                uwTickFreq
 *fill*         0x20000019        0x3 
 .data.__sglue  0x2000001c        0xc C:/ST/STM32CubeIDE_1.11.0/STM32CubeIDE/plugins/com.st.stm32cube.ide.mcu.externaltools.gnu-tools-for-stm32.12.3.rel1.win32_1.0.200.202406191623/tools/bin/../lib/gcc/arm-none-eabi/12.3.1/../../../../arm-none-eabi/lib/thumb/v8-m.main+fp/hard\libc_nano.a(libc_a-findfp.o)
                0x2000001c                __sglue
 .data._impure_ptr
                0x20000028        0x4 C:/ST/STM32CubeIDE_1.11.0/STM32CubeIDE/plugins/com.st.stm32cube.ide.mcu.externaltools.gnu-tools-for-stm32.12.3.rel1.win32_1.0.200.202406191623/tools/bin/../lib/gcc/arm-none-eabi/12.3.1/../../../../arm-none-eabi/lib/thumb/v8-m.main+fp/hard\libc_nano.a(libc_a-impure.o)
                0x20000028                _impure_ptr
 .data._impure_data
                0x2000002c       0x4c C:/ST/STM32CubeIDE_1.11.0/STM32CubeIDE/plugins/com.st.stm32cube.ide.mcu.externaltools.gnu-tools-for-stm32.12.3.rel1.win32_1.0.200.202406191623/tools/bin/../lib/gcc/arm-none-eabi/12.3.1/../../../../arm-none-eabi/lib/thumb/v8-m.main+fp/hard\libc_nano.a(libc_a-impure.o)
                0x2000002c                _impure_data
 *(.RamFunc)
 *(.RamFunc*)
                0x20000078                        _edata = .

.igot.plt       0x20000078        0x0 load address 0x0800cd00
 .igot.plt      0x20000078        0x0 C:/ST/STM32CubeIDE_1.11.0/STM32CubeIDE/plugins/com.st.stm32cube.ide.mcu.externaltools.gnu-tools-for-stm32.12.3.rel1.win32_1.0.200.202406191623/tools/bin/../lib/gcc/arm-none-eabi/12.3.1/thumb/v8-m.main+fp/hard/crtbegin.o

.bss            0x20000078      0x52e load address 0x0800cd00
                0x20000078                        _sbss = .
                0x20000078                        __bss_start__ = _sbss
 *(.bss)
 .bss           0x20000078       0x1c C:/ST/STM32CubeIDE_1.11.0/STM32CubeIDE/plugins/com.st.stm32cube.ide.mcu.externaltools.gnu-tools-for-stm32.12.3.rel1.win32_1.0.200.202406191623/tools/bin/../lib/gcc/arm-none-eabi/12.3.1/thumb/v8-m.main+fp/hard/crtbegin.o
 *(.bss*)
 .bss.tag       0x20000094        0x4 ./Core/Src/main.o
                0x20000094                tag
 .bss.hw        0x20000098       0x14 ./Core/Src/main.o
                0x20000098                hw
 .bss.pdw3000local
                0x200000ac        0x4 ./Core/Src/main.o
                0x200000ac                pdw3000local
 .bss.crcTable  0x200000b0      0x100 ./Core/Src/main.o
                0x200000b0                crcTable
 .bss.tag_status
                0x200001b0        0x1 ./Core/Src/main.o
                0x200001b0                tag_status
 *fill*         0x200001b1        0x3 
 .bss.hi2c1     0x200001b4       0x54 ./Core/Src/main.o
                0x200001b4                hi2c1
 .bss.hspi2     0x20000208       0x90 ./Core/Src/main.o
                0x20000208                hspi2
 .bss.hlptim1   0x20000298       0x50 ./Core/Src/main.o
                0x20000298                hlptim1
 .bss.hlptim3   0x200002e8       0x50 ./Core/Src/main.o
                0x200002e8                hlptim3
 .bss.htim3     0x20000338       0x4c ./Core/Src/main.o
                0x20000338                htim3
 .bss.handle_GPDMA1_Channel2
                0x20000384       0x78 ./Core/Src/main.o
                0x20000384                handle_GPDMA1_Channel2
 .bss.Counter_INT_Led3
                0x200003fc        0x1 ./Core/Src/main.o
                0x200003fc                Counter_INT_Led3
 *fill*         0x200003fd        0x3 
 .bss.NCE       0x20000400        0x8 ./Core/Src/main.o
                0x20000400                NCE
 .bss.NLP       0x20000408        0x8 ./Core/Src/main.o
                0x20000408                NLP
 .bss.MR        0x20000410        0x8 ./Core/Src/main.o
                0x20000410                MR
 .bss.PG        0x20000418        0x8 ./Core/Src/main.o
                0x20000418                PG
 .bss.pins      0x20000420        0x8 ./Core/Src/main.o
                0x20000420                pins
 .bss.battery_charger
                0x20000428       0x2c ./Core/Src/main.o
                0x20000428                battery_charger
 .bss.__sbrk_heap_end
                0x20000454        0x4 ./Core/Src/sysmem.o
 .bss.uwTick    0x20000458        0x4 ./Drivers/STM32U5xx_HAL_Driver/Src/stm32u5xx_hal.o
                0x20000458                uwTick
 .bss.__malloc_sbrk_start
                0x2000045c        0x4 C:/ST/STM32CubeIDE_1.11.0/STM32CubeIDE/plugins/com.st.stm32cube.ide.mcu.externaltools.gnu-tools-for-stm32.12.3.rel1.win32_1.0.200.202406191623/tools/bin/../lib/gcc/arm-none-eabi/12.3.1/../../../../arm-none-eabi/lib/thumb/v8-m.main+fp/hard\libc_nano.a(libc_a-mallocr.o)
                0x2000045c                __malloc_sbrk_start
 .bss.__malloc_free_list
                0x20000460        0x4 C:/ST/STM32CubeIDE_1.11.0/STM32CubeIDE/plugins/com.st.stm32cube.ide.mcu.externaltools.gnu-tools-for-stm32.12.3.rel1.win32_1.0.200.202406191623/tools/bin/../lib/gcc/arm-none-eabi/12.3.1/../../../../arm-none-eabi/lib/thumb/v8-m.main+fp/hard\libc_nano.a(libc_a-mallocr.o)
                0x20000460                __malloc_free_list
 .bss.__sf      0x20000464      0x138 C:/ST/STM32CubeIDE_1.11.0/STM32CubeIDE/plugins/com.st.stm32cube.ide.mcu.externaltools.gnu-tools-for-stm32.12.3.rel1.win32_1.0.200.202406191623/tools/bin/../lib/gcc/arm-none-eabi/12.3.1/../../../../arm-none-eabi/lib/thumb/v8-m.main+fp/hard\libc_nano.a(libc_a-findfp.o)
                0x20000464                __sf
 .bss.__stdio_exit_handler
                0x2000059c        0x4 C:/ST/STM32CubeIDE_1.11.0/STM32CubeIDE/plugins/com.st.stm32cube.ide.mcu.externaltools.gnu-tools-for-stm32.12.3.rel1.win32_1.0.200.202406191623/tools/bin/../lib/gcc/arm-none-eabi/12.3.1/../../../../arm-none-eabi/lib/thumb/v8-m.main+fp/hard\libc_nano.a(libc_a-findfp.o)
                0x2000059c                __stdio_exit_handler
 .bss.errno     0x200005a0        0x4 C:/ST/STM32CubeIDE_1.11.0/STM32CubeIDE/plugins/com.st.stm32cube.ide.mcu.externaltools.gnu-tools-for-stm32.12.3.rel1.win32_1.0.200.202406191623/tools/bin/../lib/gcc/arm-none-eabi/12.3.1/../../../../arm-none-eabi/lib/thumb/v8-m.main+fp/hard\libc_nano.a(libc_a-reent.o)
                0x200005a0                errno
 .bss.__lock___malloc_recursive_mutex
                0x200005a4        0x1 C:/ST/STM32CubeIDE_1.11.0/STM32CubeIDE/plugins/com.st.stm32cube.ide.mcu.externaltools.gnu-tools-for-stm32.12.3.rel1.win32_1.0.200.202406191623/tools/bin/../lib/gcc/arm-none-eabi/12.3.1/../../../../arm-none-eabi/lib/thumb/v8-m.main+fp/hard\libc_nano.a(libc_a-lock.o)
                0x200005a4                __lock___malloc_recursive_mutex
 .bss.__lock___sfp_recursive_mutex
                0x200005a5        0x1 C:/ST/STM32CubeIDE_1.11.0/STM32CubeIDE/plugins/com.st.stm32cube.ide.mcu.externaltools.gnu-tools-for-stm32.12.3.rel1.win32_1.0.200.202406191623/tools/bin/../lib/gcc/arm-none-eabi/12.3.1/../../../../arm-none-eabi/lib/thumb/v8-m.main+fp/hard\libc_nano.a(libc_a-lock.o)
                0x200005a5                __lock___sfp_recursive_mutex
 *(COMMON)
                0x200005a6                        _ebss = .
                0x200005a6                        __bss_end__ = _ebss

._user_heap_stack
                0x200005a6      0x602 load address 0x0800cd00
                0x200005a8                        . = ALIGN (0x8)
 *fill*         0x200005a6        0x2 
                [!provide]                        PROVIDE (end = .)
                0x200005a8                        PROVIDE (_end = .)
                0x200007a8                        . = (. + _Min_Heap_Size)
 *fill*         0x200005a8      0x200 
                0x20000ba8                        . = (. + _Min_Stack_Size)
 *fill*         0x200007a8      0x400 
                0x20000ba8                        . = ALIGN (0x8)

/DISCARD/
 libc.a(*)
 libm.a(*)
 libgcc.a(*)

.ARM.attributes
                0x00000000       0x36
 *(.ARM.attributes)
 .ARM.attributes
                0x00000000       0x26 C:/ST/STM32CubeIDE_1.11.0/STM32CubeIDE/plugins/com.st.stm32cube.ide.mcu.externaltools.gnu-tools-for-stm32.12.3.rel1.win32_1.0.200.202406191623/tools/bin/../lib/gcc/arm-none-eabi/12.3.1/thumb/v8-m.main+fp/hard/crti.o
 .ARM.attributes
                0x00000026       0x38 C:/ST/STM32CubeIDE_1.11.0/STM32CubeIDE/plugins/com.st.stm32cube.ide.mcu.externaltools.gnu-tools-for-stm32.12.3.rel1.win32_1.0.200.202406191623/tools/bin/../lib/gcc/arm-none-eabi/12.3.1/thumb/v8-m.main+fp/hard/crtbegin.o
 .ARM.attributes
                0x0000005e       0x3a ./Core/Src/Gpio.o
 .ARM.attributes
                0x00000098       0x3a ./Core/Src/GpioHandler.o
 .ARM.attributes
                0x000000d2       0x3a ./Core/Src/PcbLed.o
 .ARM.attributes
                0x0000010c       0x3a ./Core/Src/Ws2812Color.o
 .ARM.attributes
                0x00000146       0x3a ./Core/Src/bq25150.o
 .ARM.attributes
                0x00000180       0x3a ./Core/Src/human_tag.o
 .ARM.attributes
                0x000001ba       0x3a ./Core/Src/main.o
 .ARM.attributes
                0x000001f4       0x3a ./Core/Src/stm32u5xx_hal_msp.o
 .ARM.attributes
                0x0000022e       0x3a ./Core/Src/stm32u5xx_it.o
 .ARM.attributes
                0x00000268       0x3a ./Core/Src/syscalls.o
 .ARM.attributes
                0x000002a2       0x3a ./Core/Src/sysmem.o
 .ARM.attributes
                0x000002dc       0x3a ./Core/Src/system_stm32u5xx.o
 .ARM.attributes
                0x00000316       0x3a ./Core/Src/uwb3000Fxx.o
 .ARM.attributes
                0x00000350       0x24 ./Core/Startup/startup_stm32u535vetxq.o
 .ARM.attributes
                0x00000374       0x3a ./Drivers/STM32U5xx_HAL_Driver/Src/stm32u5xx_hal.o
 .ARM.attributes
                0x000003ae       0x3a ./Drivers/STM32U5xx_HAL_Driver/Src/stm32u5xx_hal_cortex.o
 .ARM.attributes
                0x000003e8       0x3a ./Drivers/STM32U5xx_HAL_Driver/Src/stm32u5xx_hal_dma.o
 .ARM.attributes
                0x00000422       0x3a ./Drivers/STM32U5xx_HAL_Driver/Src/stm32u5xx_hal_dma_ex.o
 .ARM.attributes
                0x0000045c       0x3a ./Drivers/STM32U5xx_HAL_Driver/Src/stm32u5xx_hal_flash.o
 .ARM.attributes
                0x00000496       0x3a ./Drivers/STM32U5xx_HAL_Driver/Src/stm32u5xx_hal_gpio.o
 .ARM.attributes
                0x000004d0       0x3a ./Drivers/STM32U5xx_HAL_Driver/Src/stm32u5xx_hal_i2c.o
 .ARM.attributes
                0x0000050a       0x3a ./Drivers/STM32U5xx_HAL_Driver/Src/stm32u5xx_hal_i2c_ex.o
 .ARM.attributes
                0x00000544       0x3a ./Drivers/STM32U5xx_HAL_Driver/Src/stm32u5xx_hal_lptim.o
 .ARM.attributes
                0x0000057e       0x3a ./Drivers/STM32U5xx_HAL_Driver/Src/stm32u5xx_hal_pwr.o
 .ARM.attributes
                0x000005b8       0x3a ./Drivers/STM32U5xx_HAL_Driver/Src/stm32u5xx_hal_pwr_ex.o
 .ARM.attributes
                0x000005f2       0x3a ./Drivers/STM32U5xx_HAL_Driver/Src/stm32u5xx_hal_rcc.o
 .ARM.attributes
                0x0000062c       0x3a ./Drivers/STM32U5xx_HAL_Driver/Src/stm32u5xx_hal_rcc_ex.o
 .ARM.attributes
                0x00000666       0x3a ./Drivers/STM32U5xx_HAL_Driver/Src/stm32u5xx_hal_spi.o
 .ARM.attributes
                0x000006a0       0x3a ./Drivers/STM32U5xx_HAL_Driver/Src/stm32u5xx_hal_spi_ex.o
 .ARM.attributes
                0x000006da       0x3a ./Drivers/STM32U5xx_HAL_Driver/Src/stm32u5xx_hal_tim.o
 .ARM.attributes
                0x00000714       0x3a ./Drivers/STM32U5xx_HAL_Driver/Src/stm32u5xx_hal_tim_ex.o
 .ARM.attributes
                0x0000074e       0x38 C:/ST/STM32CubeIDE_1.11.0/STM32CubeIDE/plugins/com.st.stm32cube.ide.mcu.externaltools.gnu-tools-for-stm32.12.3.rel1.win32_1.0.200.202406191623/tools/bin/../lib/gcc/arm-none-eabi/12.3.1/../../../../arm-none-eabi/lib/thumb/v8-m.main+fp/hard\libstdc++_nano.a(del_ops.o)
 .ARM.attributes
                0x00000786       0x38 C:/ST/STM32CubeIDE_1.11.0/STM32CubeIDE/plugins/com.st.stm32cube.ide.mcu.externaltools.gnu-tools-for-stm32.12.3.rel1.win32_1.0.200.202406191623/tools/bin/../lib/gcc/arm-none-eabi/12.3.1/../../../../arm-none-eabi/lib/thumb/v8-m.main+fp/hard\libstdc++_nano.a(del_op.o)
 .ARM.attributes
                0x000007be       0x38 C:/ST/STM32CubeIDE_1.11.0/STM32CubeIDE/plugins/com.st.stm32cube.ide.mcu.externaltools.gnu-tools-for-stm32.12.3.rel1.win32_1.0.200.202406191623/tools/bin/../lib/gcc/arm-none-eabi/12.3.1/../../../../arm-none-eabi/lib/thumb/v8-m.main+fp/hard\libc_nano.a(libc_a-assert.o)
 .ARM.attributes
                0x000007f6       0x38 C:/ST/STM32CubeIDE_1.11.0/STM32CubeIDE/plugins/com.st.stm32cube.ide.mcu.externaltools.gnu-tools-for-stm32.12.3.rel1.win32_1.0.200.202406191623/tools/bin/../lib/gcc/arm-none-eabi/12.3.1/../../../../arm-none-eabi/lib/thumb/v8-m.main+fp/hard\libc_nano.a(libc_a-malloc.o)
 .ARM.attributes
                0x0000082e       0x38 C:/ST/STM32CubeIDE_1.11.0/STM32CubeIDE/plugins/com.st.stm32cube.ide.mcu.externaltools.gnu-tools-for-stm32.12.3.rel1.win32_1.0.200.202406191623/tools/bin/../lib/gcc/arm-none-eabi/12.3.1/../../../../arm-none-eabi/lib/thumb/v8-m.main+fp/hard\libc_nano.a(libc_a-mallocr.o)
 .ARM.attributes
                0x00000866       0x38 C:/ST/STM32CubeIDE_1.11.0/STM32CubeIDE/plugins/com.st.stm32cube.ide.mcu.externaltools.gnu-tools-for-stm32.12.3.rel1.win32_1.0.200.202406191623/tools/bin/../lib/gcc/arm-none-eabi/12.3.1/../../../../arm-none-eabi/lib/thumb/v8-m.main+fp/hard\libc_nano.a(libc_a-mlock.o)
 .ARM.attributes
                0x0000089e       0x38 C:/ST/STM32CubeIDE_1.11.0/STM32CubeIDE/plugins/com.st.stm32cube.ide.mcu.externaltools.gnu-tools-for-stm32.12.3.rel1.win32_1.0.200.202406191623/tools/bin/../lib/gcc/arm-none-eabi/12.3.1/../../../../arm-none-eabi/lib/thumb/v8-m.main+fp/hard\libc_nano.a(libc_a-findfp.o)
 .ARM.attributes