Archive member included to satisfy reference by file (symbol)

C:/ST/STM32CubeIDE_1.11.0/STM32CubeIDE/plugins/com.st.stm32cube.ide.mcu.externaltools.gnu-tools-for-stm32.12.3.rel1.win32_1.0.200.202406191623/tools/bin/../lib/gcc/arm-none-eabi/12.3.1/../../../../arm-none-eabi/lib/thumb/v8-m.main+fp/hard\libstdc++_nano.a(del_ops.o)
                              ./Core/Src/GpioHandler.o (operator delete(void*, unsigned int))
C:/ST/STM32CubeIDE_1.11.0/STM32CubeIDE/plugins/com.st.stm32cube.ide.mcu.externaltools.gnu-tools-for-stm32.12.3.rel1.win32_1.0.200.202406191623/tools/bin/../lib/gcc/arm-none-eabi/12.3.1/../../../../arm-none-eabi/lib/thumb/v8-m.main+fp/hard\libstdc++_nano.a(del_op.o)
                              C:/ST/STM32CubeIDE_1.11.0/STM32CubeIDE/plugins/com.st.stm32cube.ide.mcu.externaltools.gnu-tools-for-stm32.12.3.rel1.win32_1.0.200.202406191623/tools/bin/../lib/gcc/arm-none-eabi/12.3.1/../../../../arm-none-eabi/lib/thumb/v8-m.main+fp/hard\libstdc++_nano.a(del_ops.o) (operator delete(void*))
C:/ST/STM32CubeIDE_1.11.0/STM32CubeIDE/plugins/com.st.stm32cube.ide.mcu.externaltools.gnu-tools-for-stm32.12.3.rel1.win32_1.0.200.202406191623/tools/bin/../lib/gcc/arm-none-eabi/12.3.1/../../../../arm-none-eabi/lib/thumb/v8-m.main+fp/hard\libc_nano.a(libc_a-assert.o)
                              ./Core/Src/uwb3000Fxx.o (__assert_func)
C:/ST/STM32CubeIDE_1.11.0/STM32CubeIDE/plugins/com.st.stm32cube.ide.mcu.externaltools.gnu-tools-for-stm32.12.3.rel1.win32_1.0.200.202406191623/tools/bin/../lib/gcc/arm-none-eabi/12.3.1/../../../../arm-none-eabi/lib/thumb/v8-m.main+fp/hard\libc_nano.a(libc_a-exit.o)
                              C:/ST/STM32CubeIDE_1.11.0/STM32CubeIDE/plugins/com.st.stm32cube.ide.mcu.externaltools.gnu-tools-for-stm32.12.3.rel1.win32_1.0.200.202406191623/tools/bin/../lib/gcc/arm-none-eabi/12.3.1/../../../../arm-none-eabi/lib/thumb/v8-m.main+fp/hard/crt0.o (exit)
C:/ST/STM32CubeIDE_1.11.0/STM32CubeIDE/plugins/com.st.stm32cube.ide.mcu.externaltools.gnu-tools-for-stm32.12.3.rel1.win32_1.0.200.202406191623/tools/bin/../lib/gcc/arm-none-eabi/12.3.1/../../../../arm-none-eabi/lib/thumb/v8-m.main+fp/hard\libc_nano.a(libc_a-malloc.o)
                              ./Core/Src/human_tag.o (malloc)
C:/ST/STM32CubeIDE_1.11.0/STM32CubeIDE/plugins/com.st.stm32cube.ide.mcu.externaltools.gnu-tools-for-stm32.12.3.rel1.win32_1.0.200.202406191623/tools/bin/../lib/gcc/arm-none-eabi/12.3.1/../../../../arm-none-eabi/lib/thumb/v8-m.main+fp/hard\libc_nano.a(libc_a-mallocr.o)
                              C:/ST/STM32CubeIDE_1.11.0/STM32CubeIDE/plugins/com.st.stm32cube.ide.mcu.externaltools.gnu-tools-for-stm32.12.3.rel1.win32_1.0.200.202406191623/tools/bin/../lib/gcc/arm-none-eabi/12.3.1/../../../../arm-none-eabi/lib/thumb/v8-m.main+fp/hard\libc_nano.a(libc_a-malloc.o) (_malloc_r)
C:/ST/STM32CubeIDE_1.11.0/STM32CubeIDE/plugins/com.st.stm32cube.ide.mcu.externaltools.gnu-tools-for-stm32.12.3.rel1.win32_1.0.200.202406191623/tools/bin/../lib/gcc/arm-none-eabi/12.3.1/../../../../arm-none-eabi/lib/thumb/v8-m.main+fp/hard\libc_nano.a(libc_a-mlock.o)
                              C:/ST/STM32CubeIDE_1.11.0/STM32CubeIDE/plugins/com.st.stm32cube.ide.mcu.externaltools.gnu-tools-for-stm32.12.3.rel1.win32_1.0.200.202406191623/tools/bin/../lib/gcc/arm-none-eabi/12.3.1/../../../../arm-none-eabi/lib/thumb/v8-m.main+fp/hard\libc_nano.a(libc_a-mallocr.o) (__malloc_lock)
C:/ST/STM32CubeIDE_1.11.0/STM32CubeIDE/plugins/com.st.stm32cube.ide.mcu.externaltools.gnu-tools-for-stm32.12.3.rel1.win32_1.0.200.202406191623/tools/bin/../lib/gcc/arm-none-eabi/12.3.1/../../../../arm-none-eabi/lib/thumb/v8-m.main+fp/hard\libc_nano.a(libc_a-findfp.o)
                              C:/ST/STM32CubeIDE_1.11.0/STM32CubeIDE/plugins/com.st.stm32cube.ide.mcu.externaltools.gnu-tools-for-stm32.12.3.rel1.win32_1.0.200.202406191623/tools/bin/../lib/gcc/arm-none-eabi/12.3.1/../../../../arm-none-eabi/lib/thumb/v8-m.main+fp/hard\libc_nano.a(libc_a-exit.o) (__stdio_exit_handler)
C:/ST/STM32CubeIDE_1.11.0/STM32CubeIDE/plugins/com.st.stm32cube.ide.mcu.externaltools.gnu-tools-for-stm32.12.3.rel1.win32_1.0.200.202406191623/tools/bin/../lib/gcc/arm-none-eabi/12.3.1/../../../../arm-none-eabi/lib/thumb/v8-m.main+fp/hard\libc_nano.a(libc_a-fprintf.o)
                              C:/ST/STM32CubeIDE_1.11.0/STM32CubeIDE/plugins/com.st.stm32cube.ide.mcu.externaltools.gnu-tools-for-stm32.12.3.rel1.win32_1.0.200.202406191623/tools/bin/../lib/gcc/arm-none-eabi/12.3.1/../../../../arm-none-eabi/lib/thumb/v8-m.main+fp/hard\libc_nano.a(libc_a-assert.o) (fiprintf)
C:/ST/STM32CubeIDE_1.11.0/STM32CubeIDE/plugins/com.st.stm32cube.ide.mcu.externaltools.gnu-tools-for-stm32.12.3.rel1.win32_1.0.200.202406191623/tools/bin/../lib/gcc/arm-none-eabi/12.3.1/../../../../arm-none-eabi/lib/thumb/v8-m.main+fp/hard\libc_nano.a(libc_a-fwalk.o)
[...]
Memory Configuration

Name             Origin             Length             Attributes
RAM              0x20000000         0x00040000         xrw
SRAM4            0x28000000         0x00004000         xrw
FLASH            0x08000000         0x00080000         xr
*default*        0x00000000         0xffffffff

Linker script and memory map

LOAD C:/ST/STM32CubeIDE_1.11.0/STM32CubeIDE/plugins/com.st.stm32cube.ide.mcu.externaltools.gnu-tools-for-stm32.12.3.rel1.win32_1.0.200.202406191623/tools/bin/../lib/gcc/arm-none-eabi/12.3.1/thumb/v8-m.main+fp/hard/crti.o
LOAD C:/ST/STM32CubeIDE_1.11.0/STM32CubeIDE/plugins/com.st.stm32cube.ide.mcu.externaltools.gnu-tools-for-stm32.12.3.rel1.win32_1.0.200.202406191623/tools/bin/../lib/gcc/arm-none-eabi/12.3.1/thumb/v8-m.main+fp/hard/crtbegin.o
LOAD C:/ST/STM32CubeIDE_1.11.0/STM32CubeIDE/plugins/com.st.stm32cube.ide.mcu.externaltools.gnu-tools-for-stm32.12.3.rel1.win32_1.0.200.202406191623/tools/bin/../lib/gcc/arm-none-eabi/12.3.1/../../../../arm-none-eabi/lib/thumb/v8-m.main+fp/hard/crt0.o
LOAD ./Core/Src/Gpio.o
LOAD ./Core/Src/GpioHandler.o
LOAD ./Core/Src/bq25150.o
LOAD ./Core/Src/human_tag.o
LOAD ./Core/Src/main.o
LOAD ./Core/Src/stm32u5xx_hal_msp.o
LOAD ./Core/Src/stm32u5xx_it.o
LOAD ./Core/Src/syscalls.o
LOAD ./Core/Src/sysmem.o
LOAD ./Core/Src/system_stm32u5xx.o
LOAD ./Core/Src/uwb3000Fxx.o
LOAD ./Core/Startup/startup_stm32u535vetxq.o
LOAD ./Drivers/STM32U5xx_HAL_Driver/Src/stm32u5xx_hal.o
LOAD ./Drivers/STM32U5xx_HAL_Driver/Src/stm32u5xx_hal_cortex.o
LOAD ./Drivers/STM32U5xx_HAL_Driver/Src/stm32u5xx_hal_dma.o
LOAD ./Drivers/STM32U5xx_HAL_Driver/Src/stm32u5xx_hal_dma_ex.o
LOAD ./Drivers/STM32U5xx_HAL_Driver/Src/stm32u5xx_hal_exti.o
LOAD ./Drivers/STM32U5xx_HAL_Driver/Src/stm32u5xx_hal_flash.o
LOAD ./Drivers/STM32U5xx_HAL_Driver/Src/stm32u5xx_hal_flash_ex.o
LOAD ./Drivers/STM32U5xx_HAL_Driver/Src/stm32u5xx_hal_gpio.o
LOAD ./Drivers/STM32U5xx_HAL_Driver/Src/stm32u5xx_hal_gtzc.o
LOAD ./Drivers/STM32U5xx_HAL_Driver/Src/stm32u5xx_hal_i2c.o
LOAD ./Drivers/STM32U5xx_HAL_Driver/Src/stm32u5xx_hal_i2c_ex.o
LOAD ./Drivers/STM32U5xx_HAL_Driver/Src/stm32u5xx_hal_icache.o
LOAD ./Drivers/STM32U5xx_HAL_Driver/Src/stm32u5xx_hal_pwr.o
LOAD ./Drivers/STM32U5xx_HAL_Driver/Src/stm32u5xx_hal_pwr_ex.o
LOAD ./Drivers/STM32U5xx_HAL_Driver/Src/stm32u5xx_hal_rcc.o
LOAD ./Drivers/STM32U5xx_HAL_Driver/Src/stm32u5xx_hal_rcc_ex.o
LOAD ./Drivers/STM32U5xx_HAL_Driver/Src/stm32u5xx_hal_spi.o
LOAD ./Drivers/STM32U5xx_HAL_Driver/Src/stm32u5xx_hal_spi_ex.o
LOAD ./Drivers/STM32U5xx_HAL_Driver/Src/stm32u5xx_hal_tim.o
LOAD ./Drivers/STM32U5xx_HAL_Driver/Src/stm32u5xx_hal_tim_ex.o
START GROUP
LOAD C:/ST/STM32CubeIDE_1.11.0/STM32CubeIDE/plugins/com.st.stm32cube.ide.mcu.externaltools.gnu-tools-for-stm32.12.3.rel1.win32_1.0.200.202406191623/tools/bin/../lib/gcc/arm-none-eabi/12.3.1/../../../../arm-none-eabi/lib/thumb/v8-m.main+fp/hard\libstdc++_nano.a
LOAD C:/ST/STM32CubeIDE_1.11.0/STM32CubeIDE/plugins/com.st.stm32cube.ide.mcu.externaltools.gnu-tools-for-stm32.12.3.rel1.win32_1.0.200.202406191623/tools/bin/../lib/gcc/arm-none-eabi/12.3.1/../../../../arm-none-eabi/lib/thumb/v8-m.main+fp/hard\libsupc++_nano.a
END GROUP
LOAD C:/ST/STM32CubeIDE_1.11.0/STM32CubeIDE/plugins/com.st.stm32cube.ide.mcu.externaltools.gnu-tools-for-stm32.12.3.rel1.win32_1.0.200.202406191623/tools/bin/../lib/gcc/arm-none-eabi/12.3.1/../../../../arm-none-eabi/lib/thumb/v8-m.main+fp/hard\libstdc++_nano.a
LOAD C:/ST/STM32CubeIDE_1.11.0/STM32CubeIDE/plugins/com.st.stm32cube.ide.mcu.externaltools.gnu-tools-for-stm32.12.3.rel1.win32_1.0.200.202406191623/tools/bin/../lib/gcc/arm-none-eabi/12.3.1/../../../../arm-none-eabi/lib/thumb/v8-m.main+fp/hard\libm.a
LOAD C:/ST/STM32CubeIDE_1.11.0/STM32CubeIDE/plugins/com.st.stm32cube.ide.mcu.externaltools.gnu-tools-for-stm32.12.3.rel1.win32_1.0.200.202406191623/tools/bin/../lib/gcc/arm-none-eabi/12.3.1/../../../../arm-none-eabi/lib/thumb/v8-m.main+fp/hard\libc_nano.a
START GROUP
LOAD C:/ST/STM32CubeIDE_1.11.0/STM32CubeIDE/plugins/com.st.stm32cube.ide.mcu.externaltools.gnu-tools-for-stm32.12.3.rel1.win32_1.0.200.202406191623/tools/bin/../lib/gcc/arm-none-eabi/12.3.1/thumb/v8-m.main+fp/hard\libgcc.a
LOAD C:/ST/STM32CubeIDE_1.11.0/STM32CubeIDE/plugins/com.st.stm32cube.ide.mcu.externaltools.gnu-tools-for-stm32.12.3.rel1.win32_1.0.200.202406191623/tools/bin/../lib/gcc/arm-none-eabi/12.3.1/../../../../arm-none-eabi/lib/thumb/v8-m.main+fp/hard\libc_nano.a
END GROUP
START GROUP
LOAD C:/ST/STM32CubeIDE_1.11.0/STM32CubeIDE/plugins/com.st.stm32cube.ide.mcu.externaltools.gnu-tools-for-stm32.12.3.rel1.win32_1.0.200.202406191623/tools/bin/../lib/gcc/arm-none-eabi/12.3.1/thumb/v8-m.main+fp/hard\libgcc.a
LOAD C:/ST/STM32CubeIDE_1.11.0/STM32CubeIDE/plugins/com.st.stm32cube.ide.mcu.externaltools.gnu-tools-for-stm32.12.3.rel1.win32_1.0.200.202406191623/tools/bin/../lib/gcc/arm-none-eabi/12.3.1/../../../../arm-none-eabi/lib/thumb/v8-m.main+fp/hard\libc_nano.a
LOAD C:/ST/STM32CubeIDE_1.11.0/STM32CubeIDE/plugins/com.st.stm32cube.ide.mcu.externaltools.gnu-tools-for-stm32.12.3.rel1.win32_1.0.200.202406191623/tools/bin/../lib/gcc/arm-none-eabi/12.3.1/../../../../arm-none-eabi/lib/thumb/v8-m.main+fp/hard\libnosys.a
END GROUP
START GROUP
LOAD C:/ST/STM32CubeIDE_1.11.0/STM32CubeIDE/plugins/com.st.stm32cube.ide.mcu.externaltools.gnu-tools-for-stm32.12.3.rel1.win32_1.0.200.202406191623/tools/bin/../lib/gcc/arm-none-eabi/12.3.1/thumb/v8-m.main+fp/hard\libgcc.a
LOAD C:/ST/STM32CubeIDE_1.11.0/STM32CubeIDE/plugins/com.st.stm32cube.ide.mcu.externaltools.gnu-tools-for-stm32.12.3.rel1.win32_1.0.200.202406191623/tools/bin/../lib/gcc/arm-none-eabi/12.3.1/../../../../arm-none-eabi/lib/thumb/v8-m.main+fp/hard\libc_nano.a
LOAD C:/ST/STM32CubeIDE_1.11.0/STM32CubeIDE/plugins/com.st.stm32cube.ide.mcu.externaltools.gnu-tools-for-stm32.12.3.rel1.win32_1.0.200.202406191623/tools/bin/../lib/gcc/arm-none-eabi/12.3.1/../../../../arm-none-eabi/lib/thumb/v8-m.main+fp/hard\libnosys.a
END GROUP
LOAD C:/ST/STM32CubeIDE_1.11.0/STM32CubeIDE/plugins/com.st.stm32cube.ide.mcu.externaltools.gnu-tools-for-stm32.12.3.rel1.win32_1.0.200.202406191623/tools/bin/../lib/gcc/arm-none-eabi/12.3.1/thumb/v8-m.main+fp/hard/crtend.o
LOAD C:/ST/STM32CubeIDE_1.11.0/STM32CubeIDE/plugins/com.st.stm32cube.ide.mcu.externaltools.gnu-tools-for-stm32.12.3.rel1.win32_1.0.200.202406191623/tools/bin/../lib/gcc/arm-none-eabi/12.3.1/thumb/v8-m.main+fp/hard/crtn.o
                0x20040000                        _estack = (ORIGIN (RAM) + LENGTH (RAM))
                0x00000200                        _Min_Heap_Size = 0x200
                0x00000400                        _Min_Stack_Size = 0x400

.isr_vector     0x08000000      0x238
 *(.isr_vector)
 .isr_vector    0x08000000      0x238 ./Core/Startup/startup_stm32u535vetxq.o
                0x08000000                g_pfnVectors

.text           0x08000238     0x97d0
 *(.text)
 .text          0x08000238       0x40 C:/ST/STM32CubeIDE_1.11.0/STM32CubeIDE/plugins/com.st.stm32cube.ide.mcu.externaltools.gnu-tools-for-stm32.12.3.rel1.win32_1.0.200.202406191623/tools/bin/../lib/gcc/arm-none-eabi/12.3.1/thumb/v8-m.main+fp/hard/crtbegin.o
 *(.text*)
 .text._ZN4GpioC2EP12GPIO_TypeDeft
                0x08000278       0x28 ./Core/Src/Gpio.o
                0x08000278                Gpio::Gpio(GPIO_TypeDef*, unsigned short)
                0x08000278                Gpio::Gpio(GPIO_TypeDef*, unsigned short)
 .text._ZN4Gpio8get_portEv
                0x080002a0       0x18 ./Core/Src/Gpio.o
                0x080002a0                Gpio::get_port()
 .text._ZN4Gpio7get_pinEv
                0x080002b8       0x18 ./Core/Src/Gpio.o
                0x080002b8                Gpio::get_pin()
 .text._ZN11GpioHandlerC2Ev
                0x080002d0       0x20 ./Core/Src/GpioHandler.o
                0x080002d0                GpioHandler::GpioHandler()
                0x080002d0                GpioHandler::GpioHandler()
 .text._ZN11GpioHandlerD2Ev
                0x080002f0       0x20 ./Core/Src/GpioHandler.o
                0x080002f0                GpioHandler::~GpioHandler()
                0x080002f0                GpioHandler::~GpioHandler()
 .text._ZN11GpioHandlerD0Ev
                0x08000310       0x20 ./Core/Src/GpioHandler.o
                0x08000310                GpioHandler::~GpioHandler()
 .text._ZN11GpioHandler12switch_stateE4Gpio13GPIO_PinState
                0x08000330       0x38 ./Core/Src/GpioHandler.o
                0x08000330                GpioHandler::switch_state(Gpio, GPIO_PinState)
 .text._ZN11GpioHandler6turnOnE4Gpio
                0x08000368       0x22 ./Core/Src/GpioHandler.o
                0x08000368                GpioHandler::turnOn(Gpio)
 .text._ZN11GpioHandler7turnOffE4Gpio
                0x0800038a       0x22 ./Core/Src/GpioHandler.o
                0x0800038a                GpioHandler::turnOff(Gpio)
 .text._ZN7Bq25155C2E4GpioS0_S0_P19__I2C_HandleTypeDef
                0x080003ac       0x8a ./Core/Src/bq25150.o
                0x080003ac                Bq25155::Bq25155(Gpio, Gpio, Gpio, __I2C_HandleTypeDef*)
                0x080003ac                Bq25155::Bq25155(Gpio, Gpio, Gpio, __I2C_HandleTypeDef*)
 .text._ZN7Bq251556mr_setEv
                0x08000436       0x22 ./Core/Src/bq25150.o
                0x08000436                Bq25155::mr_set()
 .text._ZN7Bq251558mr_resetEv
                0x08000458       0x22 ./Core/Src/bq25150.o
                0x08000458                Bq25155::mr_reset()
 .text._ZN7Bq2515519manual_read_adc_batEv
                0x0800047a       0x52 ./Core/Src/bq25150.o
                0x0800047a                Bq25155::manual_read_adc_bat()
 .text._ZN7Bq251559adc_flagsEv
                0x080004cc       0x4c ./Core/Src/bq25150.o
                0x080004cc                Bq25155::adc_flags()
 .text._ZN7Bq2515516register_adc_batEv
                0x08000518       0x72 ./Core/Src/bq25150.o
                0x08000518                Bq25155::register_adc_bat()
 .text._ZN7Bq251559I2C_writeEhhhP19__I2C_HandleTypeDef
                0x0800058a       0x46 ./Core/Src/bq25150.o
                0x0800058a                Bq25155::I2C_write(unsigned char, unsigned char, unsigned char, __I2C_HandleTypeDef*)
 .text._ZN7Bq2515519register_init_all_2Ev
                0x080005d0      0x23e ./Core/Src/bq25150.o
                0x080005d0                Bq25155::register_init_all_2()
 *fill*         0x0800080e        0x2 
 .text.process_first_tag_information
                0x08000810      0x174 ./Core/Src/human_tag.o
                0x08000810                process_first_tag_information
 .text.process_queried_tag_information
                0x08000984       0xa2 ./Core/Src/human_tag.o
                0x08000984                process_queried_tag_information
 *fill*         0x08000a26        0x2 
 .text.process_response
                0x08000a28      0x140 ./Core/Src/human_tag.o
                0x08000a28                process_response
 .text.start_tag_reception_inmediate
                0x08000b68       0x30 ./Core/Src/human_tag.o
                0x08000b68                start_tag_reception_inmediate
 .text.wait_rx_data
                0x08000b98       0xbc ./Core/Src/human_tag.o
                0x08000b98                wait_rx_data
 .text.main     0x08000c54      0x3a4 ./Core/Src/main.o
                0x08000c54                main
 .text._Z18SystemClock_Configv
                0x08000ff8       0xd6 ./Core/Src/main.o
                0x08000ff8                SystemClock_Config()
 .text._ZL13MX_FLASH_Initv
                0x080010ce       0x38 ./Core/Src/main.o
 *fill*         0x08001106        0x2 
 .text._ZL12MX_I2C1_Initv
                0x08001108       0x9c ./Core/Src/main.o
 .text._ZL12MX_SPI2_Initv
                0x080011a4       0xf0 ./Core/Src/main.o
 .text._ZL12MX_TIM2_Initv
                0x08001294       0xc0 ./Core/Src/main.o
 .text._ZL12MX_GPIO_Initv
                0x08001354      0x1b0 ./Core/Src/main.o
 .text.HAL_TIM_PeriodElapsedCallback
                0x08001504       0x3c ./Core/Src/main.o
                0x08001504                HAL_TIM_PeriodElapsedCallback
 .text.HAL_GPIO_EXTI_Falling_Callback
                0x08001540       0x28 ./Core/Src/main.o
                0x08001540                HAL_GPIO_EXTI_Falling_Callback
 .text.Error_Handler
                0x08001568        0xc ./Core/Src/main.o
                0x08001568                Error_Handler
 .text._ZN7Bq25155D2Ev
                0x08001574       0x1c ./Core/Src/main.o
                0x08001574                Bq25155::~Bq25155()
                0x08001574                Bq25155::~Bq25155()
 .text._Z41__static_initialization_and_destruction_0ii
                0x08001590       0xa4 ./Core/Src/main.o
 .text._GLOBAL__sub_I_tag
                0x08001634       0x10 ./Core/Src/main.o
 .text._GLOBAL__sub_D_tag
                0x08001644       0x10 ./Core/Src/main.o
 .text.HAL_MspInit
                0x08001654       0x34 ./Core/Src/stm32u5xx_hal_msp.o
                0x08001654                HAL_MspInit
 .text.HAL_I2C_MspInit
                0x08001688       0xd0 ./Core/Src/stm32u5xx_hal_msp.o
                0x08001688                HAL_I2C_MspInit
 .text.HAL_SPI_MspInit
                0x08001758      0x100 ./Core/Src/stm32u5xx_hal_msp.o
                0x08001758                HAL_SPI_MspInit
 .text.HAL_TIM_Base_MspInit
                0x08001858       0x4c ./Core/Src/stm32u5xx_hal_msp.o
                0x08001858                HAL_TIM_Base_MspInit
 .text.NMI_Handler
                0x080018a4        0x8 ./Core/Src/stm32u5xx_it.o
                0x080018a4                NMI_Handler
 .text.HardFault_Handler
                0x080018ac        0x8 ./Core/Src/stm32u5xx_it.o
                0x080018ac                HardFault_Handler
 .text.MemManage_Handler
                0x080018b4        0x8 ./Core/Src/stm32u5xx_it.o
                0x080018b4                MemManage_Handler
 .text.BusFault_Handler
                0x080018bc        0x8 ./Core/Src/stm32u5xx_it.o
                0x080018bc                BusFault_Handler
 .text.UsageFault_Handler
                0x080018c4        0x8 ./Core/Src/stm32u5xx_it.o
                0x080018c4                UsageFault_Handler
 .text.SVC_Handler
                0x080018cc        0xe ./Core/Src/stm32u5xx_it.o
                0x080018cc                SVC_Handler
 .text.DebugMon_Handler
                0x080018da        0xe ./Core/Src/stm32u5xx_it.o
                0x080018da                DebugMon_Handler
 .text.PendSV_Handler
                0x080018e8        0xe ./Core/Src/stm32u5xx_it.o
                0x080018e8                PendSV_Handler
 .text.SysTick_Handler
                0x080018f6        0xc ./Core/Src/stm32u5xx_it.o
                0x080018f6                SysTick_Handler
 .text.EXTI8_IRQHandler
                0x08001902       0x10 ./Core/Src/stm32u5xx_it.o
                0x08001902                EXTI8_IRQHandler
 *fill*         0x08001912        0x2 
 .text.TIM2_IRQHandler
                0x08001914       0x14 ./Core/Src/stm32u5xx_it.o
                0x08001914                TIM2_IRQHandler
 .text._getpid  0x08001928       0x10 ./Core/Src/syscalls.o
                0x08001928                _getpid
 .text._kill    0x08001938       0x20 ./Core/Src/syscalls.o
                0x08001938                _kill
 .text._exit    0x08001958       0x16 ./Core/Src/syscalls.o
                0x08001958                _exit
 .text._read    0x0800196e       0x3a ./Core/Src/syscalls.o
                0x0800196e                _read
 .text._write   0x080019a8       0x38 ./Core/Src/syscalls.o
                0x080019a8                _write
 .text._close   0x080019e0       0x18 ./Core/Src/syscalls.o
                0x080019e0                _close
 .text._fstat   0x080019f8       0x20 ./Core/Src/syscalls.o
                0x080019f8                _fstat
 .text._isatty  0x08001a18       0x16 ./Core/Src/syscalls.o
                0x08001a18                _isatty
 .text._lseek   0x08001a2e       0x1a ./Core/Src/syscalls.o
                0x08001a2e                _lseek
 .text._sbrk    0x08001a48       0x6c ./Core/Src/sysmem.o
                0x08001a48                _sbrk
 .text.SystemInit
                0x08001ab4       0x70 ./Core/Src/system_stm32u5xx.o
                0x08001ab4                SystemInit
 .text.dwt_local_data_init
                0x08001b24      0x180 ./Core/Src/uwb3000Fxx.o
                0x08001b24                dwt_local_data_init
 .text.tag_init
                0x08001ca4       0xfa ./Core/Src/uwb3000Fxx.o
                0x08001ca4                tag_init
 *fill*         0x08001d9e        0x2 
 .text.dwt_config2
                0x08001da0      0x474 ./Core/Src/uwb3000Fxx.o
                0x08001da0                dwt_config2
 .text.dwt_otp_read
                0x08002214       0x50 ./Core/Src/uwb3000Fxx.o
                0x08002214                dwt_otp_read
 .text.dwt_xfer3000
                0x08002264      0x230 ./Core/Src/uwb3000Fxx.o
                0x08002264                dwt_xfer3000
 .text.dwt_writetodevice
                0x08002494       0x2c ./Core/Src/uwb3000Fxx.o
                0x08002494                dwt_writetodevice
 .text.dwt_readfromdevice
                0x080024c0       0x2a ./Core/Src/uwb3000Fxx.o
                0x080024c0                dwt_readfromdevice
 .text.dwt_read32bitoffsetreg
                0x080024ea       0x4c ./Core/Src/uwb3000Fxx.o
                0x080024ea                dwt_read32bitoffsetreg
 .text.dwt_read16bitoffsetreg
                0x08002536       0x34 ./Core/Src/uwb3000Fxx.o
                0x08002536                dwt_read16bitoffsetreg
 .text.dwt_read8bitoffsetreg
                0x0800256a       0x24 ./Core/Src/uwb3000Fxx.o
                0x0800256a                dwt_read8bitoffsetreg
 .text.dwt_write32bitoffsetreg
                0x0800258e       0x4c ./Core/Src/uwb3000Fxx.o
                0x0800258e                dwt_write32bitoffsetreg
 .text.dwt_write16bitoffsetreg
                0x080025da       0x36 ./Core/Src/uwb3000Fxx.o
                0x080025da                dwt_write16bitoffsetreg
 .text.dwt_write8bitoffsetreg
                0x08002610       0x24 ./Core/Src/uwb3000Fxx.o
                0x08002610                dwt_write8bitoffsetreg
 .text.dwt_modify32bitoffsetreg
                0x08002634       0x68 ./Core/Src/uwb3000Fxx.o
                0x08002634                dwt_modify32bitoffsetreg
 .text.dwt_modify16bitoffsetreg
                0x0800269c       0x56 ./Core/Src/uwb3000Fxx.o
                0x0800269c                dwt_modify16bitoffsetreg
 .text.dwt_modify8bitoffsetreg
                0x080026f2       0x3e ./Core/Src/uwb3000Fxx.o
                0x080026f2                dwt_modify8bitoffsetreg
 .text.dwt_generatecrc8
                0x08002730       0x4c ./Core/Src/uwb3000Fxx.o
                0x08002730                dwt_generatecrc8
 .text._dwt_kick_dgc_on_wakeup
                0x0800277c       0x48 ./Core/Src/uwb3000Fxx.o
                0x0800277c                _dwt_kick_dgc_on_wakeup
 .text.dwt_setdwstate
                0x080027c4       0x90 ./Core/Src/uwb3000Fxx.o
                0x080027c4                dwt_setdwstate
 .text.dwt_setfinegraintxseq
                0x08002854       0x38 ./Core/Src/uwb3000Fxx.o
                0x08002854                dwt_setfinegraintxseq
 .text.dwt_setlnapamode
                0x0800288c       0x6c ./Core/Src/uwb3000Fxx.o
                0x0800288c                dwt_setlnapamode
 .text.dwt_readdevid
                0x080028f8       0x12 ./Core/Src/uwb3000Fxx.o
                0x080028f8                dwt_readdevid
 *fill*         0x0800290a        0x2 
 .text.dwt_configuretxrf
                0x0800290c       0x6c ./Core/Src/uwb3000Fxx.o
                0x0800290c                dwt_configuretxrf
 .text.get_sts_mnth
                0x08002978       0x66 ./Core/Src/uwb3000Fxx.o
                0x08002978                get_sts_mnth
 *fill*         0x080029de        0x2 
 .text.dwt_configmrxlut
                0x080029e0      0x110 ./Core/Src/uwb3000Fxx.o
                0x080029e0                dwt_configmrxlut
 .text.dwt_pgf_cal
                0x08002af0       0x50 ./Core/Src/uwb3000Fxx.o
                0x08002af0                dwt_pgf_cal
 .text.dwt_run_pgfcal
                0x08002b40       0xd8 ./Core/Src/uwb3000Fxx.o
                0x08002b40                dwt_run_pgfcal
 .text.dwt_setrxantennadelay
                0x08002c18       0x20 ./Core/Src/uwb3000Fxx.o
                0x08002c18                dwt_setrxantennadelay
 .text.dwt_settxantennadelay
                0x08002c38       0x24 ./Core/Src/uwb3000Fxx.o
                0x08002c38                dwt_settxantennadelay
 .text.dwt_writetxdata
                0x08002c5c       0x7c ./Core/Src/uwb3000Fxx.o
                0x08002c5c                dwt_writetxdata
 .text.dwt_writetxfctrl
                0x08002cd8       0x70 ./Core/Src/uwb3000Fxx.o
                0x08002cd8                dwt_writetxfctrl
 .text.dwt_setplenfine
                0x08002d48       0x1e ./Core/Src/uwb3000Fxx.o
                0x08002d48                dwt_setplenfine
 *fill*         0x08002d66        0x2 
 .text.dwt_readrxdata
                0x08002d68       0x84 ./Core/Src/uwb3000Fxx.o
                0x08002d68                dwt_readrxdata
 .text.dwt_readrxtimestamp
                0x08002dec       0x54 ./Core/Src/uwb3000Fxx.o
                0x08002dec                dwt_readrxtimestamp
 .text.dwt_aon_write
                0x08002e40       0x68 ./Core/Src/uwb3000Fxx.o
                0x08002e40                dwt_aon_write
 .text._dwt_otpread
                0x08002ea8       0x50 ./Core/Src/uwb3000Fxx.o
                0x08002ea8                _dwt_otpread
 .text.dwt_configuresleepcnt
                0x08002ef8       0x32 ./Core/Src/uwb3000Fxx.o
                0x08002ef8                dwt_configuresleepcnt
 *fill*         0x08002f2a        0x2 
 .text.dwt_configuresleep
                0x08002f2c       0x50 ./Core/Src/uwb3000Fxx.o
                0x08002f2c                dwt_configuresleep
 .text.dwt_check_dev_id
                0x08002f7c       0x34 ./Core/Src/uwb3000Fxx.o
                0x08002f7c                dwt_check_dev_id
 .text.dwt_setrxaftertxdelay
                0x08002fb0       0x3c ./Core/Src/uwb3000Fxx.o
                0x08002fb0                dwt_setrxaftertxdelay
 .text.dwt_checkidlerc
                0x08002fec       0x30 ./Core/Src/uwb3000Fxx.o
                0x08002fec                dwt_checkidlerc
 .text.dwt_setleds
                0x0800301c       0xa4 ./Core/Src/uwb3000Fxx.o
                0x0800301c                dwt_setleds
 .text.dwt_force_clocks
                0x080030c0       0x50 ./Core/Src/uwb3000Fxx.o
                0x080030c0                dwt_force_clocks
 .text.dwt_setdelayedtrxtime
                0x08003110       0x1a ./Core/Src/uwb3000Fxx.o
                0x08003110                dwt_setdelayedtrxtime
 *fill*         0x0800312a        0x2 
 .text.dwt_starttx
                0x0800312c      0x1a8 ./Core/Src/uwb3000Fxx.o
                0x0800312c                dwt_starttx
 .text.dwt_rxenable
                0x080032d4       0xf8 ./Core/Src/uwb3000Fxx.o
                0x080032d4                dwt_rxenable
 .text.dwt_setrxtimeout
                0x080033cc       0x40 ./Core/Src/uwb3000Fxx.o
                0x080033cc                dwt_setrxtimeout
 .text.dwt_setpreambledetecttimeout
                0x0800340c       0x24 ./Core/Src/uwb3000Fxx.o
                0x0800340c                dwt_setpreambledetecttimeout
 .text.dwt_disable_rf_tx
                0x08003430       0x44 ./Core/Src/uwb3000Fxx.o
 .text.dwt_enable_rf_tx
                0x08003474       0x80 ./Core/Src/uwb3000Fxx.o
 .text.dwt_enable_rftx_blocks
                0x080034f4       0x48 ./Core/Src/uwb3000Fxx.o
 .text.dwt_disable_rftx_blocks
                0x0800353c       0x18 ./Core/Src/uwb3000Fxx.o
 .text.dwt_calcbandwidthadj
                0x08003554       0x8c ./Core/Src/uwb3000Fxx.o
                0x08003554                dwt_calcbandwidthadj
 .text.write    0x080035e0       0xc8 ./Core/Src/uwb3000Fxx.o
                0x080035e0                write
 .text.read     0x080036a8       0x70 ./Core/Src/uwb3000Fxx.o
                0x080036a8                read
 .text.get_rx_timestamp_u64
                0x08003718       0x82 ./Core/Src/uwb3000Fxx.o
                0x08003718                get_rx_timestamp_u64
 .text.deca_usleep
                0x0800379a       0x38 ./Core/Src/uwb3000Fxx.o
                0x0800379a                deca_usleep
 *fill*         0x080037d2        0x2 
 .text.Reset_Handler
                0x080037d4       0x50 ./Core/Startup/startup_stm32u535vetxq.o
                0x080037d4                Reset_Handler
 .text.Default_Handler
                0x08003824        0x2 ./Core/Startup/startup_stm32u535vetxq.o
                0x08003824                EXTI2_IRQHandler
                0x08003824                TIM8_TRG_COM_IRQHandler
                0x08003824                TIM8_CC_IRQHandler
                0x08003824                EXTI5_IRQHandler
                0x08003824                FLASH_S_IRQHandler
                0x08003824                EXTI13_IRQHandler
                0x08003824                TIM1_CC_IRQHandler
                0x08003824                TSC_IRQHandler
                0x08003824                TAMP_IRQHandler
                0x08003824                TIM6_IRQHandler
                0x08003824                EXTI12_IRQHandler
                0x08003824                CORDIC_IRQHandler
                0x08003824                EXTI3_IRQHandler
                0x08003824                LPTIM4_IRQHandler
                0x08003824                GPDMA1_Channel5_IRQHandler
                0x08003824                LPTIM2_IRQHandler
                0x08003824                I2C3_ER_IRQHandler
                0x08003824                PWR_S3WU_IRQHandler
                0x08003824                LPDMA1_Channel3_IRQHandler
                0x08003824                LPTIM3_IRQHandler
                0x08003824                EXTI0_IRQHandler
                0x08003824                I2C2_EV_IRQHandler
                0x08003824                FPU_IRQHandler
                0x08003824                GPDMA1_Channel3_IRQHandler
                0x08003824                GPDMA1_Channel7_IRQHandler
                0x08003824                FDCAN1_IT1_IRQHandler
                0x08003824                RAMCFG_IRQHandler
                0x08003824                GPDMA1_Channel9_IRQHandler
                0x08003824                DCACHE1_IRQHandler
                0x08003824                SPI1_IRQHandler
                0x08003824                OCTOSPI1_IRQHandler
                0x08003824                GPDMA1_Channel2_IRQHandler
                0x08003824                TIM8_UP_IRQHandler
                0x08003824                RCC_S_IRQHandler
                0x08003824                MDF1_FLT1_IRQHandler
                0x08003824                ADC1_IRQHandler
                0x08003824                EXTI15_IRQHandler
                0x08003824                TIM17_IRQHandler
                0x08003824                USART3_IRQHandler
                0x08003824                RTC_IRQHandler
                0x08003824                EXTI9_IRQHandler
                0x08003824                UART5_IRQHandler
                0x08003824                TIM4_IRQHandler
                0x08003824                I2C1_EV_IRQHandler
                0x08003824                GPDMA1_Channel12_IRQHandler
                0x08003824                GPDMA1_Channel1_IRQHandler
                0x08003824                TIM16_IRQHandler
                0x08003824                GPDMA1_Channel15_IRQHandler
                0x08003824                UART4_IRQHandler
                0x08003824                SecureFault_Handler
                0x08003824                TIM3_IRQHandler
                0x08003824                RCC_IRQHandler
                0x08003824                TIM1_TRG_COM_IRQHandler
                0x08003824                Default_Handler
                0x08003824                GPDMA1_Channel8_IRQHandler
                0x08003824                FMAC_IRQHandler
                0x08003824                GPDMA1_Channel11_IRQHandler
                0x08003824                TIM7_IRQHandler
                0x08003824                SDMMC1_IRQHandler
                0x08003824                TIM5_IRQHandler
                0x08003824                GPDMA1_Channel0_IRQHandler
                0x08003824                TIM15_IRQHandler
                0x08003824                I2C3_EV_IRQHandler
                0x08003824                USB_IRQHandler
                0x08003824                LPDMA1_Channel0_IRQHandler
                0x08003824                PVD_PVM_IRQHandler
                0x08003824                SPI2_IRQHandler
                0x08003824                LPDMA1_Channel1_IRQHandler
                0x08003824                EXTI14_IRQHandler
                0x08003824                EXTI11_IRQHandler
                0x08003824                CRS_IRQHandler
                0x08003824                GPDMA1_Channel14_IRQHandler
                0x08003824                LSECSSD_IRQHandler
                0x08003824                EXTI4_IRQHandler
                0x08003824                RTC_S_IRQHandler
                0x08003824                GPDMA1_Channel13_IRQHandler
                0x08003824                RNG_IRQHandler
                0x08003824                COMP_IRQHandler
                0x08003824                TIM1_UP_IRQHandler
                0x08003824                ADC4_IRQHandler
                0x08003824                WWDG_IRQHandler
                0x08003824                I2C4_EV_IRQHandler
                0x08003824                ADF1_IRQHandler
                0x08003824                IWDG_IRQHandler
                0x08003824                LPUART1_IRQHandler
                0x08003824                MDF1_FLT0_IRQHandler
                0x08003824                FDCAN1_IT0_IRQHandler
                0x08003824                GPDMA1_Channel4_IRQHandler
                0x08003824                EXTI7_IRQHandler
                0x08003824                TIM1_BRK_IRQHandler
                0x08003824                EXTI1_IRQHandler
                0x08003824                DAC1_IRQHandler
                0x08003824                GTZC_IRQHandler
                0x08003824                GPDMA1_Channel6_IRQHandler
                0x08003824                I2C2_ER_IRQHandler
                0x08003824                TIM8_BRK_IRQHandler
                0x08003824                FLASH_IRQHandler
                0x08003824                USART1_IRQHandler
                0x08003824                EXTI10_IRQHandler
                0x08003824                SPI3_IRQHandler
                0x08003824                LPDMA1_Channel2_IRQHandler
                0x08003824                I2C1_ER_IRQHandler
                0x08003824                EXTI6_IRQHandler
                0x08003824                LPTIM1_IRQHandler
                0x08003824                DCMI_PSSI_IRQHandler
                0x08003824                I2C4_ER_IRQHandler
                0x08003824                GPDMA1_Channel10_IRQHandler
                0x08003824                ICACHE_IRQHandler
                0x08003824                SAI1_IRQHandler
                0x08003824                HASH_IRQHandler
 *fill*         0x08003826        0x2 
 .text.HAL_Init
                0x08003828       0x60 ./Drivers/STM32U5xx_HAL_Driver/Src/stm32u5xx_hal.o
                0x08003828                HAL_Init
 .text.HAL_DeInit
                0x08003888       0x80 ./Drivers/STM32U5xx_HAL_Driver/Src/stm32u5xx_hal.o
                0x08003888                HAL_DeInit
 .text.HAL_MspDeInit
                0x08003908        0xe ./Drivers/STM32U5xx_HAL_Driver/Src/stm32u5xx_hal.o
                0x08003908                HAL_MspDeInit
 *fill*         0x08003916        0x2 
 .text.HAL_InitTick
                0x08003918       0xec ./Drivers/STM32U5xx_HAL_Driver/Src/stm32u5xx_hal.o
                0x08003918                HAL_InitTick
 .text.HAL_IncTick
                0x08003a04       0x28 ./Drivers/STM32U5xx_HAL_Driver/Src/stm32u5xx_hal.o
                0x08003a04                HAL_IncTick
 .text.HAL_GetTick
                0x08003a2c       0x18 ./Drivers/STM32U5xx_HAL_Driver/Src/stm32u5xx_hal.o
                0x08003a2c                HAL_GetTick
 .text.HAL_Delay
                0x08003a44       0x48 ./Drivers/STM32U5xx_HAL_Driver/Src/stm32u5xx_hal.o
                0x08003a44                HAL_Delay
 .text.__NVIC_SetPriorityGrouping
                0x08003a8c       0x48 ./Drivers/STM32U5xx_HAL_Driver/Src/stm32u5xx_hal_cortex.o
 .text.__NVIC_GetPriorityGrouping
                0x08003ad4       0x1c ./Drivers/STM32U5xx_HAL_Driver/Src/stm32u5xx_hal_cortex.o
 .text.__NVIC_EnableIRQ
                0x08003af0       0x3c ./Drivers/STM32U5xx_HAL_Driver/Src/stm32u5xx_hal_cortex.o
 .text.__NVIC_SetPriority
                0x08003b2c       0x54 ./Drivers/STM32U5xx_HAL_Driver/Src/stm32u5xx_hal_cortex.o
 .text.NVIC_EncodePriority
                0x08003b80       0x66 ./Drivers/STM32U5xx_HAL_Driver/Src/stm32u5xx_hal_cortex.o
 .text.HAL_NVIC_SetPriorityGrouping
                0x08003be6       0x16 ./Drivers/STM32U5xx_HAL_Driver/Src/stm32u5xx_hal_cortex.o
                0x08003be6                HAL_NVIC_SetPriorityGrouping
 .text.HAL_NVIC_SetPriority
                0x08003bfc       0x34 ./Drivers/STM32U5xx_HAL_Driver/Src/stm32u5xx_hal_cortex.o
                0x08003bfc                HAL_NVIC_SetPriority
 .text.HAL_NVIC_EnableIRQ
                0x08003c30       0x1c ./Drivers/STM32U5xx_HAL_Driver/Src/stm32u5xx_hal_cortex.o
                0x08003c30                HAL_NVIC_EnableIRQ
 .text.HAL_SYSTICK_Config
                0x08003c4c       0x44 ./Drivers/STM32U5xx_HAL_Driver/Src/stm32u5xx_hal_cortex.o
                0x08003c4c                HAL_SYSTICK_Config
 .text.HAL_SYSTICK_CLKSourceConfig
                0x08003c90       0xb0 ./Drivers/STM32U5xx_HAL_Driver/Src/stm32u5xx_hal_cortex.o
                0x08003c90                HAL_SYSTICK_CLKSourceConfig
 .text.HAL_SYSTICK_GetCLKSourceConfig
                0x08003d40       0x74 ./Drivers/STM32U5xx_HAL_Driver/Src/stm32u5xx_hal_cortex.o
                0x08003d40                HAL_SYSTICK_GetCLKSourceConfig
 .text.HAL_FLASH_Unlock
                0x08003db4       0x44 ./Drivers/STM32U5xx_HAL_Driver/Src/stm32u5xx_hal_flash.o
                0x08003db4                HAL_FLASH_Unlock
 .text.HAL_FLASH_Lock
                0x08003df8       0x34 ./Drivers/STM32U5xx_HAL_Driver/Src/stm32u5xx_hal_flash.o
                0x08003df8                HAL_FLASH_Lock
 .text.HAL_GPIO_Init
                0x08003e2c      0x3b0 ./Drivers/STM32U5xx_HAL_Driver/Src/stm32u5xx_hal_gpio.o
                0x08003e2c                HAL_GPIO_Init
 .text.HAL_GPIO_WritePin
                0x080041dc       0x30 ./Drivers/STM32U5xx_HAL_Driver/Src/stm32u5xx_hal_gpio.o
                0x080041dc                HAL_GPIO_WritePin
 .text.HAL_GPIO_EXTI_IRQHandler
                0x0800420c       0x4c ./Drivers/STM32U5xx_HAL_Driver/Src/stm32u5xx_hal_gpio.o
                0x0800420c                HAL_GPIO_EXTI_IRQHandler
 .text.HAL_GPIO_EXTI_Rising_Callback
                0x08004258       0x16 ./Drivers/STM32U5xx_HAL_Driver/Src/stm32u5xx_hal_gpio.o
                0x08004258                HAL_GPIO_EXTI_Rising_Callback
 .text.HAL_I2C_Init
                0x0800426e      0x136 ./Drivers/STM32U5xx_HAL_Driver/Src/stm32u5xx_hal_i2c.o
                0x0800426e                HAL_I2C_Init
 .text.HAL_I2C_Master_Transmit
                0x080043a4      0x1e8 ./Drivers/STM32U5xx_HAL_Driver/Src/stm32u5xx_hal_i2c.o
                0x080043a4                HAL_I2C_Master_Transmit
 .text.HAL_I2C_Mem_Read
                0x0800458c      0x234 ./Drivers/STM32U5xx_HAL_Driver/Src/stm32u5xx_hal_i2c.o
                0x0800458c                HAL_I2C_Mem_Read
 .text.I2C_RequestMemoryRead
                0x080047c0       0xa8 ./Drivers/STM32U5xx_HAL_Driver/Src/stm32u5xx_hal_i2c.o
 .text.I2C_Flush_TXDR
                0x08004868       0x48 ./Drivers/STM32U5xx_HAL_Driver/Src/stm32u5xx_hal_i2c.o
 .text.I2C_WaitOnFlagUntilTimeout
                0x080048b0       0xb2 ./Drivers/STM32U5xx_HAL_Driver/Src/stm32u5xx_hal_i2c.o
 .text.I2C_WaitOnTXISFlagUntilTimeout
                0x08004962       0x8e ./Drivers/STM32U5xx_HAL_Driver/Src/stm32u5xx_hal_i2c.o
 .text.I2C_WaitOnSTOPFlagUntilTimeout
                0x080049f0       0x86 ./Drivers/STM32U5xx_HAL_Driver/Src/stm32u5xx_hal_i2c.o
 *fill*         0x08004a76        0x2 
 .text.I2C_IsErrorOccurred
                0x08004a78      0x1c0 ./Drivers/STM32U5xx_HAL_Driver/Src/stm32u5xx_hal_i2c.o
 .text.I2C_TransferConfig
                0x08004c38       0x64 ./Drivers/STM32U5xx_HAL_Driver/Src/stm32u5xx_hal_i2c.o
 .text.HAL_I2CEx_ConfigAnalogFilter
                0x08004c9c       0x96 ./Drivers/STM32U5xx_HAL_Driver/Src/stm32u5xx_hal_i2c_ex.o
                0x08004c9c                HAL_I2CEx_ConfigAnalogFilter
 .text.HAL_I2CEx_ConfigDigitalFilter
                0x08004d32       0x98 ./Drivers/STM32U5xx_HAL_Driver/Src/stm32u5xx_hal_i2c_ex.o
                0x08004d32                HAL_I2CEx_ConfigDigitalFilter
 *fill*         0x08004dca        0x2 
 .text.HAL_PWREx_ControlVoltageScaling
                0x08004dcc       0xfc ./Drivers/STM32U5xx_HAL_Driver/Src/stm32u5xx_hal_pwr_ex.o
                0x08004dcc                HAL_PWREx_ControlVoltageScaling
 .text.HAL_PWREx_GetVoltageRange
                0x08004ec8       0x1c ./Drivers/STM32U5xx_HAL_Driver/Src/stm32u5xx_hal_pwr_ex.o
                0x08004ec8                HAL_PWREx_GetVoltageRange
 .text.HAL_RCC_DeInit
                0x08004ee4      0x1f0 ./Drivers/STM32U5xx_HAL_Driver/Src/stm32u5xx_hal_rcc.o
                0x08004ee4                HAL_RCC_DeInit
 .text.HAL_RCC_OscConfig
                0x080050d4      0xdb8 ./Drivers/STM32U5xx_HAL_Driver/Src/stm32u5xx_hal_rcc.o
                0x080050d4                HAL_RCC_OscConfig
 .text.HAL_RCC_ClockConfig
                0x08005e8c      0x3e4 ./Drivers/STM32U5xx_HAL_Driver/Src/stm32u5xx_hal_rcc.o
                0x08005e8c                HAL_RCC_ClockConfig
 .text.HAL_RCC_GetSysClockFreq
                0x08006270      0x204 ./Drivers/STM32U5xx_HAL_Driver/Src/stm32u5xx_hal_rcc.o
                0x08006270                HAL_RCC_GetSysClockFreq
 .text.HAL_RCC_GetHCLKFreq
                0x08006474       0x34 ./Drivers/STM32U5xx_HAL_Driver/Src/stm32u5xx_hal_rcc.o
                0x08006474                HAL_RCC_GetHCLKFreq
 .text.RCC_SetFlashLatencyFromMSIRange
                0x080064a8      0x10c ./Drivers/STM32U5xx_HAL_Driver/Src/stm32u5xx_hal_rcc.o
 .text.HAL_RCCEx_PeriphCLKConfig
                0x080065b4      0xa44 ./Drivers/STM32U5xx_HAL_Driver/Src/stm32u5xx_hal_rcc_ex.o
                0x080065b4                HAL_RCCEx_PeriphCLKConfig
 .text.RCCEx_PLL2_Config
                0x08006ff8      0x130 ./Drivers/STM32U5xx_HAL_Driver/Src/stm32u5xx_hal_rcc_ex.o
 .text.RCCEx_PLL3_Config
                0x08007128      0x130 ./Drivers/STM32U5xx_HAL_Driver/Src/stm32u5xx_hal_rcc_ex.o
 .text.HAL_SPI_Init
                0x08007258      0x22c ./Drivers/STM32U5xx_HAL_Driver/Src/stm32u5xx_hal_spi.o
                0x08007258                HAL_SPI_Init
 .text.HAL_SPI_Transmit
                0x08007484      0x420 ./Drivers/STM32U5xx_HAL_Driver/Src/stm32u5xx_hal_spi.o
                0x08007484                HAL_SPI_Transmit
 .text.HAL_SPI_Receive
                0x080078a4      0x344 ./Drivers/STM32U5xx_HAL_Driver/Src/stm32u5xx_hal_spi.o
                0x080078a4                HAL_SPI_Receive
 .text.SPI_CloseTransfer
                0x08007be8      0x140 ./Drivers/STM32U5xx_HAL_Driver/Src/stm32u5xx_hal_spi.o
 .text.SPI_WaitOnFlagUntilTimeout
                0x08007d28       0x5c ./Drivers/STM32U5xx_HAL_Driver/Src/stm32u5xx_hal_spi.o
 .text.SPI_GetPacketSize
                0x08007d84       0x36 ./Drivers/STM32U5xx_HAL_Driver/Src/stm32u5xx_hal_spi.o
 .text.HAL_SPIEx_SetConfigAutonomousMode
                0x08007dba       0x82 ./Drivers/STM32U5xx_HAL_Driver/Src/stm32u5xx_hal_spi_ex.o
                0x08007dba                HAL_SPIEx_SetConfigAutonomousMode
 .text.HAL_TIM_Base_Init
                0x08007e3c       0xae ./Drivers/STM32U5xx_HAL_Driver/Src/stm32u5xx_hal_tim.o
                0x08007e3c                HAL_TIM_Base_Init
 *fill*         0x08007eea        0x2 
 .text.HAL_TIM_Base_Start_IT
                0x08007eec      0x140 ./Drivers/STM32U5xx_HAL_Driver/Src/stm32u5xx_hal_tim.o
                0x08007eec                HAL_TIM_Base_Start_IT
 .text.HAL_TIM_IRQHandler
                0x0800802c      0x29e ./Drivers/STM32U5xx_HAL_Driver/Src/stm32u5xx_hal_tim.o
                0x0800802c                HAL_TIM_IRQHandler
 *fill*         0x080082ca        0x2 
 .text.HAL_TIM_ConfigClockSource
                0x080082cc      0x204 ./Drivers/STM32U5xx_HAL_Driver/Src/stm32u5xx_hal_tim.o
                0x080082cc                HAL_TIM_ConfigClockSource
 .text.HAL_TIM_OC_DelayElapsedCallback
                0x080084d0       0x14 ./Drivers/STM32U5xx_HAL_Driver/Src/stm32u5xx_hal_tim.o
                0x080084d0                HAL_TIM_OC_DelayElapsedCallback
 .text.HAL_TIM_IC_CaptureCallback
                0x080084e4       0x14 ./Drivers/STM32U5xx_HAL_Driver/Src/stm32u5xx_hal_tim.o
                0x080084e4                HAL_TIM_IC_CaptureCallback
 .text.HAL_TIM_PWM_PulseFinishedCallback
                0x080084f8       0x14 ./Drivers/STM32U5xx_HAL_Driver/Src/stm32u5xx_hal_tim.o
                0x080084f8                HAL_TIM_PWM_PulseFinishedCallback
 .text.HAL_TIM_TriggerCallback
                0x0800850c       0x14 ./Drivers/STM32U5xx_HAL_Driver/Src/stm32u5xx_hal_tim.o
                0x0800850c                HAL_TIM_TriggerCallback
 .text.TIM_Base_SetConfig
                0x08008520      0x20c ./Drivers/STM32U5xx_HAL_Driver/Src/stm32u5xx_hal_tim.o
                0x08008520                TIM_Base_SetConfig
 .text.TIM_TI1_ConfigInputStage
                0x0800872c       0x5e ./Drivers/STM32U5xx_HAL_Driver/Src/stm32u5xx_hal_tim.o
 .text.TIM_TI2_ConfigInputStage
                0x0800878a       0x60 ./Drivers/STM32U5xx_HAL_Driver/Src/stm32u5xx_hal_tim.o
 .text.TIM_ITRx_SetConfig
                0x080087ea       0x3a ./Drivers/STM32U5xx_HAL_Driver/Src/stm32u5xx_hal_tim.o
 .text.TIM_ETR_SetConfig
                0x08008824       0x40 ./Drivers/STM32U5xx_HAL_Driver/Src/stm32u5xx_hal_tim.o
                0x08008824                TIM_ETR_SetConfig
 .text.HAL_TIMEx_MasterConfigSynchronization
                0x08008864      0x184 ./Drivers/STM32U5xx_HAL_Driver/Src/stm32u5xx_hal_tim_ex.o
                0x08008864                HAL_TIMEx_MasterConfigSynchronization
 .text.HAL_TIMEx_CommutCallback
                0x080089e8       0x14 ./Drivers/STM32U5xx_HAL_Driver/Src/stm32u5xx_hal_tim_ex.o
                0x080089e8                HAL_TIMEx_CommutCallback
 .text.HAL_TIMEx_BreakCallback
                0x080089fc       0x14 ./Drivers/STM32U5xx_HAL_Driver/Src/stm32u5xx_hal_tim_ex.o
                0x080089fc                HAL_TIMEx_BreakCallback
 .text.HAL_TIMEx_Break2Callback
                0x08008a10       0x14 ./Drivers/STM32U5xx_HAL_Driver/Src/stm32u5xx_hal_tim_ex.o
                0x08008a10                HAL_TIMEx_Break2Callback
 .text.HAL_TIMEx_EncoderIndexCallback
                0x08008a24       0x14 ./Drivers/STM32U5xx_HAL_Driver/Src/stm32u5xx_hal_tim_ex.o
                0x08008a24                HAL_TIMEx_EncoderIndexCallback
 .text.HAL_TIMEx_DirectionChangeCallback
                0x08008a38       0x14 ./Drivers/STM32U5xx_HAL_Driver/Src/stm32u5xx_hal_tim_ex.o
                0x08008a38                HAL_TIMEx_DirectionChangeCallback
 .text.HAL_TIMEx_IndexErrorCallback
                0x08008a4c       0x14 ./Drivers/STM32U5xx_HAL_Driver/Src/stm32u5xx_hal_tim_ex.o
                0x08008a4c                HAL_TIMEx_IndexErrorCallback
 .text.HAL_TIMEx_TransitionErrorCallback
                0x08008a60       0x14 ./Drivers/STM32U5xx_HAL_Driver/Src/stm32u5xx_hal_tim_ex.o
                0x08008a60                HAL_TIMEx_TransitionErrorCallback
 .text._ZdlPvj  0x08008a74        0x4 C:/ST/STM32CubeIDE_1.11.0/STM32CubeIDE/plugins/com.st.stm32cube.ide.mcu.externaltools.gnu-tools-for-stm32.12.3.rel1.win32_1.0.200.202406191623/tools/bin/../lib/gcc/arm-none-eabi/12.3.1/../../../../arm-none-eabi/lib/thumb/v8-m.main+fp/hard\libstdc++_nano.a(del_ops.o)
                0x08008a74                operator delete(void*, unsigned int)
 .text._ZdlPv   0x08008a78        0x4 C:/ST/STM32CubeIDE_1.11.0/STM32CubeIDE/plugins/com.st.stm32cube.ide.mcu.externaltools.gnu-tools-for-stm32.12.3.rel1.win32_1.0.200.202406191623/tools/bin/../lib/gcc/arm-none-eabi/12.3.1/../../../../arm-none-eabi/lib/thumb/v8-m.main+fp/hard\libstdc++_nano.a(del_op.o)
                0x08008a78                operator delete(void*)
 .text.__assert_func
                0x08008a7c       0x3c C:/ST/STM32CubeIDE_1.11.0/STM32CubeIDE/plugins/com.st.stm32cube.ide.mcu.externaltools.gnu-tools-for-stm32.12.3.rel1.win32_1.0.200.202406191623/tools/bin/../lib/gcc/arm-none-eabi/12.3.1/../../../../arm-none-eabi/lib/thumb/v8-m.main+fp/hard\libc_nano.a(libc_a-assert.o)
                0x08008a7c                __assert_func
 .text.malloc   0x08008ab8       0x10 C:/ST/STM32CubeIDE_1.11.0/STM32CubeIDE/plugins/com.st.stm32cube.ide.mcu.externaltools.gnu-tools-for-stm32.12.3.rel1.win32_1.0.200.202406191623/tools/bin/../lib/gcc/arm-none-eabi/12.3.1/../../../../arm-none-eabi/lib/thumb/v8-m.main+fp/hard\libc_nano.a(libc_a-malloc.o)
                0x08008ab8                malloc
 .text.free     0x08008ac8       0x10 C:/ST/STM32CubeIDE_1.11.0/STM32CubeIDE/plugins/com.st.stm32cube.ide.mcu.externaltools.gnu-tools-for-stm32.12.3.rel1.win32_1.0.200.202406191623/tools/bin/../lib/gcc/arm-none-eabi/12.3.1/../../../../arm-none-eabi/lib/thumb/v8-m.main+fp/hard\libc_nano.a(libc_a-malloc.o)
                0x08008ac8                free
 .text.sbrk_aligned
                0x08008ad8       0x44 C:/ST/STM32CubeIDE_1.11.0/STM32CubeIDE/plugins/com.st.stm32cube.ide.mcu.externaltools.gnu-tools-for-stm32.12.3.rel1.win32_1.0.200.202406191623/tools/bin/../lib/gcc/arm-none-eabi/12.3.1/../../../../arm-none-eabi/lib/thumb/v8-m.main+fp/hard\libc_nano.a(libc_a-mallocr.o)
 .text._malloc_r
                0x08008b1c      0x100 C:/ST/STM32CubeIDE_1.11.0/STM32CubeIDE/plugins/com.st.stm32cube.ide.mcu.externaltools.gnu-tools-for-stm32.12.3.rel1.win32_1.0.200.202406191623/tools/bin/../lib/gcc/arm-none-eabi/12.3.1/../../../../arm-none-eabi/lib/thumb/v8-m.main+fp/hard\libc_nano.a(libc_a-mallocr.o)
                0x08008b1c                _malloc_r
 .text.__malloc_lock
                0x08008c1c        0xc C:/ST/STM32CubeIDE_1.11.0/STM32CubeIDE/plugins/com.st.stm32cube.ide.mcu.externaltools.gnu-tools-for-stm32.12.3.rel1.win32_1.0.200.202406191623/tools/bin/../lib/gcc/arm-none-eabi/12.3.1/../../../../arm-none-eabi/lib/thumb/v8-m.main+fp/hard\libc_nano.a(libc_a-mlock.o)
                0x08008c1c                __malloc_lock
 .text.__malloc_unlock
                0x08008c28        0xc C:/ST/STM32CubeIDE_1.11.0/STM32CubeIDE/plugins/com.st.stm32cube.ide.mcu.externaltools.gnu-tools-for-stm32.12.3.rel1.win32_1.0.200.202406191623/tools/bin/../lib/gcc/arm-none-eabi/12.3.1/../../../../arm-none-eabi/lib/thumb/v8-m.main+fp/hard\libc_nano.a(libc_a-mlock.o)
                0x08008c28                __malloc_unlock
 .text.std      0x08008c34       0x6c C:/ST/STM32CubeIDE_1.11.0/STM32CubeIDE/plugins/com.st.stm32cube.ide.mcu.externaltools.gnu-tools-for-stm32.12.3.rel1.win32_1.0.200.202406191623/tools/bin/../lib/gcc/arm-none-eabi/12.3.1/../../../../arm-none-eabi/lib/thumb/v8-m.main+fp/hard\libc_nano.a(libc_a-findfp.o)
 .text.stdio_exit_handler
                0x08008ca0       0x18 C:/ST/STM32CubeIDE_1.11.0/STM32CubeIDE/plugins/com.st.stm32cube.ide.mcu.externaltools.gnu-tools-for-stm32.12.3.rel1.win32_1.0.200.202406191623/tools/bin/../lib/gcc/arm-none-eabi/12.3.1/../../../../arm-none-eabi/lib/thumb/v8-m.main+fp/hard\libc_nano.a(libc_a-findfp.o)
 .text.cleanup_stdio
                0x08008cb8       0x40 C:/ST/STM32CubeIDE_1.11.0/STM32CubeIDE/plugins/com.st.stm32cube.ide.mcu.externaltools.gnu-tools-for-stm32.12.3.rel1.win32_1.0.200.202406191623/tools/bin/../lib/gcc/arm-none-eabi/12.3.1/../../../../arm-none-eabi/lib/thumb/v8-m.main+fp/hard\libc_nano.a(libc_a-findfp.o)
 .text.global_stdio_init.part.0
                0x08008cf8       0x3c C:/ST/STM32CubeIDE_1.11.0/STM32CubeIDE/plugins/com.st.stm32cube.ide.mcu.externaltools.gnu-tools-for-stm32.12.3.rel1.win32_1.0.200.202406191623/tools/bin/../lib/gcc/arm-none-eabi/12.3.1/../../../../arm-none-eabi/lib/thumb/v8-m.main+fp/hard\libc_nano.a(libc_a-findfp.o)
 .text.__sfp_lock_acquire
                0x08008d34        0xc C:/ST/STM32CubeIDE_1.11.0/STM32CubeIDE/plugins/com.st.stm32cube.ide.mcu.externaltools.gnu-tools-for-stm32.12.3.rel1.win32_1.0.200.202406191623/tools/bin/../lib/gcc/arm-none-eabi/12.3.1/../../../../arm-none-eabi/lib/thumb/v8-m.main+fp/hard\libc_nano.a(libc_a-findfp.o)
                0x08008d34                __sfp_lock_acquire
 .text.__sfp_lock_release
                0x08008d40        0xc C:/ST/STM32CubeIDE_1.11.0/STM32CubeIDE/plugins/com.st.stm32cube.ide.mcu.externaltools.gnu-tools-for-stm32.12.3.rel1.win32_1.0.200.202406191623/tools/bin/../lib/gcc/arm-none-eabi/12.3.1/../../../../arm-none-eabi/lib/thumb/v8-m.main+fp/hard\libc_nano.a(libc_a-findfp.o)
                0x08008d40                __sfp_lock_release
 .text.__sinit  0x08008d4c       0x30 C:/ST/STM32CubeIDE_1.11.0/STM32CubeIDE/plugins/com.st.stm32cube.ide.mcu.externaltools.gnu-tools-for-stm32.12.3.rel1.win32_1.0.200.202406191623/tools/bin/../lib/gcc/arm-none-eabi/12.3.1/../../../../arm-none-eabi/lib/thumb/v8-m.main+fp/hard\libc_nano.a(libc_a-findfp.o)
                0x08008d4c                __sinit
 .text.fprintf  0x08008d7c       0x24 C:/ST/STM32CubeIDE_1.11.0/STM32CubeIDE/plugins/com.st.stm32cube.ide.mcu.externaltools.gnu-tools-for-stm32.12.3.rel1.win32_1.0.200.202406191623/tools/bin/../lib/gcc/arm-none-eabi/12.3.1/../../../../arm-none-eabi/lib/thumb/v8-m.main+fp/hard\libc_nano.a(libc_a-fprintf.o)
                0x08008d7c                fiprintf
                0x08008d7c                fprintf
 .text._fwalk_sglue
                0x08008da0       0x3c C:/ST/STM32CubeIDE_1.11.0/STM32CubeIDE/plugins/com.st.stm32cube.ide.mcu.externaltools.gnu-tools-for-stm32.12.3.rel1.win32_1.0.200.202406191623/tools/bin/../lib/gcc/arm-none-eabi/12.3.1/../../../../arm-none-eabi/lib/thumb/v8-m.main+fp/hard\libc_nano.a(libc_a-fwalk.o)
                0x08008da0                _fwalk_sglue
 .text.__sread  0x08008ddc       0x22 C:/ST/STM32CubeIDE_1.11.0/STM32CubeIDE/plugins/com.st.stm32cube.ide.mcu.externaltools.gnu-tools-for-stm32.12.3.rel1.win32_1.0.200.202406191623/tools/bin/../lib/gcc/arm-none-eabi/12.3.1/../../../../arm-none-eabi/lib/thumb/v8-m.main+fp/hard\libc_nano.a(libc_a-stdio.o)
                0x08008ddc                __sread
 .text.__swrite
                0x08008dfe       0x38 C:/ST/STM32CubeIDE_1.11.0/STM32CubeIDE/plugins/com.st.stm32cube.ide.mcu.externaltools.gnu-tools-for-stm32.12.3.rel1.win32_1.0.200.202406191623/tools/bin/../lib/gcc/arm-none-eabi/12.3.1/../../../../arm-none-eabi/lib/thumb/v8-m.main+fp/hard\libc_nano.a(libc_a-stdio.o)
                0x08008dfe                __swrite
 .text.__sseek  0x08008e36       0x24 C:/ST/STM32CubeIDE_1.11.0/STM32CubeIDE/plugins/com.st.stm32cube.ide.mcu.externaltools.gnu-tools-for-stm32.12.3.rel1.win32_1.0.200.202406191623/tools/bin/../lib/gcc/arm-none-eabi/12.3.1/../../../../arm-none-eabi/lib/thumb/v8-m.main+fp/hard\libc_nano.a(libc_a-stdio.o)
                0x08008e36                __sseek
 .text.__sclose
                0x08008e5a        0x8 C:/ST/STM32CubeIDE_1.11.0/STM32CubeIDE/plugins/com.st.stm32cube.ide.mcu.externaltools.gnu-tools-for-stm32.12.3.rel1.win32_1.0.200.202406191623/tools/bin/../lib/gcc/arm-none-eabi/12.3.1/../../../../arm-none-eabi/lib/thumb/v8-m.main+fp/hard\libc_nano.a(libc_a-stdio.o)
                0x08008e5a                __sclose
 .text.memset   0x08008e62       0x10 C:/ST/STM32CubeIDE_1.11.0/STM32CubeIDE/plugins/com.st.stm32cube.ide.mcu.externaltools.gnu-tools-for-stm32.12.3.rel1.win32_1.0.200.202406191623/tools/bin/../lib/gcc/arm-none-eabi/12.3.1/../../../../arm-none-eabi/lib/thumb/v8-m.main+fp/hard\libc_nano.a(libc_a-memset.o)
                0x08008e62                memset
 *fill*         0x08008e72        0x2 
 .text._close_r
                0x08008e74       0x20 C:/ST/STM32CubeIDE_1.11.0/STM32CubeIDE/plugins/com.st.stm32cube.ide.mcu.externaltools.gnu-tools-for-stm32.12.3.rel1.win32_1.0.200.202406191623/tools/bin/../lib/gcc/arm-none-eabi/12.3.1/../../../../arm-none-eabi/lib/thumb/v8-m.main+fp/hard\libc_nano.a(libc_a-closer.o)
                0x08008e74                _close_r
 .text._lseek_r
                0x08008e94       0x24 C:/ST/STM32CubeIDE_1.11.0/STM32CubeIDE/plugins/com.st.stm32cube.ide.mcu.externaltools.gnu-tools-for-stm32.12.3.rel1.win32_1.0.200.202406191623/tools/bin/../lib/gcc/arm-none-eabi/12.3.1/../../../../arm-none-eabi/lib/thumb/v8-m.main+fp/hard\libc_nano.a(libc_a-lseekr.o)
                0x08008e94                _lseek_r
 .text._read_r  0x08008eb8       0x24 C:/ST/STM32CubeIDE_1.11.0/STM32CubeIDE/plugins/com.st.stm32cube.ide.mcu.externaltools.gnu-tools-for-stm32.12.3.rel1.win32_1.0.200.202406191623/tools/bin/../lib/gcc/arm-none-eabi/12.3.1/../../../../arm-none-eabi/lib/thumb/v8-m.main+fp/hard\libc_nano.a(libc_a-readr.o)
                0x08008eb8                _read_r
 .text._sbrk_r  0x08008edc       0x20 C:/ST/STM32CubeIDE_1.11.0/STM32CubeIDE/plugins/com.st.stm32cube.ide.mcu.externaltools.gnu-tools-for-stm32.12.3.rel1.win32_1.0.200.202406191623/tools/bin/../lib/gcc/arm-none-eabi/12.3.1/../../../../arm-none-eabi/lib/thumb/v8-m.main+fp/hard\libc_nano.a(libc_a-sbrkr.o)
                0x08008edc                _sbrk_r
 .text._write_r
                0x08008efc       0x24 C:/ST/STM32CubeIDE_1.11.0/STM32CubeIDE/plugins/com.st.stm32cube.ide.mcu.externaltools.gnu-tools-for-stm32.12.3.rel1.win32_1.0.200.202406191623/tools/bin/../lib/gcc/arm-none-eabi/12.3.1/../../../../arm-none-eabi/lib/thumb/v8-m.main+fp/hard\libc_nano.a(libc_a-writer.o)
                0x08008efc                _write_r
 .text.__errno  0x08008f20        0xc C:/ST/STM32CubeIDE_1.11.0/STM32CubeIDE/plugins/com.st.stm32cube.ide.mcu.externaltools.gnu-tools-for-stm32.12.3.rel1.win32_1.0.200.202406191623/tools/bin/../lib/gcc/arm-none-eabi/12.3.1/../../../../arm-none-eabi/lib/thumb/v8-m.main+fp/hard\libc_nano.a(libc_a-errno.o)
                0x08008f20                __errno
 .text.__libc_init_array
                0x08008f2c       0x48 C:/ST/STM32CubeIDE_1.11.0/STM32CubeIDE/plugins/com.st.stm32cube.ide.mcu.externaltools.gnu-tools-for-stm32.12.3.rel1.win32_1.0.200.202406191623/tools/bin/../lib/gcc/arm-none-eabi/12.3.1/../../../../arm-none-eabi/lib/thumb/v8-m.main+fp/hard\libc_nano.a(libc_a-init.o)
                0x08008f2c                __libc_init_array
 .text.__retarget_lock_init_recursive
                0x08008f74        0x2 C:/ST/STM32CubeIDE_1.11.0/STM32CubeIDE/plugins/com.st.stm32cube.ide.mcu.externaltools.gnu-tools-for-stm32.12.3.rel1.win32_1.0.200.202406191623/tools/bin/../lib/gcc/arm-none-eabi/12.3.1/../../../../arm-none-eabi/lib/thumb/v8-m.main+fp/hard\libc_nano.a(libc_a-lock.o)
                0x08008f74                __retarget_lock_init_recursive
 .text.__retarget_lock_acquire_recursive
                0x08008f76        0x2 C:/ST/STM32CubeIDE_1.11.0/STM32CubeIDE/plugins/com.st.stm32cube.ide.mcu.externaltools.gnu-tools-for-stm32.12.3.rel1.win32_1.0.200.202406191623/tools/bin/../lib/gcc/arm-none-eabi/12.3.1/../../../../arm-none-eabi/lib/thumb/v8-m.main+fp/hard\libc_nano.a(libc_a-lock.o)
                0x08008f76                __retarget_lock_acquire_recursive
 .text.__retarget_lock_release_recursive
                0x08008f78        0x2 C:/ST/STM32CubeIDE_1.11.0/STM32CubeIDE/plugins/com.st.stm32cube.ide.mcu.externaltools.gnu-tools-for-stm32.12.3.rel1.win32_1.0.200.202406191623/tools/bin/../lib/gcc/arm-none-eabi/12.3.1/../../../../arm-none-eabi/lib/thumb/v8-m.main+fp/hard\libc_nano.a(libc_a-lock.o)
                0x08008f78                __retarget_lock_release_recursive
 .text.abort    0x08008f7a        0xe C:/ST/STM32CubeIDE_1.11.0/STM32CubeIDE/plugins/com.st.stm32cube.ide.mcu.externaltools.gnu-tools-for-stm32.12.3.rel1.win32_1.0.200.202406191623/tools/bin/../lib/gcc/arm-none-eabi/12.3.1/../../../../arm-none-eabi/lib/thumb/v8-m.main+fp/hard\libc_nano.a(libc_a-abort.o)
                0x08008f7a                abort
 .text._free_r  0x08008f88       0x94 C:/ST/STM32CubeIDE_1.11.0/STM32CubeIDE/plugins/com.st.stm32cube.ide.mcu.externaltools.gnu-tools-for-stm32.12.3.rel1.win32_1.0.200.202406191623/tools/bin/../lib/gcc/arm-none-eabi/12.3.1/../../../../arm-none-eabi/lib/thumb/v8-m.main+fp/hard\libc_nano.a(libc_a-freer.o)
                0x08008f88                _free_r
 .text.__sfputc_r
                0x0800901c       0x2e C:/ST/STM32CubeIDE_1.11.0/STM32CubeIDE/plugins/com.st.stm32cube.ide.mcu.externaltools.gnu-tools-for-stm32.12.3.rel1.win32_1.0.200.202406191623/tools/bin/../lib/gcc/arm-none-eabi/12.3.1/../../../../arm-none-eabi/lib/thumb/v8-m.main+fp/hard\libc_nano.a(libc_a-nano-vfprintf.o)
 .text.__sfputs_r
                0x0800904a       0x24 C:/ST/STM32CubeIDE_1.11.0/STM32CubeIDE/plugins/com.st.stm32cube.ide.mcu.externaltools.gnu-tools-for-stm32.12.3.rel1.win32_1.0.200.202406191623/tools/bin/../lib/gcc/arm-none-eabi/12.3.1/../../../../arm-none-eabi/lib/thumb/v8-m.main+fp/hard\libc_nano.a(libc_a-nano-vfprintf.o)
                0x0800904a                __sfputs_r
 *fill*         0x0800906e        0x2 
 .text._vfprintf_r
                0x08009070      0x230 C:/ST/STM32CubeIDE_1.11.0/STM32CubeIDE/plugins/com.st.stm32cube.ide.mcu.externaltools.gnu-tools-for-stm32.12.3.rel1.win32_1.0.200.202406191623/tools/bin/../lib/gcc/arm-none-eabi/12.3.1/../../../../arm-none-eabi/lib/thumb/v8-m.main+fp/hard\libc_nano.a(libc_a-nano-vfprintf.o)
                0x08009070                _vfprintf_r
                0x08009070                _vfiprintf_r
 .text._printf_common
                0x080092a0       0xe4 C:/ST/STM32CubeIDE_1.11.0/STM32CubeIDE/plugins/com.st.stm32cube.ide.mcu.externaltools.gnu-tools-for-stm32.12.3.rel1.win32_1.0.200.202406191623/tools/bin/../lib/gcc/arm-none-eabi/12.3.1/../../../../arm-none-eabi/lib/thumb/v8-m.main+fp/hard\libc_nano.a(libc_a-nano-vfprintf_i.o)
                0x080092a0                _printf_common
 .text._printf_i
                0x08009384      0x240 C:/ST/STM32CubeIDE_1.11.0/STM32CubeIDE/plugins/com.st.stm32cube.ide.mcu.externaltools.gnu-tools-for-stm32.12.3.rel1.win32_1.0.200.202406191623/tools/bin/../lib/gcc/arm-none-eabi/12.3.1/../../../../arm-none-eabi/lib/thumb/v8-m.main+fp/hard\libc_nano.a(libc_a-nano-vfprintf_i.o)
                0x08009384                _printf_i
 .text.__sflush_r
                0x080095c4      0x108 C:/ST/STM32CubeIDE_1.11.0/STM32CubeIDE/plugins/com.st.stm32cube.ide.mcu.externaltools.gnu-tools-for-stm32.12.3.rel1.win32_1.0.200.202406191623/tools/bin/../lib/gcc/arm-none-eabi/12.3.1/../../../../arm-none-eabi/lib/thumb/v8-m.main+fp/hard\libc_nano.a(libc_a-fflush.o)
                0x080095c4                __sflush_r
 .text._fflush_r
                0x080096cc       0x50 C:/ST/STM32CubeIDE_1.11.0/STM32CubeIDE/plugins/com.st.stm32cube.ide.mcu.externaltools.gnu-tools-for-stm32.12.3.rel1.win32_1.0.200.202406191623/tools/bin/../lib/gcc/arm-none-eabi/12.3.1/../../../../arm-none-eabi/lib/thumb/v8-m.main+fp/hard\libc_nano.a(libc_a-fflush.o)
                0x080096cc                _fflush_r
 .text.__swbuf_r
                0x0800971c       0x7c C:/ST/STM32CubeIDE_1.11.0/STM32CubeIDE/plugins/com.st.stm32cube.ide.mcu.externaltools.gnu-tools-for-stm32.12.3.rel1.win32_1.0.200.202406191623/tools/bin/../lib/gcc/arm-none-eabi/12.3.1/../../../../arm-none-eabi/lib/thumb/v8-m.main+fp/hard\libc_nano.a(libc_a-wbuf.o)
                0x0800971c                __swbuf_r
 .text.__swsetup_r
                0x08009798       0xac C:/ST/STM32CubeIDE_1.11.0/STM32CubeIDE/plugins/com.st.stm32cube.ide.mcu.externaltools.gnu-tools-for-stm32.12.3.rel1.win32_1.0.200.202406191623/tools/bin/../lib/gcc/arm-none-eabi/12.3.1/../../../../arm-none-eabi/lib/thumb/v8-m.main+fp/hard\libc_nano.a(libc_a-wsetup.o)
                0x08009798                __swsetup_r
 .text._raise_r
                0x08009844       0x50 C:/ST/STM32CubeIDE_1.11.0/STM32CubeIDE/plugins/com.st.stm32cube.ide.mcu.externaltools.gnu-tools-for-stm32.12.3.rel1.win32_1.0.200.202406191623/tools/bin/../lib/gcc/arm-none-eabi/12.3.1/../../../../arm-none-eabi/lib/thumb/v8-m.main+fp/hard\libc_nano.a(libc_a-signal.o)
                0x08009844                _raise_r
 .text.raise    0x08009894       0x10 C:/ST/STM32CubeIDE_1.11.0/STM32CubeIDE/plugins/com.st.stm32cube.ide.mcu.externaltools.gnu-tools-for-stm32.12.3.rel1.win32_1.0.200.202406191623/tools/bin/../lib/gcc/arm-none-eabi/12.3.1/../../../../arm-none-eabi/lib/thumb/v8-m.main+fp/hard\libc_nano.a(libc_a-signal.o)
                0x08009894                raise
 .text._kill_r  0x080098a4       0x24 C:/ST/STM32CubeIDE_1.11.0/STM32CubeIDE/plugins/com.st.stm32cube.ide.mcu.externaltools.gnu-tools-for-stm32.12.3.rel1.win32_1.0.200.202406191623/tools/bin/../lib/gcc/arm-none-eabi/12.3.1/../../../../arm-none-eabi/lib/thumb/v8-m.main+fp/hard\libc_nano.a(libc_a-signalr.o)
                0x080098a4                _kill_r
 .text._getpid_r
                0x080098c8        0x4 C:/ST/STM32CubeIDE_1.11.0/STM32CubeIDE/plugins/com.st.stm32cube.ide.mcu.externaltools.gnu-tools-for-stm32.12.3.rel1.win32_1.0.200.202406191623/tools/bin/../lib/gcc/arm-none-eabi/12.3.1/../../../../arm-none-eabi/lib/thumb/v8-m.main+fp/hard\libc_nano.a(libc_a-signalr.o)
                0x080098c8                _getpid_r
 .text.memchr   0x080098cc       0x1c C:/ST/STM32CubeIDE_1.11.0/STM32CubeIDE/plugins/com.st.stm32cube.ide.mcu.externaltools.gnu-tools-for-stm32.12.3.rel1.win32_1.0.200.202406191623/tools/bin/../lib/gcc/arm-none-eabi/12.3.1/../../../../arm-none-eabi/lib/thumb/v8-m.main+fp/hard\libc_nano.a(libc_a-memchr-stub.o)
                0x080098cc                memchr
 .text.__swhatbuf_r
                0x080098e8       0x4a C:/ST/STM32CubeIDE_1.11.0/STM32CubeIDE/plugins/com.st.stm32cube.ide.mcu.externaltools.gnu-tools-for-stm32.12.3.rel1.win32_1.0.200.202406191623/tools/bin/../lib/gcc/arm-none-eabi/12.3.1/../../../../arm-none-eabi/lib/thumb/v8-m.main+fp/hard\libc_nano.a(libc_a-makebuf.o)
                0x080098e8                __swhatbuf_r
 .text.__smakebuf_r
                0x08009932       0x78 C:/ST/STM32CubeIDE_1.11.0/STM32CubeIDE/plugins/com.st.stm32cube.ide.mcu.externaltools.gnu-tools-for-stm32.12.3.rel1.win32_1.0.200.202406191623/tools/bin/../lib/gcc/arm-none-eabi/12.3.1/../../../../arm-none-eabi/lib/thumb/v8-m.main+fp/hard\libc_nano.a(libc_a-makebuf.o)
                0x08009932                __smakebuf_r
 *fill*         0x080099aa        0x2 
 .text._fstat_r
                0x080099ac       0x24 C:/ST/STM32CubeIDE_1.11.0/STM32CubeIDE/plugins/com.st.stm32cube.ide.mcu.externaltools.gnu-tools-for-stm32.12.3.rel1.win32_1.0.200.202406191623/tools/bin/../lib/gcc/arm-none-eabi/12.3.1/../../../../arm-none-eabi/lib/thumb/v8-m.main+fp/hard\libc_nano.a(libc_a-fstatr.o)
                0x080099ac                _fstat_r
 .text._isatty_r
                0x080099d0       0x20 C:/ST/STM32CubeIDE_1.11.0/STM32CubeIDE/plugins/com.st.stm32cube.ide.mcu.externaltools.gnu-tools-for-stm32.12.3.rel1.win32_1.0.200.202406191623/tools/bin/../lib/gcc/arm-none-eabi/12.3.1/../../../../arm-none-eabi/lib/thumb/v8-m.main+fp/hard\libc_nano.a(libc_a-isattyr.o)
                0x080099d0                _isatty_r
 *(.glue_7)
 .glue_7        0x080099f0        0x0 linker stubs
 *(.glue_7t)
 .glue_7t       0x080099f0        0x0 linker stubs
 *(.eh_frame)
 .eh_frame      0x080099f0        0x0 C:/ST/STM32CubeIDE_1.11.0/STM32CubeIDE/plugins/com.st.stm32cube.ide.mcu.externaltools.gnu-tools-for-stm32.12.3.rel1.win32_1.0.200.202406191623/tools/bin/../lib/gcc/arm-none-eabi/12.3.1/thumb/v8-m.main+fp/hard/crtbegin.o
 *(.init)
 .init          0x080099f0        0x4 C:/ST/STM32CubeIDE_1.11.0/STM32CubeIDE/plugins/com.st.stm32cube.ide.mcu.externaltools.gnu-tools-for-stm32.12.3.rel1.win32_1.0.200.202406191623/tools/bin/../lib/gcc/arm-none-eabi/12.3.1/thumb/v8-m.main+fp/hard/crti.o
                0x080099f0                _init
 .init          0x080099f4        0x8 C:/ST/STM32CubeIDE_1.11.0/STM32CubeIDE/plugins/com.st.stm32cube.ide.mcu.externaltools.gnu-tools-for-stm32.12.3.rel1.win32_1.0.200.202406191623/tools/bin/../lib/gcc/arm-none-eabi/12.3.1/thumb/v8-m.main+fp/hard/crtn.o
 *(.fini)
 .fini          0x080099fc        0x4 C:/ST/STM32CubeIDE_1.11.0/STM32CubeIDE/plugins/com.st.stm32cube.ide.mcu.externaltools.gnu-tools-for-stm32.12.3.rel1.win32_1.0.200.202406191623/tools/bin/../lib/gcc/arm-none-eabi/12.3.1/thumb/v8-m.main+fp/hard/crti.o
                0x080099fc                _fini
 .fini          0x08009a00        0x8 C:/ST/STM32CubeIDE_1.11.0/STM32CubeIDE/plugins/com.st.stm32cube.ide.mcu.externaltools.gnu-tools-for-stm32.12.3.rel1.win32_1.0.200.202406191623/tools/bin/../lib/gcc/arm-none-eabi/12.3.1/thumb/v8-m.main+fp/hard/crtn.o
                0x08009a08                        _etext = .

.vfp11_veneer   0x08009a08        0x0
 .vfp11_veneer  0x08009a08        0x0 linker stubs

.v4_bx          0x08009a08        0x0
 .v4_bx         0x08009a08        0x0 linker stubs

.iplt           0x08009a08        0x0
 .iplt          0x08009a08        0x0 C:/ST/STM32CubeIDE_1.11.0/STM32CubeIDE/plugins/com.st.stm32cube.ide.mcu.externaltools.gnu-tools-for-stm32.12.3.rel1.win32_1.0.200.202406191623/tools/bin/../lib/gcc/arm-none-eabi/12.3.1/thumb/v8-m.main+fp/hard/crtbegin.o

.rodata         0x08009a08      0x28b
 *(.rodata)
 .rodata        0x08009a08       0x10 ./Core/Src/main.o
 .rodata        0x08009a18      0x11a ./Core/Src/uwb3000Fxx.o
 *(.rodata*)
 *fill*         0x08009b32        0x2 
 .rodata._ZTV11GpioHandler
                0x08009b34       0x10 ./Core/Src/GpioHandler.o
                0x08009b34                vtable for GpioHandler
 .rodata.AHBPrescTable
                0x08009b44       0x10 ./Core/Src/system_stm32u5xx.o
                0x08009b44                AHBPrescTable
 .rodata.MSIRangeTable
                0x08009b54       0x40 ./Core/Src/system_stm32u5xx.o
                0x08009b54                MSIRangeTable
 .rodata.__func__.1
                0x08009b94        0xd ./Core/Src/uwb3000Fxx.o
 *fill*         0x08009ba1        0x3 
 .rodata.LPGPIO_Map
                0x08009ba4       0x80 ./Drivers/STM32U5xx_HAL_Driver/Src/stm32u5xx_hal_gpio.o
 .rodata.__assert_func.str1.1
                0x08009c24       0x3c C:/ST/STM32CubeIDE_1.11.0/STM32CubeIDE/plugins/com.st.stm32cube.ide.mcu.externaltools.gnu-tools-for-stm32.12.3.rel1.win32_1.0.200.202406191623/tools/bin/../lib/gcc/arm-none-eabi/12.3.1/../../../../arm-none-eabi/lib/thumb/v8-m.main+fp/hard\libc_nano.a(libc_a-assert.o)
                                 0x3d (size before relaxing)
 .rodata._vfprintf_r.str1.1
                0x08009c60       0x11 C:/ST/STM32CubeIDE_1.11.0/STM32CubeIDE/plugins/com.st.stm32cube.ide.mcu.externaltools.gnu-tools-for-stm32.12.3.rel1.win32_1.0.200.202406191623/tools/bin/../lib/gcc/arm-none-eabi/12.3.1/../../../../arm-none-eabi/lib/thumb/v8-m.main+fp/hard\libc_nano.a(libc_a-nano-vfprintf.o)
 .rodata._printf_i.str1.1
                0x08009c71       0x22 C:/ST/STM32CubeIDE_1.11.0/STM32CubeIDE/plugins/com.st.stm32cube.ide.mcu.externaltools.gnu-tools-for-stm32.12.3.rel1.win32_1.0.200.202406191623/tools/bin/../lib/gcc/arm-none-eabi/12.3.1/../../../../arm-none-eabi/lib/thumb/v8-m.main+fp/hard\libc_nano.a(libc_a-nano-vfprintf_i.o)

.ARM.extab
 *(.ARM.extab* .gnu.linkonce.armextab.*)

.ARM            0x08009c93        0x0
                0x08009c93                        __exidx_start = .
 *(.ARM.exidx*)
                0x08009c93                        __exidx_end = .

.preinit_array  0x08009c93        0x0
                0x08009c93                        PROVIDE (__preinit_array_start = .)
 *(.preinit_array*)
                0x08009c93                        PROVIDE (__preinit_array_end = .)

.init_array     0x08009c94        0x8
                0x08009c94                        PROVIDE (__init_array_start = .)
 *(SORT_BY_NAME(.init_array.*))
 *(.init_array*)
 .init_array    0x08009c94        0x4 C:/ST/STM32CubeIDE_1.11.0/STM32CubeIDE/plugins/com.st.stm32cube.ide.mcu.externaltools.gnu-tools-for-stm32.12.3.rel1.win32_1.0.200.202406191623/tools/bin/../lib/gcc/arm-none-eabi/12.3.1/thumb/v8-m.main+fp/hard/crtbegin.o
 .init_array    0x08009c98        0x4 ./Core/Src/main.o
                0x08009c9c                        PROVIDE (__init_array_end = .)

.fini_array     0x08009c9c        0x8
                [!provide]                        PROVIDE (__fini_array_start = .)
 *(SORT_BY_NAME(.fini_array.*))
 *(.fini_array*)
 .fini_array    0x08009c9c        0x4 C:/ST/STM32CubeIDE_1.11.0/STM32CubeIDE/plugins/com.st.stm32cube.ide.mcu.externaltools.gnu-tools-for-stm32.12.3.rel1.win32_1.0.200.202406191623/tools/bin/../lib/gcc/arm-none-eabi/12.3.1/thumb/v8-m.main+fp/hard/crtbegin.o
 .fini_array    0x08009ca0        0x4 ./Core/Src/main.o
                [!provide]                        PROVIDE (__fini_array_end = .)
                0x08009ca4                        _sidata = LOADADDR (.data)

.rel.dyn        0x08009ca4        0x0
 .rel.iplt      0x08009ca4        0x0 C:/ST/STM32CubeIDE_1.11.0/STM32CubeIDE/plugins/com.st.stm32cube.ide.mcu.externaltools.gnu-tools-for-stm32.12.3.rel1.win32_1.0.200.202406191623/tools/bin/../lib/gcc/arm-none-eabi/12.3.1/thumb/v8-m.main+fp/hard/crtbegin.o

.data           0x20000000       0x78 load address 0x08009ca4
                0x20000000                        _sdata = .
 *(.data)
 *(.data*)
 .data.running_device
                0x20000000        0x1 ./Core/Src/main.o
                0x20000000                running_device
 .data.NPG      0x20000001        0x1 ./Core/Src/main.o
                0x20000001                NPG
 *fill*         0x20000002        0x2 
 .data._ZZ4mainE21defatult_dwt_txconfig
                0x20000004        0xc ./Core/Src/main.o
 .data.SystemCoreClock
                0x20000010        0x4 ./Core/Src/system_stm32u5xx.o
                0x20000010                SystemCoreClock
 .data.uwTickPrio
                0x20000014        0x4 ./Drivers/STM32U5xx_HAL_Driver/Src/stm32u5xx_hal.o
                0x20000014                uwTickPrio
 .data.uwTickFreq
                0x20000018        0x1 ./Drivers/STM32U5xx_HAL_Driver/Src/stm32u5xx_hal.o
                0x20000018                uwTickFreq
 *fill*         0x20000019        0x3 
 .data.__sglue  0x2000001c        0xc C:/ST/STM32CubeIDE_1.11.0/STM32CubeIDE/plugins/com.st.stm32cube.ide.mcu.externaltools.gnu-tools-for-stm32.12.3.rel1.win32_1.0.200.202406191623/tools/bin/../lib/gcc/arm-none-eabi/12.3.1/../../../../arm-none-eabi/lib/thumb/v8-m.main+fp/hard\libc_nano.a(libc_a-findfp.o)
                0x2000001c                __sglue
 .data._impure_ptr
                0x20000028        0x4 C:/ST/STM32CubeIDE_1.11.0/STM32CubeIDE/plugins/com.st.stm32cube.ide.mcu.externaltools.gnu-tools-for-stm32.12.3.rel1.win32_1.0.200.202406191623/tools/bin/../lib/gcc/arm-none-eabi/12.3.1/../../../../arm-none-eabi/lib/thumb/v8-m.main+fp/hard\libc_nano.a(libc_a-impure.o)
                0x20000028                _impure_ptr
 .data._impure_data
                0x2000002c       0x4c C:/ST/STM32CubeIDE_1.11.0/STM32CubeIDE/plugins/com.st.stm32cube.ide.mcu.externaltools.gnu-tools-for-stm32.12.3.rel1.win32_1.0.200.202406191623/tools/bin/../lib/gcc/arm-none-eabi/12.3.1/../../../../arm-none-eabi/lib/thumb/v8-m.main+fp/hard\libc_nano.a(libc_a-impure.o)
                0x2000002c                _impure_data
 *(.RamFunc)
 *(.RamFunc*)
                0x20000078                        _edata = .

.igot.plt       0x20000078        0x0 load address 0x08009d1c
 .igot.plt      0x20000078        0x0 C:/ST/STM32CubeIDE_1.11.0/STM32CubeIDE/plugins/com.st.stm32cube.ide.mcu.externaltools.gnu-tools-for-stm32.12.3.rel1.win32_1.0.200.202406191623/tools/bin/../lib/gcc/arm-none-eabi/12.3.1/thumb/v8-m.main+fp/hard/crtbegin.o

.bss            0x20000078      0x40e load address 0x08009d1c
                0x20000078                        _sbss = .
                0x20000078                        __bss_start__ = _sbss
 *(.bss)
 .bss           0x20000078       0x1c C:/ST/STM32CubeIDE_1.11.0/STM32CubeIDE/plugins/com.st.stm32cube.ide.mcu.externaltools.gnu-tools-for-stm32.12.3.rel1.win32_1.0.200.202406191623/tools/bin/../lib/gcc/arm-none-eabi/12.3.1/thumb/v8-m.main+fp/hard/crtbegin.o
 *(.bss*)
 .bss.tag       0x20000094        0x4 ./Core/Src/main.o
                0x20000094                tag
 .bss.hw        0x20000098       0x14 ./Core/Src/main.o
                0x20000098                hw
 .bss.pdw3000local
                0x200000ac        0x4 ./Core/Src/main.o
                0x200000ac                pdw3000local
 .bss.crcTable  0x200000b0      0x100 ./Core/Src/main.o
                0x200000b0                crcTable
 .bss.tag_status
                0x200001b0        0x1 ./Core/Src/main.o
                0x200001b0                tag_status
 *fill*         0x200001b1        0x3 
 .bss.hi2c1     0x200001b4       0x54 ./Core/Src/main.o
                0x200001b4                hi2c1
 .bss.hspi2     0x20000208       0x90 ./Core/Src/main.o
                0x20000208                hspi2
 .bss.htim2     0x20000298       0x4c ./Core/Src/main.o
                0x20000298                htim2
 .bss.flags     0x200002e4        0x1 ./Core/Src/main.o
                0x200002e4                flags
 *fill*         0x200002e5        0x3 
 .bss.NCE       0x200002e8        0x8 ./Core/Src/main.o
                0x200002e8                NCE
 .bss.NLP       0x200002f0        0x8 ./Core/Src/main.o
                0x200002f0                NLP
 .bss.MR        0x200002f8        0x8 ./Core/Src/main.o
                0x200002f8                MR
 .bss.pins      0x20000300        0x8 ./Core/Src/main.o
                0x20000300                pins
 .bss.battery_charger
                0x20000308       0x2c ./Core/Src/main.o
                0x20000308                battery_charger
 .bss.__sbrk_heap_end
                0x20000334        0x4 ./Core/Src/sysmem.o
 .bss.uwTick    0x20000338        0x4 ./Drivers/STM32U5xx_HAL_Driver/Src/stm32u5xx_hal.o
                0x20000338                uwTick
 .bss.__malloc_sbrk_start
                0x2000033c        0x4 C:/ST/STM32CubeIDE_1.11.0/STM32CubeIDE/plugins/com.st.stm32cube.ide.mcu.externaltools.gnu-tools-for-stm32.12.3.rel1.win32_1.0.200.202406191623/tools/bin/../lib/gcc/arm-none-eabi/12.3.1/../../../../arm-none-eabi/lib/thumb/v8-m.main+fp/hard\libc_nano.a(libc_a-mallocr.o)
                0x2000033c                __malloc_sbrk_start
 .bss.__malloc_free_list
                0x20000340        0x4 C:/ST/STM32CubeIDE_1.11.0/STM32CubeIDE/plugins/com.st.stm32cube.ide.mcu.externaltools.gnu-tools-for-stm32.12.3.rel1.win32_1.0.200.202406191623/tools/bin/../lib/gcc/arm-none-eabi/12.3.1/../../../../arm-none-eabi/lib/thumb/v8-m.main+fp/hard\libc_nano.a(libc_a-mallocr.o)
                0x20000340                __malloc_free_list
 .bss.__sf      0x20000344      0x138 C:/ST/STM32CubeIDE_1.11.0/STM32CubeIDE/plugins/com.st.stm32cube.ide.mcu.externaltools.gnu-tools-for-stm32.12.3.rel1.win32_1.0.200.202406191623/tools/bin/../lib/gcc/arm-none-eabi/12.3.1/../../../../arm-none-eabi/lib/thumb/v8-m.main+fp/hard\libc_nano.a(libc_a-findfp.o)
                0x20000344                __sf
 .bss.__stdio_exit_handler
                0x2000047c        0x4 C:/ST/STM32CubeIDE_1.11.0/STM32CubeIDE/plugins/com.st.stm32cube.ide.mcu.externaltools.gnu-tools-for-stm32.12.3.rel1.win32_1.0.200.202406191623/tools/bin/../lib/gcc/arm-none-eabi/12.3.1/../../../../arm-none-eabi/lib/thumb/v8-m.main+fp/hard\libc_nano.a(libc_a-findfp.o)
                0x2000047c                __stdio_exit_handler
 .bss.errno     0x20000480        0x4 C:/ST/STM32CubeIDE_1.11.0/STM32CubeIDE/plugins/com.st.stm32cube.ide.mcu.externaltools.gnu-tools-for-stm32.12.3.rel1.win32_1.0.200.202406191623/tools/bin/../lib/gcc/arm-none-eabi/12.3.1/../../../../arm-none-eabi/lib/thumb/v8-m.main+fp/hard\libc_nano.a(libc_a-reent.o)
                0x20000480                errno
 .bss.__lock___malloc_recursive_mutex
                0x20000484        0x1 C:/ST/STM32CubeIDE_1.11.0/STM32CubeIDE/plugins/com.st.stm32cube.ide.mcu.externaltools.gnu-tools-for-stm32.12.3.rel1.win32_1.0.200.202406191623/tools/bin/../lib/gcc/arm-none-eabi/12.3.1/../../../../arm-none-eabi/lib/thumb/v8-m.main+fp/hard\libc_nano.a(libc_a-lock.o)
                0x20000484                __lock___malloc_recursive_mutex
 .bss.__lock___sfp_recursive_mutex
                0x20000485        0x1 C:/ST/STM32CubeIDE_1.11.0/STM32CubeIDE/plugins/com.st.stm32cube.ide.mcu.externaltools.gnu-tools-for-stm32.12.3.rel1.win32_1.0.200.202406191623/tools/bin/../lib/gcc/arm-none-eabi/12.3.1/../../../../arm-none-eabi/lib/thumb/v8-m.main+fp/hard\libc_nano.a(libc_a-lock.o)
                0x20000485                __lock___sfp_recursive_mutex
 *(COMMON)
                0x20000486                        _ebss = .
                0x20000486                        __bss_end__ = _ebss

._user_heap_stack
                0x20000486      0x602 load address 0x08009d1c
                0x20000488                        . = ALIGN (0x8)
 *fill*         0x20000486        0x2 
                [!provide]                        PROVIDE (end = .)
                0x20000488                        PROVIDE (_end = .)
                0x20000688                        . = (. + _Min_Heap_Size)
 *fill*         0x20000488      0x200 
                0x20000a88                        . = (. + _Min_Stack_Size)
 *fill*         0x20000688      0x400 
                0x20000a88                        . = ALIGN (0x8)

/DISCARD/
 libc.a(*)
 libm.a(*)
 libgcc.a(*)

.ARM.attributes
                0x00000000       0x36
 *(.ARM.attributes)
 .ARM.attributes
                0x00000000       0x26 C:/ST/STM32CubeIDE_1.11.0/STM32CubeIDE/plugins/com.st.stm32cube.ide.mcu.externaltools.gnu-tools-for-stm32.12.3.rel1.win32_1.0.200.202406191623/tools/bin/../lib/gcc/arm-none-eabi/12.3.1/thumb/v8-m.main+fp/hard/crti.o
 .ARM.attributes
                0x00000026       0x38 C:/ST/STM32CubeIDE_1.11.0/STM32CubeIDE/plugins/com.st.stm32cube.ide.mcu.externaltools.gnu-tools-for-stm32.12.3.rel1.win32_1.0.200.202406191623/tools/bin/../lib/gcc/arm-none-eabi/12.3.1/thumb/v8-m.main+fp/hard/crtbegin.o
 .ARM.attributes
                0x0000005e       0x3a ./Core/Src/Gpio.o
 .ARM.attributes
                0x00000098       0x3a ./Core/Src/GpioHandler.o
 .ARM.attributes
                0x000000d2       0x3a ./Core/Src/bq25150.o
 .ARM.attributes
                0x0000010c       0x3a ./Core/Src/human_tag.o
 .ARM.attributes
                0x00000146       0x3a ./Core/Src/main.o
 .ARM.attributes
                0x00000180       0x3a ./Core/Src/stm32u5xx_hal_msp.o
 .ARM.attributes
                0x000001ba       0x3a ./Core/Src/stm32u5xx_it.o
 .ARM.attributes
                0x000001f4       0x3a ./Core/Src/syscalls.o
 .ARM.attributes
                0x0000022e       0x3a ./Core/Src/sysmem.o
 .ARM.attributes
                0x00000268       0x3a ./Core/Src/system_stm32u5xx.o
 .ARM.attributes
                0x000002a2       0x3a ./Core/Src/uwb3000Fxx.o
 .ARM.attributes
                0x000002dc       0x24 ./Core/Startup/startup_stm32u535vetxq.o
 .ARM.attributes
                0x00000300       0x3a ./Drivers/STM32U5xx_HAL_Driver/Src/stm32u5xx_hal.o
 .ARM.attributes
                0x0000033a       0x3a ./Drivers/STM32U5xx_HAL_Driver/Src/stm32u5xx_hal_cortex.o
 .ARM.attributes
                0x00000374       0x3a ./Drivers/STM32U5xx_HAL_Driver/Src/stm32u5xx_hal_flash.o
 .ARM.attributes
                0x000003ae       0x3a ./Drivers/STM32U5xx_HAL_Driver/Src/stm32u5xx_hal_gpio.o
 .ARM.attributes
                0x000003e8       0x3a ./Drivers/STM32U5xx_HAL_Driver/Src/stm32u5xx_hal_i2c.o
 .ARM.attributes
                0x00000422       0x3a ./Drivers/STM32U5xx_HAL_Driver/Src/stm32u5xx_hal_i2c_ex.o
 .ARM.attributes
                0x0000045c       0x3a ./Drivers/STM32U5xx_HAL_Driver/Src/stm32u5xx_hal_pwr_ex.o
 .ARM.attributes
                0x00000496       0x3a ./Drivers/STM32U5xx_HAL_Driver/Src/stm32u5xx_hal_rcc.o
 .ARM.attributes
                0x000004d0       0x3a ./Drivers/STM32U5xx_HAL_Driver/Src/stm32u5xx_hal_rcc_ex.o
 .ARM.attributes
                0x0000050a       0x3a ./Drivers/STM32U5xx_HAL_Driver/Src/stm32u5xx_hal_spi.o
 .ARM.attributes
                0x00000544       0x3a ./Drivers/STM32U5xx_HAL_Driver/Src/stm32u5xx_hal_spi_ex.o
 .ARM.attributes
                0x0000057e       0x3a ./Drivers/STM32U5xx_HAL_Driver/Src/stm32u5xx_hal_tim.o
 .ARM.attributes
                0x000005b8       0x3a ./Drivers/STM32U5xx_HAL_Driver/Src/stm32u5xx_hal_tim_ex.o
 .ARM.attributes
                0x000005f2       0x38 C:/ST/STM32CubeIDE_1.11.0/STM32CubeIDE/plugins/com.st.stm32cube.ide.mcu.externaltools.gnu-tools-for-stm32.12.3.rel1.win32_1.0.200.202406191623/tools/bin/../lib/gcc/arm-none-eabi/12.3.1/../../../../arm-none-eabi/lib/thumb/v8-m.main+fp/hard\libstdc++_nano.a(del_ops.o)
 .ARM.attributes
                0x0000062a       0x38 C:/ST/STM32CubeIDE_1.11.0/STM32CubeIDE/plugins/com.st.stm32cube.ide.mcu.externaltools.gnu-tools-for-stm32.12.3.rel1.win32_1.0.200.202406191623/tools/bin/../lib/gcc/arm-none-eabi/12.3.1/../../../../arm-none-eabi/lib/thumb/v8-m.main+fp/hard\libstdc++_nano.a(del_op.o)
 .ARM.attributes
                0x00000662       0x38 C:/ST/STM32CubeIDE_1.11.0/STM32CubeIDE/plugins/com.st.stm32cube.ide.mcu.externaltools.gnu-tools-for-stm32.12.3.rel1.win32_1.0.200.202406191623/tools/bin/../lib/gcc/arm-none-eabi/12.3.1/../../../../arm-none-eabi/lib/thumb/v8-m.main+fp/hard\libc_nano.a(libc_a-assert.o)
 .ARM.attributes
                0x0000069a       0x38 C:/ST/STM32CubeIDE_1.11.0/STM32CubeIDE/plugins/com.st.stm32cube.ide.mcu.externaltools.gnu-tools-for-stm32.12.3.rel1.win32_1.0.200.202406191623/tools/bin/../lib/gcc/arm-none-eabi/12.3.1/../../../../arm-none-eabi/lib/thumb/v8-m.main+fp/hard\libc_nano.a(libc_a-malloc.o)
 .ARM.attributes
                0x000006d2       0x38 C:/ST/STM32CubeIDE_1.11.0/STM32CubeIDE/plugins/com.st.stm32cube.ide.mcu.externaltools.gnu-tools-for-stm32.12.3.rel1.win32_1.0.200.202406191623/tools/bin/../lib/gcc/arm-none-eabi/12.3.1/../../../../arm-none-eabi/lib/thumb/v8-m.main+fp/hard\libc_nano.a(libc_a-mallocr.o)
 .ARM.attributes
                0x0000070a       0x38 C:/ST/STM32CubeIDE_1.11.0/STM32CubeIDE/plugins/com.st.stm32cube.ide.mcu.externaltools.gnu-tools-for-stm32.12.3.rel1.win32_1.0.200.202406191623/tools/bin/../lib/gcc/arm-none-eabi/12.3.1/../../../../arm-none-eabi/lib/thumb/v8-m.main+fp/hard\libc_nano.a(libc_a-mlock.o)
 .ARM.attributes
                0x00000742       0x38 C:/ST/STM32CubeIDE_1.11.0/STM32CubeIDE/plugins/com.st.stm32cube.ide.mcu.externaltools.gnu-tools-for-stm32.12.3.rel1.win32_1.0.200.202406191623/tools/bin/../lib/gcc/arm-none-eabi/12.3.1/../../../../arm-none-eabi/lib/thumb/v8-m.main+fp/hard\libc_nano.a(libc_a-findfp.o)
 .ARM.attributes
                0x0000077a       0x38 C:/ST/STM32CubeIDE_1.11.0/STM32CubeIDE/plugins/com.st.stm32cube.ide.mcu.externaltools.gnu-tools-for-stm32.12.3.rel1.win32_1.0.200.202406191623/tools/bin/../lib/gcc/arm-none-eabi/12.3.1/../../../../arm-none-eabi/lib/thumb/v8-m.main+fp/hard\libc_nano.a(libc_a-fprintf.o)
 .ARM.attributes
                0x000007b2       0x38 C:/ST/STM32CubeIDE_1.11.0/STM32CubeIDE/plugins/com.st.stm32cube.ide.mcu.externaltools.gnu-tools-for-stm32.12.3.rel1.win32_1.0.200.202406191623/tools/bin/../lib/gcc/arm-none-eabi/12.3.1/../../../../arm-none-eabi/lib/thumb/v8-m.main+fp/hard\libc_nano.a(libc_a-fwalk.o)
 .ARM.attributes
                0x000007ea       0x38 C:/ST/STM32CubeIDE_1.11.0/STM32CubeIDE/plugins/com.st.stm32cube.ide.mcu.externaltools.gnu-tools-for-stm32.12.3.rel1.win32_1.0.200.202406191623/tools/bin/../lib/gcc/arm-none-eabi/12.3.1/../../../../arm-none-eabi/lib/thumb/v8-m.main+fp/hard\libc_nano.a(libc_a-stdio.o)
 .ARM.attributes
                0x00000822       0x38 C:/ST/STM32CubeIDE_1.11.0/STM32CubeIDE/plugins/com.st.stm32cube.ide.mcu.externaltools.gnu-tools-for-stm32.12.3.rel1.win32_1.0.200.202406191623/tools/bin/../lib/gcc/arm-none-eabi/12.3.1/../../../../arm-none-eabi/lib/thumb/v8-m.main+fp/hard\libc_nano.a(libc_a-memset.o)
 .ARM.attributes
                0x0000085a       0x38 C:/ST/STM32CubeIDE_1.11.0/STM32CubeIDE/plugins/com.st.stm32cube.ide.mcu.externaltools.gnu-tools-for-stm32.12.3.rel1.win32_1.0.200.202406191623/tools/bin/../lib/gcc/arm-none-eabi/12.3.1/../../../../arm-none-eabi/lib/thumb/v8-m.main+fp/hard\libc_nano.a(libc_a-closer.o)
 .ARM.attributes
                0x00000892       0x38 C:/ST/STM32CubeIDE_1.11.0/STM32CubeIDE/plugins/com.st.stm32cube.ide.mcu.externaltools.gnu-tools-for-stm32.12.3.rel1.win32_1.0.200.202406191623/tools/bin/../lib/gcc/arm-none-eabi/12.3.1/../../../../arm-none-eabi/lib/thumb/v8-m.main+fp/hard\libc_nano.a(libc_a-reent.o)
 .ARM.attributes
                0x000008ca       0x38 C:/ST/STM32CubeIDE_1.11.0/STM32CubeIDE/plugins/com.st.stm32cube.ide.mcu.externaltools.gnu-tools-for-stm32.12.3.rel1.win32_1.0.200.202406191623/tools/bin/../lib/gcc/arm-none-eabi/12.3.1/../../../../arm-none-eabi/lib/thumb/v8-m.main+fp/hard\libc_nano.a(libc_a-impure.o)
 .ARM.attributes
                0x00000902       0x38 C:/ST/STM32CubeIDE_1.11.0/STM32CubeIDE/plugins/com.st.stm32cube.ide.mcu.externaltools.gnu-tools-for-stm32.12.3.rel1.win32_1.0.200.202406191623/tools/bin/../lib/gcc/arm-none-eabi/12.3.1/../../../../arm-none-eabi/lib/thumb/v8-m.main+fp/hard\libc_nano.a(libc_a-lseekr.o)
 .ARM.attributes
                0x0000093a       0x38 C:/ST/STM32CubeIDE_1.11.0/STM32CubeIDE/plugins/com.st.stm32cube.ide.mcu.externaltools.gnu-tools-for-stm32.12.3.rel1.win32_1.0.200.202406191623/tools/bin/../lib/gcc/arm-none-eabi/12.3.1/../../../../arm-none-eabi/lib/thumb/v8-m.main+fp/hard\libc_nano.a(libc_a-readr.o)
 .ARM.attributes
                0x00000972       0x38 C:/ST/STM32CubeIDE_1.11.0/STM32CubeIDE/plugins/com.st.stm32cube.ide.mcu.externaltools.gnu-tools-for-stm32.12.3.rel1.win32_1.0.200.202406191623/tools/bin/../lib/gcc/arm-none-eabi/12.3.1/../../../../arm-none-eabi/lib/thumb/v8-m.main+fp/hard\libc_nano.a(libc_a-sbrkr.o)
 .ARM.attributes
                0x000009aa       0x38 C:/ST/STM32CubeIDE_1.11.0/STM32CubeIDE/plugins/com.st.stm32cube.ide.mcu.externaltools.gnu-tools-for-stm32.12.3.rel1.win32_1.0.200.202406191623/tools/bin/../lib/gcc/arm-none-eabi/12.3.1/../../../../arm-none-eabi/lib/thumb/v8-m.main+fp/hard\libc_nano.a(libc_a-writer.o)
 .ARM.attributes
                0x000009e2       0x38 C:/ST/STM32CubeIDE_1.11.0/STM32CubeIDE/plugins/com.st.stm32cube.ide.mcu.externaltools.gnu-tools-for-stm32.12.3.rel1.win32_1.0.200.202406191623/tools/bin/../lib/gcc/arm-none-eabi/12.3.1/../../../../arm-none-eabi/lib/thumb/v8-m.main+fp/hard\libc_nano.a(libc_a-errno.o)
 .ARM.attributes
                0x00000a1a       0x38 C:/ST/STM32CubeIDE_1.11.0/STM32CubeIDE/plugins/com.st.stm32cube.ide.mcu.externaltools.gnu-tools-for-stm32.12.3.rel1.win32_1.0.200.202406191623/tools/bin/../lib/gcc/arm-none-eabi/12.3.1/../../../../arm-none-eabi/lib/thumb/v8-m.main+fp/hard\libc_nano.a(libc_a-init.o)
 .ARM.attributes
                0x00000a52       0x38 C:/ST/STM32CubeIDE_1.11.0/STM32CubeIDE/plugins/com.st.stm32cube.ide.mcu.externaltools.gnu-tools-for-stm32.12.3.rel1.win32_1.0.200.202406191623/tools/bin/../lib/gcc/arm-none-eabi/12.3.1/../../../../arm-none-eabi/lib/thumb/v8-m.main+fp/hard\libc_nano.a(libc_a-lock.o)
 .ARM.attributes
                0x00000a8a       0x38 C:/ST/STM32CubeIDE_1.11.0/STM32CubeIDE/plugins/com.st.stm32cube.ide.mcu.externaltools.gnu-tools-for-stm32.12.3.rel1.win32_1.0.200.202406191623/tools/bin/../lib/gcc/arm-none-eabi/12.3.1/../../../../arm-none-eabi/lib/thumb/v8-m.main+fp/hard\libc_nano.a(libc_a-abort.o)
 .ARM.attributes
                0x00000ac2       0x38 C:/ST/STM32CubeIDE_1.11.0/STM32CubeIDE/plugins/com.st.stm32cube.ide.mcu.externaltools.gnu-tools-for-stm32.12.3.rel1.win32_1.0.200.202406191623/tools/bin/../lib/gcc/arm-none-eabi/12.3.1/../../../../arm-none-eabi/lib/thumb/v8-m.main+fp/hard\libc_nano.a(libc_a-freer.o)
 .ARM.attributes
                0x00000afa       0x38 C:/ST/STM32CubeIDE_1.11.0/STM32CubeIDE/plugins/com.st.stm32cube.ide.mcu.externaltools.gnu-tools-for-stm32.12.3.rel1.win32_1.0.200.202406191623/tools/bin/../lib/gcc/arm-none-eabi/12.3.1/../../../../arm-none-eabi/lib/thumb/v8-m.main+fp/hard\libc_nano.a(libc_a-nano-vfprintf.o)
 .ARM.attributes
                0x00000b32       0x38 C:/ST/STM32CubeIDE_1.11.0/STM32CubeIDE/plugins/com.st.stm32cube.ide.mcu.externaltools.gnu-tools-for-stm32.12.3.rel1.win32_1.0.200.202406191623/tools/bin/../lib/gcc/arm-none-eabi/12.3.1/../../../../arm-none-eabi/lib/thumb/v8-m.main+fp/hard\libc_nano.a(libc_a-nano-vfprintf_i.o)
 .ARM.attributes
                0x00000b6a       0x38 C:/ST/STM32CubeIDE_1.11.0/STM32CubeIDE/plugins/com.st.stm32cube.ide.mcu.externaltools.gnu-tools-for-stm32.12.3.rel1.win32_1.0.200.202406191623/tools/bin/../lib/gcc/arm-none-eabi/12.3.1/../../../../arm-none-eabi/lib/thumb/v8-m.main+fp/hard\libc_nano.a(libc_a-fflush.o)
 .ARM.attributes
                0x00000ba2       0x38 C:/ST/STM32CubeIDE_1.11.0/STM32CubeIDE/plugins/com.st.stm32cube.ide.mcu.externaltools.gnu-tools-for-stm32.12.3.rel1.win32_1.0.200.202406191623/tools/bin/../lib/gcc/arm-none-eabi/12.3.1/../../../../arm-none-eabi/lib/thumb/v8-m.main+fp/hard\libc_nano.a(libc_a-wbuf.o)
 .ARM.attributes
                0x00000bda       0x38 C:/ST/STM32CubeIDE_1.11.0/STM32CubeIDE/plugins/com.st.stm32cube.ide.mcu.externaltools.gnu-tools-for-stm32.12.3.rel1.win32_1.0.200.202406191623/tools/bin/../lib/gcc/arm-none-eabi/12.3.1/../../../../arm-none-eabi/lib/thumb/v8-m.main+fp/hard\libc_nano.a(libc_a-wsetup.o)
 .ARM.attributes
                0x00000c12       0x38 C:/ST/STM32CubeIDE_1.11.0/STM32CubeIDE/plugins/com.st.stm32cube.ide.mcu.externaltools.gnu-tools-for-stm32.12.3.rel1.win32_1.0.200.202406191623/tools/bin/../lib/gcc/arm-none-eabi/12.3.1/../../../../arm-none-eabi/lib/thumb/v8-m.main+fp/hard\libc_nano.a(libc_a-signal.o)
 .ARM.attributes
                0x00000c4a       0x38 C:/ST/STM32CubeIDE_1.11.0/STM32CubeIDE/plugins/com.st.stm32cube.ide.mcu.externaltools.gnu-tools-for-stm32.12.3.rel1.win32_1.0.200.202406191623/tools/bin/../lib/gcc/arm-none-eabi/12.3.1/../../../../arm-none-eabi/lib/thumb/v8-m.main+fp/hard\libc_nano.a(libc_a-signalr.o)
 .ARM.attributes
                0x00000c82       0x38 C:/ST/STM32CubeIDE_1.11.0/STM32CubeIDE/plugins/com.st.stm32cube.ide.mcu.externaltools.gnu-tools-for-stm32.12.3.rel1.win32_1.0.200.202406191623/tools/bin/../lib/gcc/arm-none-eabi/12.3.1/../../../../arm-none-eabi/lib/thumb/v8-m.main+fp/hard\libc_nano.a(libc_a-memchr-stub.o)
 .ARM.attributes
                0x00000cba       0x38 C:/ST/STM32CubeIDE_1.11.0/STM32CubeIDE/plugins/com.st.stm32cube.ide.mcu.externaltools.gnu-tools-for-stm32.12.3.rel1.win32_1.0.200.202406191623/tools/bin/../lib/gcc/arm-none-eabi/12.3.1/../../../../arm-none-eabi/lib/thumb/v8-m.main+fp/hard\libc_nano.a(libc_a-makebuf.o)
 .ARM.attributes
                0x00000cf2       0x38 C:/ST/STM32CubeIDE_1.11.0/STM32CubeIDE/plugins/com.st.stm32cube.ide.mcu.externaltools.gnu-tools-for-stm32.12.3.rel1.win32_1.0.200.202406191623/tools/bin/../lib/gcc/arm-none-eabi/12.3.1/../../../../arm-none-eabi/lib/thumb/v8-m.main+fp/hard\libc_nano.a(libc_a-fstatr.o)
 .ARM.attributes
                0x00000d2a       0x38 C:/ST/STM32CubeIDE_1.11.0/STM32CubeIDE/plugins/com.st.stm32cube.ide.mcu.externaltools.gnu-tools-for-stm32.12.3.rel1.win32_1.0.200.202406191623/tools/bin/../lib/gcc/arm-none-eabi/12.3.1/../../../../arm-none-eabi/lib/thumb/v8-m.main+fp/hard\libc_nano.a(libc_a-isattyr.o)
 .ARM.attributes
                0x00000d62       0x26 C:/ST/STM32CubeIDE_1.11.0/STM32CubeIDE/plugins/com.st.stm32cube.ide.mcu.externaltools.gnu-tools-for-stm32.12.3.rel1.win32_1.0.200.202406191623/tools/bin/../lib/gcc/arm-none-eabi/12.3.1/thumb/v8-m.main+fp/hard/crtn.o
OUTPUT(testcpp.elf elf32-littlearm)
LOAD linker stubs
LOAD C:/ST/STM32CubeIDE_1.11.0/STM32CubeIDE/plugins/com.st.stm32cube.ide.mcu.externaltools.gnu-tools-for-stm32.12.3.rel1.win32_1.0.200.202406191623/tools/bin/../lib/gcc/arm-none-eabi/12.3.1/../../../../arm-none-eabi/lib/thumb/v8-m.main+fp/hard\libc.a
LOAD C:/ST/STM32CubeIDE_1.11.0/STM32CubeIDE/plugins/com.st.stm32cube.ide.mcu.externaltools.gnu-tools-for-stm32.12.3.rel1.win32_1.0.200.202406191623/tools/bin/../lib/gcc/arm-none-eabi/12.3.1/../../../../arm-none-eabi/lib/thumb/v8-m.main+fp/hard\libm.a
LOAD C:/ST/STM32CubeIDE_1.11.0/STM32CubeIDE/plugins/com.st.stm32cube.ide.mcu.externaltools.gnu-tools-for-stm32.12.3.rel1.win32_1.0.200.202406191623/tools/bin/../lib/gcc/arm-none-eabi/12.3.1/thumb/v8-m.main+fp/hard\libgcc.a

.debug_info     0x00000000    0x22189
 .debug_info    0x00000000     0x16d0 ./Core/Src/Gpio.o
 .debug_info    0x000016d0     0x1974 ./Core/Src/GpioHandler.o
 .debug_info    0x00003044     0x228a ./Core/Src/bq25150.o
 .debug_info    0x000052ce      0xb01 ./Core/Src/human_tag.o
 .debug_info    0x00005dcf     0x4791 ./Core/Src/main.o
 .debug_info    0x0000a560     0x1c86 ./Core/Src/stm32u5xx_hal_msp.o
 .debug_info    0x0000c1e6      0x9b8 ./Core/Src/stm32u5xx_it.o
 .debug_info    0x0000cb9e      0x6a3 ./Core/Src/syscalls.o
 .debug_info    0x0000d241      0x168 ./Core/Src/sysmem.o
 .debug_info    0x0000d3a9      0x929 ./Core/Src/system_stm32u5xx.o
 .debug_info    0x0000dcd2     0x3e1f ./Core/Src/uwb3000Fxx.o
 .debug_info    0x00011af1       0x30 ./Core/Startup/startup_stm32u535vetxq.o
 .debug_info    0x00011b21     0x10f5 ./Drivers/STM32U5xx_HAL_Driver/Src/stm32u5xx_hal.o
 .debug_info    0x00012c16     0x15f8 ./Drivers/STM32U5xx_HAL_Driver/Src/stm32u5xx_hal_cortex.o
 .debug_info    0x0001420e      0x80e ./Drivers/STM32U5xx_HAL_Driver/Src/stm32u5xx_hal_flash.o