../Core/Src/human_tag.c:16:6:setDutyCycle	32	static
../Core/Src/human_tag.c:27:14:process_first_tag_information	64	static
../Core/Src/human_tag.c:89:14:process_queried_tag_information	40	static
../Core/Src/human_tag.c:120:14:process_response	104	static
../Core/Src/human_tag.c:158:14:send_message_with_timestamps	112	static
../Core/Src/human_tag.c:207:10:send_response_with_timestamps	104	static
../Core/Src/human_tag.c:260:9:read_human_tag_first_message	24	static
../Core/Src/human_tag.c:360:10:create_message_and_alloc_buffer	80	static
../Core/Src/human_tag.c:419:6:start_tag_reception_inmediate	16	static
../Core/Src/human_tag.c:432:14:wait_rx_data	24	static
../Core/Src/human_tag.c:481:10:allocate_and_read_received_frame	24	static
../Core/Src/human_tag.c:509:5:start_transmission_delayed_with_response_expected	8	static
../Core/Src/human_tag.c:548:6:sleep_config	16	static
