../Core/Src/main.cpp:107:5:int main()	128	static
../Core/Src/main.cpp:356:6:void SystemClock_Config()	128	static
../Core/Src/main.cpp:411:13:void MX_FLASH_Init()	8	static
../Core/Src/main.cpp:440:13:void MX_I2C1_Init()	8	static
../Core/Src/main.cpp:488:13:void MX_SPI2_Init()	24	static
../Core/Src/main.cpp:545:13:void MX_TIM2_Init()	40	static
../Core/Src/main.cpp:590:13:void MX_TIM3_Init()	40	static
../Core/Src/main.cpp:638:13:void MX_GPIO_Init()	48	static
../Core/Src/main.cpp:707:6:void HAL_TIM_PeriodElapsedCallback(TIM_HandleTypeDef*)	16	static
../Core/Src/main.cpp:749:6:void Error_Handler()	4	static,ignoring_inline_asm
../Core/Inc/bq25150.hpp:18:7:Bq25155::~Bq25155()	16	static
../Core/Src/main.cpp:758:1:void __static_initialization_and_destruction_0(int, int)	40	static
../Core/Src/main.cpp:758:1:cpp)	8	static
../Core/Src/main.cpp:758:1:cpp)	8	static
