../Core/Src/main.cpp:107:6:void Led_OnOff(const Gpio&, Ws2812Color*, PcbLed&, bool)	32	static
../Core/Src/main.cpp:123:6:void sleep_in_out(dwt_config_t, dwt_txconfig_t, dwt_local_data_t, uint8_t)	40	static
../Core/Src/main.cpp:149:5:int main()	1840	static
../Core/Src/main.cpp:406:6:void SystemClock_Config()	128	static
../Core/Src/main.cpp:460:13:void MX_FLASH_Init()	8	static
../Core/Src/main.cpp:486:13:void MX_GPDMA1_Init()	16	static
../Core/Src/main.cpp:513:13:void MX_I2C1_Init()	8	static
../Core/Src/main.cpp:558:13:void MX_LPTIM1_Init()	8	static
../Core/Src/main.cpp:591:13:void MX_LPTIM3_Init()	8	static
../Core/Src/main.cpp:624:13:void MX_SPI2_Init()	24	static
../Core/Src/main.cpp:681:13:void MX_TIM3_Init()	64	static
../Core/Src/main.cpp:737:13:void MX_GPIO_Init()	48	static
../Core/Src/main.cpp:838:6:void HAL_LPTIM_CompareMatchCallback(LPTIM_HandleTypeDef*)	16	static
../Core/Src/main.cpp:843:6:void HAL_TIM_PWM_PulseFinishedCallback(TIM_HandleTypeDef*)	16	static
../Core/Src/main.cpp:847:6:void HAL_GPIO_EXTI_Falling_Callback(uint16_t)	16	static
../Core/Src/main.cpp:856:6:void HAL_GPIO_EXTI_Rising_Callback(uint16_t)	16	static
../Core/Src/main.cpp:866:6:void Error_Handler()	4	static,ignoring_inline_asm
../Core/Inc/bq25150.hpp:81:7:Bq25155::~Bq25155()	16	static
../Core/Src/main.cpp:873:1:void __static_initialization_and_destruction_0(int, int)	40	static
../Core/Src/main.cpp:873:1:cpp)	8	static
../Core/Src/main.cpp:873:1:cpp)	8	static
