../Core/Src/main.cpp:101:5:int main()	120	static
../Core/Src/main.cpp:320:6:void SystemClock_Config()	128	static
../Core/Src/main.cpp:375:13:void MX_FLASH_Init()	8	static
../Core/Src/main.cpp:404:13:void MX_I2C1_Init()	8	static
../Core/Src/main.cpp:452:13:void MX_SPI2_Init()	24	static
../Core/Src/main.cpp:509:13:void MX_TIM2_Init()	40	static
../Core/Src/main.cpp:556:13:void MX_GPIO_Init()	48	static
../Core/Src/main.cpp:631:6:void HAL_TIM_PeriodElapsedCallback(TIM_HandleTypeDef*)	16	static
../Core/Src/main.cpp:646:6:void HAL_GPIO_EXTI_Falling_Callback(uint16_t)	16	static
../Core/Src/main.cpp:657:6:void Error_Handler()	4	static,ignoring_inline_asm
../Core/Inc/bq25150.hpp:18:7:Bq25155::~Bq25155()	16	static
../Core/Src/main.cpp:666:1:void __static_initialization_and_destruction_0(int, int)	40	static
../Core/Src/main.cpp:666:1:cpp)	8	static
../Core/Src/main.cpp:666:1:cpp)	8	static
