../Core/Src/main.cpp:107:5:int main()	128	static
../Core/Src/main.cpp:372:6:void SystemClock_Config()	128	static
../Core/Src/main.cpp:429:13:void MX_FLASH_Init()	8	static
../Core/Src/main.cpp:458:13:void MX_I2C1_Init()	8	static
../Core/Src/main.cpp:506:13:void MX_LPTIM1_Init()	8	static
../Core/Src/main.cpp:541:13:void MX_LPTIM3_Init()	8	static
../Core/Src/main.cpp:576:13:void MX_SPI2_Init()	24	static
../Core/Src/main.cpp:724:13:void MX_GPIO_Init()	48	static
../Core/Src/main.cpp:794:7:void HAL_LPTIM_CompareMatchCallback(LPTIM_HandleTypeDef*)	16	static
../Core/Src/main.cpp:836:6:void Error_Handler()	4	static,ignoring_inline_asm
../Core/Inc/bq25150.hpp:18:7:Bq25155::~Bq25155()	16	static
../Core/Src/main.cpp:845:1:void __static_initialization_and_destruction_0(int, int)	40	static
../Core/Src/main.cpp:845:1:cpp)	8	static
../Core/Src/main.cpp:845:1:cpp)	8	static
